Archive member included to satisfy reference by file (symbol)

C:/ST/STM32CubeIDE_1.17.0/STM32CubeIDE/plugins/com.st.stm32cube.ide.mcu.externaltools.gnu-tools-for-stm32.12.3.rel1.win32_1.1.0.202410251130/tools/bin/../lib/gcc/arm-none-eabi/12.3.1/../../../../arm-none-eabi/lib/thumb/v7e-m+fp/hard\libc_nano.a(libc_a-exit.o)
                              C:/ST/STM32CubeIDE_1.17.0/STM32CubeIDE/plugins/com.st.stm32cube.ide.mcu.externaltools.gnu-tools-for-stm32.12.3.rel1.win32_1.1.0.202410251130/tools/bin/../lib/gcc/arm-none-eabi/12.3.1/../../../../arm-none-eabi/lib/thumb/v7e-m+fp/hard/crt0.o (exit)
C:/ST/STM32CubeIDE_1.17.0/STM32CubeIDE/plugins/com.st.stm32cube.ide.mcu.externaltools.gnu-tools-for-stm32.12.3.rel1.win32_1.1.0.202410251130/tools/bin/../lib/gcc/arm-none-eabi/12.3.1/../../../../arm-none-eabi/lib/thumb/v7e-m+fp/hard\libc_nano.a(libc_a-strtol.o)
                              ./Core/Src/main.o (strtol)
C:/ST/STM32CubeIDE_1.17.0/STM32CubeIDE/plugins/com.st.stm32cube.ide.mcu.externaltools.gnu-tools-for-stm32.12.3.rel1.win32_1.1.0.202410251130/tools/bin/../lib/gcc/arm-none-eabi/12.3.1/../../../../arm-none-eabi/lib/thumb/v7e-m+fp/hard\libc_nano.a(libc_a-ctype_.o)
                              C:/ST/STM32CubeIDE_1.17.0/STM32CubeIDE/plugins/com.st.stm32cube.ide.mcu.externaltools.gnu-tools-for-stm32.12.3.rel1.win32_1.1.0.202410251130/tools/bin/../lib/gcc/arm-none-eabi/12.3.1/../../../../arm-none-eabi/lib/thumb/v7e-m+fp/hard\libc_nano.a(libc_a-strtol.o) (_ctype_)
C:/ST/STM32CubeIDE_1.17.0/STM32CubeIDE/plugins/com.st.stm32cube.ide.mcu.externaltools.gnu-tools-for-stm32.12.3.rel1.win32_1.1.0.202410251130/tools/bin/../lib/gcc/arm-none-eabi/12.3.1/../../../../arm-none-eabi/lib/thumb/v7e-m+fp/hard\libc_nano.a(libc_a-findfp.o)
                              C:/ST/STM32CubeIDE_1.17.0/STM32CubeIDE/plugins/com.st.stm32cube.ide.mcu.externaltools.gnu-tools-for-stm32.12.3.rel1.win32_1.1.0.202410251130/tools/bin/../lib/gcc/arm-none-eabi/12.3.1/../../../../arm-none-eabi/lib/thumb/v7e-m+fp/hard\libc_nano.a(libc_a-exit.o) (__stdio_exit_handler)
C:/ST/STM32CubeIDE_1.17.0/STM32CubeIDE/plugins/com.st.stm32cube.ide.mcu.externaltools.gnu-tools-for-stm32.12.3.rel1.win32_1.1.0.202410251130/tools/bin/../lib/gcc/arm-none-eabi/12.3.1/../../../../arm-none-eabi/lib/thumb/v7e-m+fp/hard\libc_nano.a(libc_a-fwalk.o)
                              C:/ST/STM32CubeIDE_1.17.0/STM32CubeIDE/plugins/com.st.stm32cube.ide.mcu.externaltools.gnu-tools-for-stm32.12.3.rel1.win32_1.1.0.202410251130/tools/bin/../lib/gcc/arm-none-eabi/12.3.1/../../../../arm-none-eabi/lib/thumb/v7e-m+fp/hard\libc_nano.a(libc_a-findfp.o) (_fwalk_sglue)
C:/ST/STM32CubeIDE_1.17.0/STM32CubeIDE/plugins/com.st.stm32cube.ide.mcu.externaltools.gnu-tools-for-stm32.12.3.rel1.win32_1.1.0.202410251130/tools/bin/../lib/gcc/arm-none-eabi/12.3.1/../../../../arm-none-eabi/lib/thumb/v7e-m+fp/hard\libc_nano.a(libc_a-snprintf.o)
                              ./Core/Src/main.o (snprintf)
C:/ST/STM32CubeIDE_1.17.0/STM32CubeIDE/plugins/com.st.stm32cube.ide.mcu.externaltools.gnu-tools-for-stm32.12.3.rel1.win32_1.1.0.202410251130/tools/bin/../lib/gcc/arm-none-eabi/12.3.1/../../../../arm-none-eabi/lib/thumb/v7e-m+fp/hard\libc_nano.a(libc_a-stdio.o)
                              C:/ST/STM32CubeIDE_1.17.0/STM32CubeIDE/plugins/com.st.stm32cube.ide.mcu.externaltools.gnu-tools-for-stm32.12.3.rel1.win32_1.1.0.202410251130/tools/bin/../lib/gcc/arm-none-eabi/12.3.1/../../../../arm-none-eabi/lib/thumb/v7e-m+fp/hard\libc_nano.a(libc_a-findfp.o) (__sread)
C:/ST/STM32CubeIDE_1.17.0/STM32CubeIDE/plugins/com.st.stm32cube.ide.mcu.externaltools.gnu-tools-for-stm32.12.3.rel1.win32_1.1.0.202410251130/tools/bin/../lib/gcc/arm-none-eabi/12.3.1/../../../../arm-none-eabi/lib/thumb/v7e-m+fp/hard\libc_nano.a(libc_a-memset.o)
                              C:/ST/STM32CubeIDE_1.17.0/STM32CubeIDE/plugins/com.st.stm32cube.ide.mcu.externaltools.gnu-tools-for-stm32.12.3.rel1.win32_1.1.0.202410251130/tools/bin/../lib/gcc/arm-none-eabi/12.3.1/../../../../arm-none-eabi/lib/thumb/v7e-m+fp/hard/crt0.o (memset)
C:/ST/STM32CubeIDE_1.17.0/STM32CubeIDE/plugins/com.st.stm32cube.ide.mcu.externaltools.gnu-tools-for-stm32.12.3.rel1.win32_1.1.0.202410251130/tools/bin/../lib/gcc/arm-none-eabi/12.3.1/../../../../arm-none-eabi/lib/thumb/v7e-m+fp/hard\libc_nano.a(libc_a-strchr.o)
                              ./Core/Src/main.o (strchr)
C:/ST/STM32CubeIDE_1.17.0/STM32CubeIDE/plugins/com.st.stm32cube.ide.mcu.externaltools.gnu-tools-for-stm32.12.3.rel1.win32_1.1.0.202410251130/tools/bin/../lib/gcc/arm-none-eabi/12.3.1/../../../../arm-none-eabi/lib/thumb/v7e-m+fp/hard\libc_nano.a(libc_a-strstr.o)
                              ./Core/Src/main.o (strstr)
C:/ST/STM32CubeIDE_1.17.0/STM32CubeIDE/plugins/com.st.stm32cube.ide.mcu.externaltools.gnu-tools-for-stm32.12.3.rel1.win32_1.1.0.202410251130/tools/bin/../lib/gcc/arm-none-eabi/12.3.1/../../../../arm-none-eabi/lib/thumb/v7e-m+fp/hard\libc_nano.a(libc_a-closer.o)
[...]
Memory Configuration

Name             Origin             Length             Attributes
RAM              0x20000000         0x00020000         xrw
FLASH            0x08000000         0x00080000         xr
*default*        0x00000000         0xffffffff

Linker script and memory map

LOAD C:/ST/STM32CubeIDE_1.17.0/STM32CubeIDE/plugins/com.st.stm32cube.ide.mcu.externaltools.gnu-tools-for-stm32.12.3.rel1.win32_1.1.0.202410251130/tools/bin/../lib/gcc/arm-none-eabi/12.3.1/thumb/v7e-m+fp/hard/crti.o
LOAD C:/ST/STM32CubeIDE_1.17.0/STM32CubeIDE/plugins/com.st.stm32cube.ide.mcu.externaltools.gnu-tools-for-stm32.12.3.rel1.win32_1.1.0.202410251130/tools/bin/../lib/gcc/arm-none-eabi/12.3.1/thumb/v7e-m+fp/hard/crtbegin.o
LOAD C:/ST/STM32CubeIDE_1.17.0/STM32CubeIDE/plugins/com.st.stm32cube.ide.mcu.externaltools.gnu-tools-for-stm32.12.3.rel1.win32_1.1.0.202410251130/tools/bin/../lib/gcc/arm-none-eabi/12.3.1/../../../../arm-none-eabi/lib/thumb/v7e-m+fp/hard/crt0.o
LOAD ./Core/Src/ILI9341/ILI9341_GFX.o
LOAD ./Core/Src/ILI9341/ILI9341_STM32_Driver.o
LOAD ./Core/Src/VL53L0X/core/src/vl53l0x_api.o
LOAD ./Core/Src/VL53L0X/core/src/vl53l0x_api_calibration.o
LOAD ./Core/Src/VL53L0X/core/src/vl53l0x_api_core.o
LOAD ./Core/Src/VL53L0X/core/src/vl53l0x_api_ranging.o
LOAD ./Core/Src/VL53L0X/core/src/vl53l0x_api_strings.o
LOAD ./Core/Src/VL53L0X/platform/src/vl53l0x_platform.o
LOAD ./Core/Src/VL53L0X/platform/src/vl53l0x_platform_log.o
LOAD ./Core/Src/main.o
LOAD ./Core/Src/rng.o
LOAD ./Core/Src/stm32f4xx_hal_msp.o
LOAD ./Core/Src/stm32f4xx_it.o
LOAD ./Core/Src/syscalls.o
LOAD ./Core/Src/sysmem.o
LOAD ./Core/Src/system_stm32f4xx.o
LOAD ./Core/Startup/startup_stm32f411vetx.o
LOAD ./Drivers/STM32F4xx_HAL_Driver/Src/stm32f4xx_hal.o
LOAD ./Drivers/STM32F4xx_HAL_Driver/Src/stm32f4xx_hal_cortex.o
LOAD ./Drivers/STM32F4xx_HAL_Driver/Src/stm32f4xx_hal_dma.o
LOAD ./Drivers/STM32F4xx_HAL_Driver/Src/stm32f4xx_hal_dma_ex.o
LOAD ./Drivers/STM32F4xx_HAL_Driver/Src/stm32f4xx_hal_exti.o
LOAD ./Drivers/STM32F4xx_HAL_Driver/Src/stm32f4xx_hal_flash.o
LOAD ./Drivers/STM32F4xx_HAL_Driver/Src/stm32f4xx_hal_flash_ex.o
LOAD ./Drivers/STM32F4xx_HAL_Driver/Src/stm32f4xx_hal_flash_ramfunc.o
LOAD ./Drivers/STM32F4xx_HAL_Driver/Src/stm32f4xx_hal_gpio.o
LOAD ./Drivers/STM32F4xx_HAL_Driver/Src/stm32f4xx_hal_i2c.o
LOAD ./Drivers/STM32F4xx_HAL_Driver/Src/stm32f4xx_hal_i2c_ex.o
LOAD ./Drivers/STM32F4xx_HAL_Driver/Src/stm32f4xx_hal_pcd.o
LOAD ./Drivers/STM32F4xx_HAL_Driver/Src/stm32f4xx_hal_pcd_ex.o
LOAD ./Drivers/STM32F4xx_HAL_Driver/Src/stm32f4xx_hal_pwr.o
LOAD ./Drivers/STM32F4xx_HAL_Driver/Src/stm32f4xx_hal_pwr_ex.o
LOAD ./Drivers/STM32F4xx_HAL_Driver/Src/stm32f4xx_hal_rcc.o
LOAD ./Drivers/STM32F4xx_HAL_Driver/Src/stm32f4xx_hal_rcc_ex.o
LOAD ./Drivers/STM32F4xx_HAL_Driver/Src/stm32f4xx_hal_spi.o
LOAD ./Drivers/STM32F4xx_HAL_Driver/Src/stm32f4xx_hal_uart.o
LOAD ./Drivers/STM32F4xx_HAL_Driver/Src/stm32f4xx_ll_usb.o
LOAD ./Middlewares/ST/STM32_USB_Device_Library/Class/CDC/Src/usbd_cdc.o
LOAD ./Middlewares/ST/STM32_USB_Device_Library/Core/Src/usbd_core.o
LOAD ./Middlewares/ST/STM32_USB_Device_Library/Core/Src/usbd_ctlreq.o
LOAD ./Middlewares/ST/STM32_USB_Device_Library/Core/Src/usbd_ioreq.o
LOAD ./USB_DEVICE/App/usb_device.o
LOAD ./USB_DEVICE/App/usbd_cdc_if.o
LOAD ./USB_DEVICE/App/usbd_desc.o
LOAD ./USB_DEVICE/Target/usbd_conf.o
START GROUP
LOAD C:/ST/STM32CubeIDE_1.17.0/STM32CubeIDE/plugins/com.st.stm32cube.ide.mcu.externaltools.gnu-tools-for-stm32.12.3.rel1.win32_1.1.0.202410251130/tools/bin/../lib/gcc/arm-none-eabi/12.3.1/../../../../arm-none-eabi/lib/thumb/v7e-m+fp/hard\libc_nano.a
LOAD C:/ST/STM32CubeIDE_1.17.0/STM32CubeIDE/plugins/com.st.stm32cube.ide.mcu.externaltools.gnu-tools-for-stm32.12.3.rel1.win32_1.1.0.202410251130/tools/bin/../lib/gcc/arm-none-eabi/12.3.1/../../../../arm-none-eabi/lib/thumb/v7e-m+fp/hard\libm.a
END GROUP
START GROUP
LOAD C:/ST/STM32CubeIDE_1.17.0/STM32CubeIDE/plugins/com.st.stm32cube.ide.mcu.externaltools.gnu-tools-for-stm32.12.3.rel1.win32_1.1.0.202410251130/tools/bin/../lib/gcc/arm-none-eabi/12.3.1/thumb/v7e-m+fp/hard\libgcc.a
LOAD C:/ST/STM32CubeIDE_1.17.0/STM32CubeIDE/plugins/com.st.stm32cube.ide.mcu.externaltools.gnu-tools-for-stm32.12.3.rel1.win32_1.1.0.202410251130/tools/bin/../lib/gcc/arm-none-eabi/12.3.1/../../../../arm-none-eabi/lib/thumb/v7e-m+fp/hard\libc_nano.a
END GROUP
START GROUP
LOAD C:/ST/STM32CubeIDE_1.17.0/STM32CubeIDE/plugins/com.st.stm32cube.ide.mcu.externaltools.gnu-tools-for-stm32.12.3.rel1.win32_1.1.0.202410251130/tools/bin/../lib/gcc/arm-none-eabi/12.3.1/thumb/v7e-m+fp/hard\libgcc.a
LOAD C:/ST/STM32CubeIDE_1.17.0/STM32CubeIDE/plugins/com.st.stm32cube.ide.mcu.externaltools.gnu-tools-for-stm32.12.3.rel1.win32_1.1.0.202410251130/tools/bin/../lib/gcc/arm-none-eabi/12.3.1/../../../../arm-none-eabi/lib/thumb/v7e-m+fp/hard\libc_nano.a
LOAD C:/ST/STM32CubeIDE_1.17.0/STM32CubeIDE/plugins/com.st.stm32cube.ide.mcu.externaltools.gnu-tools-for-stm32.12.3.rel1.win32_1.1.0.202410251130/tools/bin/../lib/gcc/arm-none-eabi/12.3.1/../../../../arm-none-eabi/lib/thumb/v7e-m+fp/hard\libnosys.a
END GROUP
START GROUP
LOAD C:/ST/STM32CubeIDE_1.17.0/STM32CubeIDE/plugins/com.st.stm32cube.ide.mcu.externaltools.gnu-tools-for-stm32.12.3.rel1.win32_1.1.0.202410251130/tools/bin/../lib/gcc/arm-none-eabi/12.3.1/thumb/v7e-m+fp/hard\libgcc.a
LOAD C:/ST/STM32CubeIDE_1.17.0/STM32CubeIDE/plugins/com.st.stm32cube.ide.mcu.externaltools.gnu-tools-for-stm32.12.3.rel1.win32_1.1.0.202410251130/tools/bin/../lib/gcc/arm-none-eabi/12.3.1/../../../../arm-none-eabi/lib/thumb/v7e-m+fp/hard\libc_nano.a
LOAD C:/ST/STM32CubeIDE_1.17.0/STM32CubeIDE/plugins/com.st.stm32cube.ide.mcu.externaltools.gnu-tools-for-stm32.12.3.rel1.win32_1.1.0.202410251130/tools/bin/../lib/gcc/arm-none-eabi/12.3.1/../../../../arm-none-eabi/lib/thumb/v7e-m+fp/hard\libnosys.a
END GROUP
LOAD C:/ST/STM32CubeIDE_1.17.0/STM32CubeIDE/plugins/com.st.stm32cube.ide.mcu.externaltools.gnu-tools-for-stm32.12.3.rel1.win32_1.1.0.202410251130/tools/bin/../lib/gcc/arm-none-eabi/12.3.1/thumb/v7e-m+fp/hard/crtend.o
LOAD C:/ST/STM32CubeIDE_1.17.0/STM32CubeIDE/plugins/com.st.stm32cube.ide.mcu.externaltools.gnu-tools-for-stm32.12.3.rel1.win32_1.1.0.202410251130/tools/bin/../lib/gcc/arm-none-eabi/12.3.1/thumb/v7e-m+fp/hard/crtn.o
                0x20020000                        _estack = (ORIGIN (RAM) + LENGTH (RAM))
                0x00000200                        _Min_Heap_Size = 0x200
                0x00000400                        _Min_Stack_Size = 0x400

.isr_vector     0x08000000      0x198
                0x08000000                        . = ALIGN (0x4)
 *(.isr_vector)
 .isr_vector    0x08000000      0x198 ./Core/Startup/startup_stm32f411vetx.o
                0x08000000                g_pfnVectors
                0x08000198                        . = ALIGN (0x4)

.text           0x080001a0    0x11f94
                0x080001a0                        . = ALIGN (0x4)
 *(.text)
 .text          0x080001a0       0x40 C:/ST/STM32CubeIDE_1.17.0/STM32CubeIDE/plugins/com.st.stm32cube.ide.mcu.externaltools.gnu-tools-for-stm32.12.3.rel1.win32_1.1.0.202410251130/tools/bin/../lib/gcc/arm-none-eabi/12.3.1/thumb/v7e-m+fp/hard/crtbegin.o
 .text          0x080001e0       0x14 C:/ST/STM32CubeIDE_1.17.0/STM32CubeIDE/plugins/com.st.stm32cube.ide.mcu.externaltools.gnu-tools-for-stm32.12.3.rel1.win32_1.1.0.202410251130/tools/bin/../lib/gcc/arm-none-eabi/12.3.1/../../../../arm-none-eabi/lib/thumb/v7e-m+fp/hard\libc_nano.a(libc_a-strcmp.o)
                0x080001e0                strcmp
 .text          0x080001f4       0x10 C:/ST/STM32CubeIDE_1.17.0/STM32CubeIDE/plugins/com.st.stm32cube.ide.mcu.externaltools.gnu-tools-for-stm32.12.3.rel1.win32_1.1.0.202410251130/tools/bin/../lib/gcc/arm-none-eabi/12.3.1/../../../../arm-none-eabi/lib/thumb/v7e-m+fp/hard\libc_nano.a(libc_a-strlen.o)
                0x080001f4                strlen
 *fill*         0x08000204        0xc 
 .text          0x08000210       0xa0 C:/ST/STM32CubeIDE_1.17.0/STM32CubeIDE/plugins/com.st.stm32cube.ide.mcu.externaltools.gnu-tools-for-stm32.12.3.rel1.win32_1.1.0.202410251130/tools/bin/../lib/gcc/arm-none-eabi/12.3.1/../../../../arm-none-eabi/lib/thumb/v7e-m+fp/hard\libc_nano.a(libc_a-memchr.o)
                0x08000210                memchr
 .text          0x080002b0       0x30 C:/ST/STM32CubeIDE_1.17.0/STM32CubeIDE/plugins/com.st.stm32cube.ide.mcu.externaltools.gnu-tools-for-stm32.12.3.rel1.win32_1.1.0.202410251130/tools/bin/../lib/gcc/arm-none-eabi/12.3.1/thumb/v7e-m+fp/hard\libgcc.a(_aeabi_uldivmod.o)
                0x080002b0                __aeabi_uldivmod
 .text          0x080002e0      0x2bc C:/ST/STM32CubeIDE_1.17.0/STM32CubeIDE/plugins/com.st.stm32cube.ide.mcu.externaltools.gnu-tools-for-stm32.12.3.rel1.win32_1.1.0.202410251130/tools/bin/../lib/gcc/arm-none-eabi/12.3.1/thumb/v7e-m+fp/hard\libgcc.a(_udivmoddi4.o)
                0x080002e0                __udivmoddi4
 .text          0x0800059c        0x4 C:/ST/STM32CubeIDE_1.17.0/STM32CubeIDE/plugins/com.st.stm32cube.ide.mcu.externaltools.gnu-tools-for-stm32.12.3.rel1.win32_1.1.0.202410251130/tools/bin/../lib/gcc/arm-none-eabi/12.3.1/thumb/v7e-m+fp/hard\libgcc.a(_dvmd_tls.o)
                0x0800059c                __aeabi_idiv0
                0x0800059c                __aeabi_ldiv0
 *(.text*)
 .text.ILI9341_Draw_Char
                0x080005a0      0x128 ./Core/Src/ILI9341/ILI9341_GFX.o
                0x080005a0                ILI9341_Draw_Char
 .text.ILI9341_Draw_Text
                0x080006c8       0x5c ./Core/Src/ILI9341/ILI9341_GFX.o
                0x080006c8                ILI9341_Draw_Text
 .text.ILI9341_SPI_Init
                0x08000724       0x20 ./Core/Src/ILI9341/ILI9341_STM32_Driver.o
                0x08000724                ILI9341_SPI_Init
 .text.ILI9341_SPI_Send
                0x08000744       0x24 ./Core/Src/ILI9341/ILI9341_STM32_Driver.o
                0x08000744                ILI9341_SPI_Send
 .text.ILI9341_Write_Command
                0x08000768       0x3c ./Core/Src/ILI9341/ILI9341_STM32_Driver.o
                0x08000768                ILI9341_Write_Command
 .text.ILI9341_Write_Data
                0x080007a4       0x3c ./Core/Src/ILI9341/ILI9341_STM32_Driver.o
                0x080007a4                ILI9341_Write_Data
 .text.ILI9341_Set_Address
                0x080007e0       0x98 ./Core/Src/ILI9341/ILI9341_STM32_Driver.o
                0x080007e0                ILI9341_Set_Address
 .text.ILI9341_Reset
                0x08000878       0x38 ./Core/Src/ILI9341/ILI9341_STM32_Driver.o
                0x08000878                ILI9341_Reset
 .text.ILI9341_Set_Rotation
                0x080008b0       0xa4 ./Core/Src/ILI9341/ILI9341_STM32_Driver.o
                0x080008b0                ILI9341_Set_Rotation
 .text.ILI9341_Enable
                0x08000954       0x18 ./Core/Src/ILI9341/ILI9341_STM32_Driver.o
                0x08000954                ILI9341_Enable
 .text.ILI9341_Init
                0x0800096c      0x21a ./Core/Src/ILI9341/ILI9341_STM32_Driver.o
                0x0800096c                ILI9341_Init
 *fill*         0x08000b86        0x2 
 .text.ILI9341_Draw_Colour_Burst
                0x08000b88      0x134 ./Core/Src/ILI9341/ILI9341_STM32_Driver.o
                0x08000b88                ILI9341_Draw_Colour_Burst
 .text.ILI9341_Fill_Screen
                0x08000cbc       0x4c ./Core/Src/ILI9341/ILI9341_STM32_Driver.o
                0x08000cbc                ILI9341_Fill_Screen
 .text.ILI9341_Draw_Pixel
                0x08000d08      0x190 ./Core/Src/ILI9341/ILI9341_STM32_Driver.o
                0x08000d08                ILI9341_Draw_Pixel
 .text.ILI9341_Draw_Rectangle
                0x08000e98       0xb8 ./Core/Src/ILI9341/ILI9341_STM32_Driver.o
                0x08000e98                ILI9341_Draw_Rectangle
 .text.VL53L0X_GetOffsetCalibrationDataMicroMeter
                0x08000f50       0x26 ./Core/Src/VL53L0X/core/src/vl53l0x_api.o
                0x08000f50                VL53L0X_GetOffsetCalibrationDataMicroMeter
 *fill*         0x08000f76        0x2 
 .text.VL53L0X_DataInit
                0x08000f78      0x2c8 ./Core/Src/VL53L0X/core/src/vl53l0x_api.o
                0x08000f78                VL53L0X_DataInit
 .text.VL53L0X_StaticInit
                0x08001240      0x300 ./Core/Src/VL53L0X/core/src/vl53l0x_api.o
                0x08001240                VL53L0X_StaticInit
 .text.VL53L0X_WaitDeviceBooted
                0x08001540       0x1c ./Core/Src/VL53L0X/core/src/vl53l0x_api.o
                0x08001540                VL53L0X_WaitDeviceBooted
 .text.VL53L0X_GetDeviceParameters
                0x0800155c      0x120 ./Core/Src/VL53L0X/core/src/vl53l0x_api.o
                0x0800155c                VL53L0X_GetDeviceParameters
 .text.VL53L0X_SetDeviceMode
                0x0800167c       0x58 ./Core/Src/VL53L0X/core/src/vl53l0x_api.o
                0x0800167c                VL53L0X_SetDeviceMode
 .text.VL53L0X_GetDeviceMode
                0x080016d4       0x26 ./Core/Src/VL53L0X/core/src/vl53l0x_api.o
                0x080016d4                VL53L0X_GetDeviceMode
 .text.VL53L0X_GetFractionEnable
                0x080016fa       0x3e ./Core/Src/VL53L0X/core/src/vl53l0x_api.o
                0x080016fa                VL53L0X_GetFractionEnable
 .text.VL53L0X_SetMeasurementTimingBudgetMicroSeconds
                0x08001738       0x26 ./Core/Src/VL53L0X/core/src/vl53l0x_api.o
                0x08001738                VL53L0X_SetMeasurementTimingBudgetMicroSeconds
 .text.VL53L0X_GetMeasurementTimingBudgetMicroSeconds
                0x0800175e       0x26 ./Core/Src/VL53L0X/core/src/vl53l0x_api.o
                0x0800175e                VL53L0X_GetMeasurementTimingBudgetMicroSeconds
 .text.VL53L0X_SetVcselPulsePeriod
                0x08001784       0x30 ./Core/Src/VL53L0X/core/src/vl53l0x_api.o
                0x08001784                VL53L0X_SetVcselPulsePeriod
 .text.VL53L0X_GetVcselPulsePeriod
                0x080017b4       0x2e ./Core/Src/VL53L0X/core/src/vl53l0x_api.o
                0x080017b4                VL53L0X_GetVcselPulsePeriod
 *fill*         0x080017e2        0x2 
 .text.VL53L0X_SetSequenceStepEnable
                0x080017e4      0x140 ./Core/Src/VL53L0X/core/src/vl53l0x_api.o
                0x080017e4                VL53L0X_SetSequenceStepEnable
 .text.sequence_step_enabled
                0x08001924       0xa4 ./Core/Src/VL53L0X/core/src/vl53l0x_api.o
                0x08001924                sequence_step_enabled
 .text.VL53L0X_GetSequenceStepEnables
                0x080019c8       0xb0 ./Core/Src/VL53L0X/core/src/vl53l0x_api.o
                0x080019c8                VL53L0X_GetSequenceStepEnables
 .text.VL53L0X_GetInterMeasurementPeriodMilliSeconds
                0x08001a78       0x68 ./Core/Src/VL53L0X/core/src/vl53l0x_api.o
                0x08001a78                VL53L0X_GetInterMeasurementPeriodMilliSeconds
 .text.VL53L0X_GetXTalkCompensationEnable
                0x08001ae0       0x2a ./Core/Src/VL53L0X/core/src/vl53l0x_api.o
                0x08001ae0                VL53L0X_GetXTalkCompensationEnable
 .text.VL53L0X_GetXTalkCompensationRateMegaCps
                0x08001b0a       0x66 ./Core/Src/VL53L0X/core/src/vl53l0x_api.o
                0x08001b0a                VL53L0X_GetXTalkCompensationRateMegaCps
 .text.VL53L0X_SetLimitCheckEnable
                0x08001b70      0x118 ./Core/Src/VL53L0X/core/src/vl53l0x_api.o
                0x08001b70                VL53L0X_SetLimitCheckEnable
 .text.VL53L0X_GetLimitCheckEnable
                0x08001c88       0x46 ./Core/Src/VL53L0X/core/src/vl53l0x_api.o
                0x08001c88                VL53L0X_GetLimitCheckEnable
 *fill*         0x08001cce        0x2 
 .text.VL53L0X_SetLimitCheckValue
                0x08001cd0       0xc4 ./Core/Src/VL53L0X/core/src/vl53l0x_api.o
                0x08001cd0                VL53L0X_SetLimitCheckValue
 .text.VL53L0X_GetLimitCheckValue
                0x08001d94      0x11c ./Core/Src/VL53L0X/core/src/vl53l0x_api.o
                0x08001d94                VL53L0X_GetLimitCheckValue
 .text.VL53L0X_GetWrapAroundCheckEnable
                0x08001eb0       0x64 ./Core/Src/VL53L0X/core/src/vl53l0x_api.o
                0x08001eb0                VL53L0X_GetWrapAroundCheckEnable
 .text.VL53L0X_PerformSingleMeasurement
                0x08001f14       0x68 ./Core/Src/VL53L0X/core/src/vl53l0x_api.o
                0x08001f14                VL53L0X_PerformSingleMeasurement
 .text.VL53L0X_PerformRefCalibration
                0x08001f7c       0x2c ./Core/Src/VL53L0X/core/src/vl53l0x_api.o
                0x08001f7c                VL53L0X_PerformRefCalibration
 .text.VL53L0X_CheckAndLoadInterruptSettings
                0x08001fa8       0xcc ./Core/Src/VL53L0X/core/src/vl53l0x_api.o
                0x08001fa8                VL53L0X_CheckAndLoadInterruptSettings
 .text.VL53L0X_StartMeasurement
                0x08002074      0x184 ./Core/Src/VL53L0X/core/src/vl53l0x_api.o
                0x08002074                VL53L0X_StartMeasurement
 .text.VL53L0X_GetMeasurementDataReady
                0x080021f8       0x80 ./Core/Src/VL53L0X/core/src/vl53l0x_api.o
                0x080021f8                VL53L0X_GetMeasurementDataReady
 .text.VL53L0X_GetRangingMeasurementData
                0x08002278      0x238 ./Core/Src/VL53L0X/core/src/vl53l0x_api.o
                0x08002278                VL53L0X_GetRangingMeasurementData
 .text.VL53L0X_PerformSingleRangingMeasurement
                0x080024b0       0x60 ./Core/Src/VL53L0X/core/src/vl53l0x_api.o
                0x080024b0                VL53L0X_PerformSingleRangingMeasurement
 .text.VL53L0X_SetGpioConfig
                0x08002510      0x244 ./Core/Src/VL53L0X/core/src/vl53l0x_api.o
                0x08002510                VL53L0X_SetGpioConfig
 .text.VL53L0X_GetInterruptThresholds
                0x08002754       0x68 ./Core/Src/VL53L0X/core/src/vl53l0x_api.o
                0x08002754                VL53L0X_GetInterruptThresholds
 .text.VL53L0X_ClearInterruptMask
                0x080027bc       0x80 ./Core/Src/VL53L0X/core/src/vl53l0x_api.o
                0x080027bc                VL53L0X_ClearInterruptMask
 .text.VL53L0X_GetInterruptMaskStatus
                0x0800283c       0x44 ./Core/Src/VL53L0X/core/src/vl53l0x_api.o
                0x0800283c                VL53L0X_GetInterruptMaskStatus
 .text.VL53L0X_PerformRefSpadManagement
                0x08002880       0x2a ./Core/Src/VL53L0X/core/src/vl53l0x_api.o
                0x08002880                VL53L0X_PerformRefSpadManagement
 .text.VL53L0X_get_offset_calibration_data_micro_meter
                0x080028aa       0x7e ./Core/Src/VL53L0X/core/src/vl53l0x_api_calibration.o
                0x080028aa                VL53L0X_get_offset_calibration_data_micro_meter
 .text.get_next_good_spad
                0x08002928       0xbc ./Core/Src/VL53L0X/core/src/vl53l0x_api_calibration.o
                0x08002928                get_next_good_spad
 .text.is_aperture
                0x080029e4       0x34 ./Core/Src/VL53L0X/core/src/vl53l0x_api_calibration.o
                0x080029e4                is_aperture
 .text.enable_spad_bit
                0x08002a18       0x70 ./Core/Src/VL53L0X/core/src/vl53l0x_api_calibration.o
                0x08002a18                enable_spad_bit
 .text.set_ref_spad_map
                0x08002a88       0x26 ./Core/Src/VL53L0X/core/src/vl53l0x_api_calibration.o
                0x08002a88                set_ref_spad_map
 .text.get_ref_spad_map
                0x08002aae       0x26 ./Core/Src/VL53L0X/core/src/vl53l0x_api_calibration.o
                0x08002aae                get_ref_spad_map
 .text.enable_ref_spads
                0x08002ad4       0xf8 ./Core/Src/VL53L0X/core/src/vl53l0x_api_calibration.o
                0x08002ad4                enable_ref_spads
 .text.perform_ref_signal_measurement
                0x08002bcc       0xd4 ./Core/Src/VL53L0X/core/src/vl53l0x_api_calibration.o
                0x08002bcc                perform_ref_signal_measurement
 .text.VL53L0X_perform_ref_spad_management
                0x08002ca0      0x418 ./Core/Src/VL53L0X/core/src/vl53l0x_api_calibration.o
                0x08002ca0                VL53L0X_perform_ref_spad_management
 .text.VL53L0X_set_reference_spads
                0x080030b8      0x14a ./Core/Src/VL53L0X/core/src/vl53l0x_api_calibration.o
                0x080030b8                VL53L0X_set_reference_spads
 .text.VL53L0X_perform_single_ref_calibration
                0x08003202       0x76 ./Core/Src/VL53L0X/core/src/vl53l0x_api_calibration.o
                0x08003202                VL53L0X_perform_single_ref_calibration
 .text.VL53L0X_ref_calibration_io
                0x08003278      0x132 ./Core/Src/VL53L0X/core/src/vl53l0x_api_calibration.o
                0x08003278                VL53L0X_ref_calibration_io
 .text.VL53L0X_perform_vhv_calibration
                0x080033aa       0xce ./Core/Src/VL53L0X/core/src/vl53l0x_api_calibration.o
                0x080033aa                VL53L0X_perform_vhv_calibration
 .text.VL53L0X_perform_phase_calibration
                0x08003478       0xca ./Core/Src/VL53L0X/core/src/vl53l0x_api_calibration.o
                0x08003478                VL53L0X_perform_phase_calibration
 .text.VL53L0X_perform_ref_calibration
                0x08003542       0x7a ./Core/Src/VL53L0X/core/src/vl53l0x_api_calibration.o
                0x08003542                VL53L0X_perform_ref_calibration
 .text.VL53L0X_measurement_poll_for_completion
                0x080035bc       0x60 ./Core/Src/VL53L0X/core/src/vl53l0x_api_core.o
                0x080035bc                VL53L0X_measurement_poll_for_completion
 .text.VL53L0X_decode_vcsel_period
                0x0800361c       0x26 ./Core/Src/VL53L0X/core/src/vl53l0x_api_core.o
                0x0800361c                VL53L0X_decode_vcsel_period
 .text.VL53L0X_encode_vcsel_period
                0x08003642       0x26 ./Core/Src/VL53L0X/core/src/vl53l0x_api_core.o
                0x08003642                VL53L0X_encode_vcsel_period
 .text.VL53L0X_isqrt
                0x08003668       0x68 ./Core/Src/VL53L0X/core/src/vl53l0x_api_core.o
                0x08003668                VL53L0X_isqrt
 .text.VL53L0X_device_read_strobe
                0x080036d0       0x86 ./Core/Src/VL53L0X/core/src/vl53l0x_api_core.o
                0x080036d0                VL53L0X_device_read_strobe
 .text.VL53L0X_get_info_from_device
                0x08003756      0x99a ./Core/Src/VL53L0X/core/src/vl53l0x_api_core.o
                0x08003756                VL53L0X_get_info_from_device
 .text.VL53L0X_calc_macro_period_ps
                0x080040f0       0x3c ./Core/Src/VL53L0X/core/src/vl53l0x_api_core.o
                0x080040f0                VL53L0X_calc_macro_period_ps
 .text.VL53L0X_encode_timeout
                0x0800412c       0x54 ./Core/Src/VL53L0X/core/src/vl53l0x_api_core.o
                0x0800412c                VL53L0X_encode_timeout
 .text.VL53L0X_decode_timeout
                0x08004180       0x2c ./Core/Src/VL53L0X/core/src/vl53l0x_api_core.o
                0x08004180                VL53L0X_decode_timeout
 .text.VL53L0X_calc_timeout_mclks
                0x080041ac       0x54 ./Core/Src/VL53L0X/core/src/vl53l0x_api_core.o
                0x080041ac                VL53L0X_calc_timeout_mclks
 .text.VL53L0X_calc_timeout_us
                0x08004200       0x54 ./Core/Src/VL53L0X/core/src/vl53l0x_api_core.o
                0x08004200                VL53L0X_calc_timeout_us
 .text.get_sequence_step_timeout
                0x08004254      0x1c0 ./Core/Src/VL53L0X/core/src/vl53l0x_api_core.o
                0x08004254                get_sequence_step_timeout
 .text.set_sequence_step_timeout
                0x08004414      0x1e4 ./Core/Src/VL53L0X/core/src/vl53l0x_api_core.o
                0x08004414                set_sequence_step_timeout
 .text.VL53L0X_set_vcsel_pulse_period
                0x080045f8      0x50e ./Core/Src/VL53L0X/core/src/vl53l0x_api_core.o
                0x080045f8                VL53L0X_set_vcsel_pulse_period
 .text.VL53L0X_get_vcsel_pulse_period
                0x08004b06       0x6e ./Core/Src/VL53L0X/core/src/vl53l0x_api_core.o
                0x08004b06                VL53L0X_get_vcsel_pulse_period
 .text.VL53L0X_set_measurement_timing_budget_micro_seconds
                0x08004b74      0x1c0 ./Core/Src/VL53L0X/core/src/vl53l0x_api_core.o
                0x08004b74                VL53L0X_set_measurement_timing_budget_micro_seconds
 .text.VL53L0X_get_measurement_timing_budget_micro_seconds
                0x08004d34      0x162 ./Core/Src/VL53L0X/core/src/vl53l0x_api_core.o
                0x08004d34                VL53L0X_get_measurement_timing_budget_micro_seconds
 *fill*         0x08004e96        0x2 
 .text.VL53L0X_load_tuning_settings
                0x08004e98      0x1c4 ./Core/Src/VL53L0X/core/src/vl53l0x_api_core.o
                0x08004e98                VL53L0X_load_tuning_settings
 .text.VL53L0X_get_total_xtalk_rate
                0x0800505c       0x5e ./Core/Src/VL53L0X/core/src/vl53l0x_api_core.o
                0x0800505c                VL53L0X_get_total_xtalk_rate
 .text.VL53L0X_get_total_signal_rate
                0x080050ba       0x4a ./Core/Src/VL53L0X/core/src/vl53l0x_api_core.o
                0x080050ba                VL53L0X_get_total_signal_rate
 .text.VL53L0X_calc_dmax
                0x08005104      0x238 ./Core/Src/VL53L0X/core/src/vl53l0x_api_core.o
                0x08005104                VL53L0X_calc_dmax
 .text.VL53L0X_calc_sigma_estimate
                0x0800533c      0x498 ./Core/Src/VL53L0X/core/src/vl53l0x_api_core.o
                0x0800533c                VL53L0X_calc_sigma_estimate
 .text.VL53L0X_get_pal_range_status
                0x080057d4      0x3b6 ./Core/Src/VL53L0X/core/src/vl53l0x_api_core.o
                0x080057d4                VL53L0X_get_pal_range_status
 .text._I2CWrite
                0x08005b8a       0x3e ./Core/Src/VL53L0X/platform/src/vl53l0x_platform.o
                0x08005b8a                _I2CWrite
 .text._I2CRead
                0x08005bc8       0x44 ./Core/Src/VL53L0X/platform/src/vl53l0x_platform.o
                0x08005bc8                _I2CRead
 .text.VL53L0X_WriteMulti
                0x08005c0c       0x60 ./Core/Src/VL53L0X/platform/src/vl53l0x_platform.o
                0x08005c0c                VL53L0X_WriteMulti
 .text.VL53L0X_ReadMulti
                0x08005c6c       0x56 ./Core/Src/VL53L0X/platform/src/vl53l0x_platform.o
                0x08005c6c                VL53L0X_ReadMulti
 *fill*         0x08005cc2        0x2 
 .text.VL53L0X_WrByte
                0x08005cc4       0x48 ./Core/Src/VL53L0X/platform/src/vl53l0x_platform.o
                0x08005cc4                VL53L0X_WrByte
 .text.VL53L0X_WrWord
                0x08005d0c       0x54 ./Core/Src/VL53L0X/platform/src/vl53l0x_platform.o
                0x08005d0c                VL53L0X_WrWord
 .text.VL53L0X_UpdateByte
                0x08005d60       0x68 ./Core/Src/VL53L0X/platform/src/vl53l0x_platform.o
                0x08005d60                VL53L0X_UpdateByte
 .text.VL53L0X_RdByte
                0x08005dc8       0x54 ./Core/Src/VL53L0X/platform/src/vl53l0x_platform.o
                0x08005dc8                VL53L0X_RdByte
 .text.VL53L0X_RdWord
                0x08005e1c       0x6c ./Core/Src/VL53L0X/platform/src/vl53l0x_platform.o
                0x08005e1c                VL53L0X_RdWord
 .text.VL53L0X_RdDWord
                0x08005e88       0x78 ./Core/Src/VL53L0X/platform/src/vl53l0x_platform.o
                0x08005e88                VL53L0X_RdDWord
 .text.VL53L0X_PollingDelay
                0x08005f00       0x1e ./Core/Src/VL53L0X/platform/src/vl53l0x_platform.o
                0x08005f00                VL53L0X_PollingDelay
 *fill*         0x08005f1e        0x2 
 .text.STAT_AddRecord
                0x08005f20       0x70 ./Core/Src/main.o
                0x08005f20                STAT_AddRecord
 .text.GetDataFromNMEA
                0x08005f90      0x1bc ./Core/Src/main.o
                0x08005f90                GetDataFromNMEA
 .text.CheckSentenceCrc
                0x0800614c       0x82 ./Core/Src/main.o
 *fill*         0x080061ce        0x2 
 .text.NMEA_AddtoQueue
                0x080061d0       0xfc ./Core/Src/main.o
                0x080061d0                NMEA_AddtoQueue
 .text.NMEA_ReadFromQueue
                0x080062cc       0x94 ./Core/Src/main.o
                0x080062cc                NMEA_ReadFromQueue
 .text.ParseGpsData
                0x08006360       0x7c ./Core/Src/main.o
                0x08006360                ParseGpsData
 .text.HAL_UARTEx_RxEventCallback
                0x080063dc       0x3c ./Core/Src/main.o
                0x080063dc                HAL_UARTEx_RxEventCallback
 .text.HAL_UART_ErrorCallback
                0x08006418       0x88 ./Core/Src/main.o
                0x08006418                HAL_UART_ErrorCallback
 .text.I2C_CheckBusDevices
                0x080064a0       0x68 ./Core/Src/main.o
                0x080064a0                I2C_CheckBusDevices
 .text.Get_VL53L0X_Info_Raw
                0x08006508       0x9c ./Core/Src/main.o
                0x08006508                Get_VL53L0X_Info_Raw
 .text.LidarInit
                0x080065a4       0xc0 ./Core/Src/main.o
                0x080065a4                LidarInit
 .text.LCD_Init
                0x08006664      0x14c ./Core/Src/main.o
                0x08006664                LCD_Init
 .text.LCD_Update
                0x080067b0      0x22c ./Core/Src/main.o
                0x080067b0                LCD_Update
 .text.main     0x080069dc      0x3bc ./Core/Src/main.o
                0x080069dc                main
 .text.SystemClock_Config
                0x08006d98       0xd0 ./Core/Src/main.o
                0x08006d98                SystemClock_Config
 .text.MX_I2C2_Init
                0x08006e68       0x5c ./Core/Src/main.o
 .text.MX_SPI1_Init
                0x08006ec4       0x6c ./Core/Src/main.o
                0x08006ec4                MX_SPI1_Init
 .text.MX_USART2_UART_Init
                0x08006f30       0x54 ./Core/Src/main.o
 .text.MX_DMA_Init
                0x08006f84       0x40 ./Core/Src/main.o
 .text.MX_GPIO_Init
                0x08006fc4      0x22c ./Core/Src/main.o
                0x08006fc4                MX_GPIO_Init
 .text.Error_Handler
                0x080071f0        0xc ./Core/Src/main.o
                0x080071f0                Error_Handler
 .text.xorshift32
                0x080071fc       0x44 ./Core/Src/rng.o
                0x080071fc                xorshift32
 .text.rng_seed
                0x08007240       0x20 ./Core/Src/rng.o
                0x08007240                rng_seed
 .text.HAL_MspInit
                0x08007260       0x50 ./Core/Src/stm32f4xx_hal_msp.o
                0x08007260                HAL_MspInit
 .text.HAL_I2C_MspInit
                0x080072b0       0xb0 ./Core/Src/stm32f4xx_hal_msp.o
                0x080072b0                HAL_I2C_MspInit
 .text.HAL_SPI_MspInit
                0x08007360       0xa0 ./Core/Src/stm32f4xx_hal_msp.o
                0x08007360                HAL_SPI_MspInit
 .text.HAL_UART_MspInit
                0x08007400      0x104 ./Core/Src/stm32f4xx_hal_msp.o
                0x08007400                HAL_UART_MspInit
 .text.NMI_Handler
                0x08007504        0x8 ./Core/Src/stm32f4xx_it.o
                0x08007504                NMI_Handler
 .text.HardFault_Handler
                0x0800750c        0x8 ./Core/Src/stm32f4xx_it.o
                0x0800750c                HardFault_Handler
 .text.MemManage_Handler
                0x08007514        0x8 ./Core/Src/stm32f4xx_it.o
                0x08007514                MemManage_Handler
 .text.BusFault_Handler
                0x0800751c        0x8 ./Core/Src/stm32f4xx_it.o
                0x0800751c                BusFault_Handler
 .text.UsageFault_Handler
                0x08007524        0x8 ./Core/Src/stm32f4xx_it.o
                0x08007524                UsageFault_Handler
 .text.SVC_Handler
                0x0800752c        0xe ./Core/Src/stm32f4xx_it.o
                0x0800752c                SVC_Handler
 .text.DebugMon_Handler
                0x0800753a        0xe ./Core/Src/stm32f4xx_it.o
                0x0800753a                DebugMon_Handler
 .text.PendSV_Handler
                0x08007548        0xe ./Core/Src/stm32f4xx_it.o
                0x08007548                PendSV_Handler
 .text.SysTick_Handler
                0x08007556        0xc ./Core/Src/stm32f4xx_it.o
                0x08007556                SysTick_Handler
 *fill*         0x08007562        0x2 
 .text.DMA1_Stream5_IRQHandler
                0x08007564       0x14 ./Core/Src/stm32f4xx_it.o
                0x08007564                DMA1_Stream5_IRQHandler
 .text.SPI1_IRQHandler
                0x08007578       0x14 ./Core/Src/stm32f4xx_it.o
                0x08007578                SPI1_IRQHandler
 .text.USART2_IRQHandler
                0x0800758c       0x14 ./Core/Src/stm32f4xx_it.o
                0x0800758c                USART2_IRQHandler
 .text.OTG_FS_IRQHandler
                0x080075a0       0x14 ./Core/Src/stm32f4xx_it.o
                0x080075a0                OTG_FS_IRQHandler
 .text._sbrk    0x080075b4       0x6c ./Core/Src/sysmem.o
                0x080075b4                _sbrk
 .text.SystemInit
                0x08007620       0x24 ./Core/Src/system_stm32f4xx.o
                0x08007620                SystemInit
 .text.Reset_Handler
                0x08007644       0x50 ./Core/Startup/startup_stm32f411vetx.o
                0x08007644                Reset_Handler
 .text.Default_Handler
                0x08007694        0x2 ./Core/Startup/startup_stm32f411vetx.o
                0x08007694                RTC_Alarm_IRQHandler
                0x08007694                EXTI2_IRQHandler
                0x08007694                SPI4_IRQHandler
                0x08007694                TIM1_CC_IRQHandler
                0x08007694                DMA2_Stream5_IRQHandler
                0x08007694                PVD_IRQHandler
                0x08007694                SDIO_IRQHandler
                0x08007694                TAMP_STAMP_IRQHandler
                0x08007694                EXTI3_IRQHandler
                0x08007694                TIM1_UP_TIM10_IRQHandler
                0x08007694                I2C3_ER_IRQHandler
                0x08007694                EXTI0_IRQHandler
                0x08007694                I2C2_EV_IRQHandler
                0x08007694                DMA1_Stream2_IRQHandler
                0x08007694                FPU_IRQHandler
                0x08007694                DMA2_Stream2_IRQHandler
                0x08007694                TIM1_BRK_TIM9_IRQHandler
                0x08007694                DMA2_Stream3_IRQHandler
                0x08007694                USART6_IRQHandler
                0x08007694                DMA2_Stream0_IRQHandler
                0x08007694                TIM4_IRQHandler
                0x08007694                I2C1_EV_IRQHandler
                0x08007694                DMA1_Stream6_IRQHandler
                0x08007694                DMA1_Stream1_IRQHandler
                0x08007694                TIM3_IRQHandler
                0x08007694                RCC_IRQHandler
                0x08007694                Default_Handler
                0x08007694                EXTI15_10_IRQHandler
                0x08007694                ADC_IRQHandler
                0x08007694                DMA1_Stream7_IRQHandler
                0x08007694                SPI5_IRQHandler
                0x08007694                TIM5_IRQHandler
                0x08007694                DMA2_Stream7_IRQHandler
                0x08007694                I2C3_EV_IRQHandler
                0x08007694                EXTI9_5_IRQHandler
                0x08007694                RTC_WKUP_IRQHandler
                0x08007694                SPI2_IRQHandler
                0x08007694                DMA1_Stream0_IRQHandler
                0x08007694                EXTI4_IRQHandler
                0x08007694                WWDG_IRQHandler
                0x08007694                TIM2_IRQHandler
                0x08007694                OTG_FS_WKUP_IRQHandler
                0x08007694                TIM1_TRG_COM_TIM11_IRQHandler
                0x08007694                EXTI1_IRQHandler
                0x08007694                I2C2_ER_IRQHandler
                0x08007694                DMA2_Stream1_IRQHandler
                0x08007694                FLASH_IRQHandler
                0x08007694                DMA2_Stream4_IRQHandler
                0x08007694                USART1_IRQHandler
                0x08007694                SPI3_IRQHandler
                0x08007694                DMA1_Stream4_IRQHandler
                0x08007694                I2C1_ER_IRQHandler
                0x08007694                DMA2_Stream6_IRQHandler
                0x08007694                DMA1_Stream3_IRQHandler
 *fill*         0x08007696        0x2 
 .text.HAL_Init
                0x08007698       0x44 ./Drivers/STM32F4xx_HAL_Driver/Src/stm32f4xx_hal.o
                0x08007698                HAL_Init
 .text.HAL_InitTick
                0x080076dc       0x60 ./Drivers/STM32F4xx_HAL_Driver/Src/stm32f4xx_hal.o
                0x080076dc                HAL_InitTick
 .text.HAL_IncTick
                0x0800773c       0x28 ./Drivers/STM32F4xx_HAL_Driver/Src/stm32f4xx_hal.o
                0x0800773c                HAL_IncTick
 .text.HAL_GetTick
                0x08007764       0x18 ./Drivers/STM32F4xx_HAL_Driver/Src/stm32f4xx_hal.o
                0x08007764                HAL_GetTick
 .text.HAL_Delay
                0x0800777c       0x48 ./Drivers/STM32F4xx_HAL_Driver/Src/stm32f4xx_hal.o
                0x0800777c                HAL_Delay
 .text.__NVIC_SetPriorityGrouping
                0x080077c4       0x48 ./Drivers/STM32F4xx_HAL_Driver/Src/stm32f4xx_hal_cortex.o
 .text.__NVIC_GetPriorityGrouping
                0x0800780c       0x1c ./Drivers/STM32F4xx_HAL_Driver/Src/stm32f4xx_hal_cortex.o
 .text.__NVIC_EnableIRQ
                0x08007828       0x3c ./Drivers/STM32F4xx_HAL_Driver/Src/stm32f4xx_hal_cortex.o
 .text.__NVIC_SetPriority
                0x08007864       0x54 ./Drivers/STM32F4xx_HAL_Driver/Src/stm32f4xx_hal_cortex.o
 .text.NVIC_EncodePriority
                0x080078b8       0x66 ./Drivers/STM32F4xx_HAL_Driver/Src/stm32f4xx_hal_cortex.o
 *fill*         0x0800791e        0x2 
 .text.SysTick_Config
                0x08007920       0x44 ./Drivers/STM32F4xx_HAL_Driver/Src/stm32f4xx_hal_cortex.o
 .text.HAL_NVIC_SetPriorityGrouping
                0x08007964       0x16 ./Drivers/STM32F4xx_HAL_Driver/Src/stm32f4xx_hal_cortex.o
                0x08007964                HAL_NVIC_SetPriorityGrouping
 .text.HAL_NVIC_SetPriority
                0x0800797a       0x38 ./Drivers/STM32F4xx_HAL_Driver/Src/stm32f4xx_hal_cortex.o
                0x0800797a                HAL_NVIC_SetPriority
 .text.HAL_NVIC_EnableIRQ
                0x080079b2       0x1c ./Drivers/STM32F4xx_HAL_Driver/Src/stm32f4xx_hal_cortex.o
                0x080079b2                HAL_NVIC_EnableIRQ
 .text.HAL_SYSTICK_Config
                0x080079ce       0x18 ./Drivers/STM32F4xx_HAL_Driver/Src/stm32f4xx_hal_cortex.o
                0x080079ce                HAL_SYSTICK_Config
 *fill*         0x080079e6        0x2 
 .text.HAL_DMA_Init
                0x080079e8      0x15c ./Drivers/STM32F4xx_HAL_Driver/Src/stm32f4xx_hal_dma.o
                0x080079e8                HAL_DMA_Init
 .text.HAL_DMA_Start_IT
                0x08007b44       0xb0 ./Drivers/STM32F4xx_HAL_Driver/Src/stm32f4xx_hal_dma.o
                0x08007b44                HAL_DMA_Start_IT
 .text.HAL_DMA_Abort
                0x08007bf4       0xe0 ./Drivers/STM32F4xx_HAL_Driver/Src/stm32f4xx_hal_dma.o
                0x08007bf4                HAL_DMA_Abort
 .text.HAL_DMA_Abort_IT
                0x08007cd4       0x44 ./Drivers/STM32F4xx_HAL_Driver/Src/stm32f4xx_hal_dma.o
                0x08007cd4                HAL_DMA_Abort_IT
 .text.HAL_DMA_IRQHandler
                0x08007d18      0x314 ./Drivers/STM32F4xx_HAL_Driver/Src/stm32f4xx_hal_dma.o
                0x08007d18                HAL_DMA_IRQHandler
 .text.DMA_SetConfig
                0x0800802c       0x5c ./Drivers/STM32F4xx_HAL_Driver/Src/stm32f4xx_hal_dma.o
 .text.DMA_CalcBaseAndBitshift
                0x08008088       0x6c ./Drivers/STM32F4xx_HAL_Driver/Src/stm32f4xx_hal_dma.o
 .text.DMA_CheckFifoParam
                0x080080f4       0xf8 ./Drivers/STM32F4xx_HAL_Driver/Src/stm32f4xx_hal_dma.o
 .text.HAL_GPIO_Init
                0x080081ec      0x308 ./Drivers/STM32F4xx_HAL_Driver/Src/stm32f4xx_hal_gpio.o
                0x080081ec                HAL_GPIO_Init
 .text.HAL_GPIO_WritePin
                0x080084f4       0x32 ./Drivers/STM32F4xx_HAL_Driver/Src/stm32f4xx_hal_gpio.o
                0x080084f4                HAL_GPIO_WritePin
 *fill*         0x08008526        0x2 
 .text.HAL_I2C_Init
                0x08008528      0x288 ./Drivers/STM32F4xx_HAL_Driver/Src/stm32f4xx_hal_i2c.o
                0x08008528                HAL_I2C_Init
 .text.HAL_I2C_Master_Transmit
                0x080087b0      0x1fc ./Drivers/STM32F4xx_HAL_Driver/Src/stm32f4xx_hal_i2c.o
                0x080087b0                HAL_I2C_Master_Transmit
 .text.HAL_I2C_Master_Receive
                0x080089ac      0x464 ./Drivers/STM32F4xx_HAL_Driver/Src/stm32f4xx_hal_i2c.o
                0x080089ac                HAL_I2C_Master_Receive
 .text.HAL_I2C_Mem_Read
                0x08008e10      0x464 ./Drivers/STM32F4xx_HAL_Driver/Src/stm32f4xx_hal_i2c.o
                0x08008e10                HAL_I2C_Mem_Read
 .text.HAL_I2C_IsDeviceReady
                0x08009274      0x25c ./Drivers/STM32F4xx_HAL_Driver/Src/stm32f4xx_hal_i2c.o
                0x08009274                HAL_I2C_IsDeviceReady
 .text.I2C_MasterRequestWrite
                0x080094d0      0x104 ./Drivers/STM32F4xx_HAL_Driver/Src/stm32f4xx_hal_i2c.o
 .text.I2C_MasterRequestRead
                0x080095d4      0x19c ./Drivers/STM32F4xx_HAL_Driver/Src/stm32f4xx_hal_i2c.o
 .text.I2C_RequestMemoryRead
                0x08009770      0x1d0 ./Drivers/STM32F4xx_HAL_Driver/Src/stm32f4xx_hal_i2c.o
 .text.I2C_WaitOnFlagUntilTimeout
                0x08009940       0xf4 ./Drivers/STM32F4xx_HAL_Driver/Src/stm32f4xx_hal_i2c.o
 .text.I2C_WaitOnMasterAddressFlagUntilTimeout
                0x08009a34      0x140 ./Drivers/STM32F4xx_HAL_Driver/Src/stm32f4xx_hal_i2c.o
 .text.I2C_WaitOnTXEFlagUntilTimeout
                0x08009b74       0x90 ./Drivers/STM32F4xx_HAL_Driver/Src/stm32f4xx_hal_i2c.o
 .text.I2C_WaitOnBTFFlagUntilTimeout
                0x08009c04       0x90 ./Drivers/STM32F4xx_HAL_Driver/Src/stm32f4xx_hal_i2c.o
 .text.I2C_WaitOnRXNEFlagUntilTimeout
                0x08009c94       0xba ./Drivers/STM32F4xx_HAL_Driver/Src/stm32f4xx_hal_i2c.o
 .text.I2C_IsAcknowledgeFailed
                0x08009d4e       0x5e ./Drivers/STM32F4xx_HAL_Driver/Src/stm32f4xx_hal_i2c.o
 .text.HAL_PCD_Init
                0x08009dac      0x21e ./Drivers/STM32F4xx_HAL_Driver/Src/stm32f4xx_hal_pcd.o
                0x08009dac                HAL_PCD_Init
 .text.HAL_PCD_Start
                0x08009fca       0x6a ./Drivers/STM32F4xx_HAL_Driver/Src/stm32f4xx_hal_pcd.o
                0x08009fca                HAL_PCD_Start
 .text.HAL_PCD_IRQHandler
                0x0800a034      0x942 ./Drivers/STM32F4xx_HAL_Driver/Src/stm32f4xx_hal_pcd.o
                0x0800a034                HAL_PCD_IRQHandler
 .text.HAL_PCD_SetAddress
                0x0800a976       0x48 ./Drivers/STM32F4xx_HAL_Driver/Src/stm32f4xx_hal_pcd.o
                0x0800a976                HAL_PCD_SetAddress
 .text.HAL_PCD_EP_Open
                0x0800a9be       0xd4 ./Drivers/STM32F4xx_HAL_Driver/Src/stm32f4xx_hal_pcd.o
                0x0800a9be                HAL_PCD_EP_Open
 .text.HAL_PCD_EP_Close
                0x0800aa92       0x94 ./Drivers/STM32F4xx_HAL_Driver/Src/stm32f4xx_hal_pcd.o
                0x0800aa92                HAL_PCD_EP_Close
 .text.HAL_PCD_EP_Receive
                0x0800ab26       0x76 ./Drivers/STM32F4xx_HAL_Driver/Src/stm32f4xx_hal_pcd.o
                0x0800ab26                HAL_PCD_EP_Receive
 .text.HAL_PCD_EP_GetRxCount
                0x0800ab9c       0x30 ./Drivers/STM32F4xx_HAL_Driver/Src/stm32f4xx_hal_pcd.o
                0x0800ab9c                HAL_PCD_EP_GetRxCount
 .text.HAL_PCD_EP_Transmit
                0x0800abcc       0x74 ./Drivers/STM32F4xx_HAL_Driver/Src/stm32f4xx_hal_pcd.o
                0x0800abcc                HAL_PCD_EP_Transmit
 .text.HAL_PCD_EP_SetStall
                0x0800ac40       0xc6 ./Drivers/STM32F4xx_HAL_Driver/Src/stm32f4xx_hal_pcd.o
                0x0800ac40                HAL_PCD_EP_SetStall
 .text.HAL_PCD_EP_ClrStall
                0x0800ad06       0xac ./Drivers/STM32F4xx_HAL_Driver/Src/stm32f4xx_hal_pcd.o
                0x0800ad06                HAL_PCD_EP_ClrStall
 .text.HAL_PCD_EP_Abort
                0x0800adb2       0x62 ./Drivers/STM32F4xx_HAL_Driver/Src/stm32f4xx_hal_pcd.o
                0x0800adb2                HAL_PCD_EP_Abort
 .text.PCD_WriteEmptyTxFifo
                0x0800ae14      0x118 ./Drivers/STM32F4xx_HAL_Driver/Src/stm32f4xx_hal_pcd.o
 .text.PCD_EP_OutXfrComplete_int
                0x0800af2c      0x1d0 ./Drivers/STM32F4xx_HAL_Driver/Src/stm32f4xx_hal_pcd.o
 .text.PCD_EP_OutSetupPacket_int
                0x0800b0fc       0x8c ./Drivers/STM32F4xx_HAL_Driver/Src/stm32f4xx_hal_pcd.o
 .text.HAL_PCDEx_SetTxFiFo
                0x0800b188       0x8e ./Drivers/STM32F4xx_HAL_Driver/Src/stm32f4xx_hal_pcd_ex.o
                0x0800b188                HAL_PCDEx_SetTxFiFo
 .text.HAL_PCDEx_SetRxFiFo
                0x0800b216       0x22 ./Drivers/STM32F4xx_HAL_Driver/Src/stm32f4xx_hal_pcd_ex.o
                0x0800b216                HAL_PCDEx_SetRxFiFo
 .text.HAL_PCDEx_LPM_Callback
                0x0800b238       0x18 ./Drivers/STM32F4xx_HAL_Driver/Src/stm32f4xx_hal_pcd_ex.o
                0x0800b238                HAL_PCDEx_LPM_Callback
 .text.HAL_RCC_OscConfig
                0x0800b250      0x4f0 ./Drivers/STM32F4xx_HAL_Driver/Src/stm32f4xx_hal_rcc.o
                0x0800b250                HAL_RCC_OscConfig
 .text.HAL_RCC_ClockConfig
                0x0800b740      0x1cc ./Drivers/STM32F4xx_HAL_Driver/Src/stm32f4xx_hal_rcc.o
                0x0800b740                HAL_RCC_ClockConfig
 .text.HAL_RCC_GetSysClockFreq
                0x0800b90c      0x20c ./Drivers/STM32F4xx_HAL_Driver/Src/stm32f4xx_hal_rcc.o
                0x0800b90c                HAL_RCC_GetSysClockFreq
 .text.HAL_RCC_GetHCLKFreq
                0x0800bb18       0x18 ./Drivers/STM32F4xx_HAL_Driver/Src/stm32f4xx_hal_rcc.o
                0x0800bb18                HAL_RCC_GetHCLKFreq
 .text.HAL_RCC_GetPCLK1Freq
                0x0800bb30       0x28 ./Drivers/STM32F4xx_HAL_Driver/Src/stm32f4xx_hal_rcc.o
                0x0800bb30                HAL_RCC_GetPCLK1Freq
 .text.HAL_RCC_GetPCLK2Freq
                0x0800bb58       0x28 ./Drivers/STM32F4xx_HAL_Driver/Src/stm32f4xx_hal_rcc.o
                0x0800bb58                HAL_RCC_GetPCLK2Freq
 .text.HAL_SPI_Init
                0x0800bb80      0x112 ./Drivers/STM32F4xx_HAL_Driver/Src/stm32f4xx_hal_spi.o
                0x0800bb80                HAL_SPI_Init
 .text.HAL_SPI_Transmit
                0x0800bc92      0x288 ./Drivers/STM32F4xx_HAL_Driver/Src/stm32f4xx_hal_spi.o
                0x0800bc92                HAL_SPI_Transmit
 *fill*         0x0800bf1a        0x2 
 .text.HAL_SPI_IRQHandler
                0x0800bf1c      0x1e8 ./Drivers/STM32F4xx_HAL_Driver/Src/stm32f4xx_hal_spi.o
                0x0800bf1c                HAL_SPI_IRQHandler
 .text.HAL_SPI_ErrorCallback
                0x0800c104       0x14 ./Drivers/STM32F4xx_HAL_Driver/Src/stm32f4xx_hal_spi.o
                0x0800c104                HAL_SPI_ErrorCallback
 .text.SPI_DMAAbortOnError
                0x0800c118       0x28 ./Drivers/STM32F4xx_HAL_Driver/Src/stm32f4xx_hal_spi.o
 .text.SPI_WaitFlagStateUntilTimeout
                0x0800c140      0x110 ./Drivers/STM32F4xx_HAL_Driver/Src/stm32f4xx_hal_spi.o
 .text.SPI_EndRxTxTransaction
                0x0800c250       0xa8 ./Drivers/STM32F4xx_HAL_Driver/Src/stm32f4xx_hal_spi.o
 .text.HAL_UART_Init
                0x0800c2f8       0xa0 ./Drivers/STM32F4xx_HAL_Driver/Src/stm32f4xx_hal_uart.o
                0x0800c2f8                HAL_UART_Init
 .text.HAL_UARTEx_ReceiveToIdle_DMA
                0x0800c398       0xb2 ./Drivers/STM32F4xx_HAL_Driver/Src/stm32f4xx_hal_uart.o
                0x0800c398                HAL_UARTEx_ReceiveToIdle_DMA
 *fill*         0x0800c44a        0x2 
 .text.HAL_UART_IRQHandler
                0x0800c44c      0x554 ./Drivers/STM32F4xx_HAL_Driver/Src/stm32f4xx_hal_uart.o
                0x0800c44c                HAL_UART_IRQHandler
 .text.HAL_UART_TxCpltCallback
                0x0800c9a0       0x14 ./Drivers/STM32F4xx_HAL_Driver/Src/stm32f4xx_hal_uart.o
                0x0800c9a0                HAL_UART_TxCpltCallback
 .text.HAL_UART_RxCpltCallback
                0x0800c9b4       0x14 ./Drivers/STM32F4xx_HAL_Driver/Src/stm32f4xx_hal_uart.o
                0x0800c9b4                HAL_UART_RxCpltCallback
 .text.HAL_UART_RxHalfCpltCallback
                0x0800c9c8       0x14 ./Drivers/STM32F4xx_HAL_Driver/Src/stm32f4xx_hal_uart.o
                0x0800c9c8                HAL_UART_RxHalfCpltCallback
 .text.UART_DMAReceiveCplt
                0x0800c9dc      0x12c ./Drivers/STM32F4xx_HAL_Driver/Src/stm32f4xx_hal_uart.o
 .text.UART_DMARxHalfCplt
                0x0800cb08       0x3c ./Drivers/STM32F4xx_HAL_Driver/Src/stm32f4xx_hal_uart.o
 .text.UART_DMAError
                0x0800cb44       0x94 ./Drivers/STM32F4xx_HAL_Driver/Src/stm32f4xx_hal_uart.o
 .text.UART_Start_Receive_DMA
                0x0800cbd8      0x14c ./Drivers/STM32F4xx_HAL_Driver/Src/stm32f4xx_hal_uart.o
                0x0800cbd8                UART_Start_Receive_DMA
 .text.UART_EndTxTransfer
                0x0800cd24       0x50 ./Drivers/STM32F4xx_HAL_Driver/Src/stm32f4xx_hal_uart.o
 .text.UART_EndRxTransfer
                0x0800cd74       0xc6 ./Drivers/STM32F4xx_HAL_Driver/Src/stm32f4xx_hal_uart.o
 .text.UART_DMAAbortOnError
                0x0800ce3a       0x22 ./Drivers/STM32F4xx_HAL_Driver/Src/stm32f4xx_hal_uart.o
 .text.UART_Transmit_IT
                0x0800ce5c       0xa0 ./Drivers/STM32F4xx_HAL_Driver/Src/stm32f4xx_hal_uart.o
 .text.UART_EndTransmit_IT
                0x0800cefc       0x30 ./Drivers/STM32F4xx_HAL_Driver/Src/stm32f4xx_hal_uart.o
 .text.UART_Receive_IT
                0x0800cf2c      0x17c ./Drivers/STM32F4xx_HAL_Driver/Src/stm32f4xx_hal_uart.o
 .text.UART_SetConfig
                0x0800d0a8      0x4e8 ./Drivers/STM32F4xx_HAL_Driver/Src/stm32f4xx_hal_uart.o
 .text.USB_CoreInit
                0x0800d590       0xc8 ./Drivers/STM32F4xx_HAL_Driver/Src/stm32f4xx_ll_usb.o
                0x0800d590                USB_CoreInit
 .text.USB_SetTurnaroundTime
                0x0800d658      0x144 ./Drivers/STM32F4xx_HAL_Driver/Src/stm32f4xx_ll_usb.o
                0x0800d658                USB_SetTurnaroundTime
 .text.USB_EnableGlobalInt
                0x0800d79c       0x22 ./Drivers/STM32F4xx_HAL_Driver/Src/stm32f4xx_ll_usb.o
                0x0800d79c                USB_EnableGlobalInt
 .text.USB_DisableGlobalInt
                0x0800d7be       0x22 ./Drivers/STM32F4xx_HAL_Driver/Src/stm32f4xx_ll_usb.o
                0x0800d7be                USB_DisableGlobalInt
 .text.USB_SetCurrentMode
                0x0800d7e0       0x98 ./Drivers/STM32F4xx_HAL_Driver/Src/stm32f4xx_ll_usb.o
                0x0800d7e0                USB_SetCurrentMode
 .text.USB_DevInit
                0x0800d878      0x2c8 ./Drivers/STM32F4xx_HAL_Driver/Src/stm32f4xx_ll_usb.o
                0x0800d878                USB_DevInit
 .text.USB_FlushTxFifo
                0x0800db40       0x64 ./Drivers/STM32F4xx_HAL_Driver/Src/stm32f4xx_ll_usb.o
                0x0800db40                USB_FlushTxFifo
 .text.USB_FlushRxFifo
                0x0800dba4       0x5c ./Drivers/STM32F4xx_HAL_Driver/Src/stm32f4xx_ll_usb.o
                0x0800dba4                USB_FlushRxFifo
 .text.USB_SetDevSpeed
                0x0800dc00       0x32 ./Drivers/STM32F4xx_HAL_Driver/Src/stm32f4xx_ll_usb.o
                0x0800dc00                USB_SetDevSpeed
 .text.USB_GetDevSpeed
                0x0800dc32       0x4a ./Drivers/STM32F4xx_HAL_Driver/Src/stm32f4xx_ll_usb.o
                0x0800dc32                USB_GetDevSpeed
 .text.USB_ActivateEndpoint
                0x0800dc7c      0x10e ./Drivers/STM32F4xx_HAL_Driver/Src/stm32f4xx_ll_usb.o
                0x0800dc7c                USB_ActivateEndpoint
 *fill*         0x0800dd8a        0x2 
 .text.USB_DeactivateEndpoint
                0x0800dd8c      0x1b8 ./Drivers/STM32F4xx_HAL_Driver/Src/stm32f4xx_ll_usb.o
                0x0800dd8c                USB_DeactivateEndpoint
 .text.USB_EPStartXfer
                0x0800df44      0x53c ./Drivers/STM32F4xx_HAL_Driver/Src/stm32f4xx_ll_usb.o
                0x0800df44                USB_EPStartXfer
 .text.USB_EPStopXfer
                0x0800e480      0x154 ./Drivers/STM32F4xx_HAL_Driver/Src/stm32f4xx_ll_usb.o
                0x0800e480                USB_EPStopXfer
 .text.USB_WritePacket
                0x0800e5d4       0x7c ./Drivers/STM32F4xx_HAL_Driver/Src/stm32f4xx_ll_usb.o
                0x0800e5d4                USB_WritePacket
 .text.USB_ReadPacket
                0x0800e650       0xb0 ./Drivers/STM32F4xx_HAL_Driver/Src/stm32f4xx_ll_usb.o
                0x0800e650                USB_ReadPacket
 .text.USB_EPSetStall
                0x0800e700       0xdc ./Drivers/STM32F4xx_HAL_Driver/Src/stm32f4xx_ll_usb.o
                0x0800e700                USB_EPSetStall
 .text.USB_EPClearStall
                0x0800e7dc       0xcc ./Drivers/STM32F4xx_HAL_Driver/Src/stm32f4xx_ll_usb.o
                0x0800e7dc                USB_EPClearStall
 .text.USB_SetDevAddress
                0x0800e8a8       0x4c ./Drivers/STM32F4xx_HAL_Driver/Src/stm32f4xx_ll_usb.o
                0x0800e8a8                USB_SetDevAddress
 .text.USB_DevConnect
                0x0800e8f4       0x42 ./Drivers/STM32F4xx_HAL_Driver/Src/stm32f4xx_ll_usb.o
                0x0800e8f4                USB_DevConnect
 .text.USB_DevDisconnect
                0x0800e936       0x42 ./Drivers/STM32F4xx_HAL_Driver/Src/stm32f4xx_ll_usb.o
                0x0800e936                USB_DevDisconnect
 .text.USB_ReadInterrupts
                0x0800e978       0x26 ./Drivers/STM32F4xx_HAL_Driver/Src/stm32f4xx_ll_usb.o
                0x0800e978                USB_ReadInterrupts
 .text.USB_ReadDevAllOutEpInterrupt
                0x0800e99e       0x34 ./Drivers/STM32F4xx_HAL_Driver/Src/stm32f4xx_ll_usb.o
                0x0800e99e                USB_ReadDevAllOutEpInterrupt
 .text.USB_ReadDevAllInEpInterrupt
                0x0800e9d2       0x34 ./Drivers/STM32F4xx_HAL_Driver/Src/stm32f4xx_ll_usb.o
                0x0800e9d2                USB_ReadDevAllInEpInterrupt
 .text.USB_ReadDevOutEPInterrupt
                0x0800ea06       0x3c ./Drivers/STM32F4xx_HAL_Driver/Src/stm32f4xx_ll_usb.o
                0x0800ea06                USB_ReadDevOutEPInterrupt
 .text.USB_ReadDevInEPInterrupt
                0x0800ea42       0x5c ./Drivers/STM32F4xx_HAL_Driver/Src/stm32f4xx_ll_usb.o
                0x0800ea42                USB_ReadDevInEPInterrupt
 .text.USB_GetMode
                0x0800ea9e       0x1c ./Drivers/STM32F4xx_HAL_Driver/Src/stm32f4xx_ll_usb.o
                0x0800ea9e                USB_GetMode
 .text.USB_ActivateSetup
                0x0800eaba       0x46 ./Drivers/STM32F4xx_HAL_Driver/Src/stm32f4xx_ll_usb.o
                0x0800eaba                USB_ActivateSetup
 .text.USB_EP0_OutStart
                0x0800eb00       0xbc ./Drivers/STM32F4xx_HAL_Driver/Src/stm32f4xx_ll_usb.o
                0x0800eb00                USB_EP0_OutStart
 .text.USB_CoreReset
                0x0800ebbc       0x70 ./Drivers/STM32F4xx_HAL_Driver/Src/stm32f4xx_ll_usb.o
 .text.USBD_CDC_Init
                0x0800ec2c      0x1f0 ./Middlewares/ST/STM32_USB_Device_Library/Class/CDC/Src/usbd_cdc.o
 .text.USBD_CDC_DeInit
                0x0800ee1c      0x104 ./Middlewares/ST/STM32_USB_Device_Library/Class/CDC/Src/usbd_cdc.o
 .text.USBD_CDC_Setup
                0x0800ef20      0x1b8 ./Middlewares/ST/STM32_USB_Device_Library/Class/CDC/Src/usbd_cdc.o
 .text.USBD_CDC_DataIn
                0x0800f0d8       0xfe ./Middlewares/ST/STM32_USB_Device_Library/Class/CDC/Src/usbd_cdc.o
 .text.USBD_CDC_DataOut
                0x0800f1d6       0x70 ./Middlewares/ST/STM32_USB_Device_Library/Class/CDC/Src/usbd_cdc.o
 .text.USBD_CDC_EP0_RxReady
                0x0800f246       0x74 ./Middlewares/ST/STM32_USB_Device_Library/Class/CDC/Src/usbd_cdc.o
 *fill*         0x0800f2ba        0x2 
 .text.USBD_CDC_GetFSCfgDesc
                0x0800f2bc       0x70 ./Middlewares/ST/STM32_USB_Device_Library/Class/CDC/Src/usbd_cdc.o
 .text.USBD_CDC_GetHSCfgDesc
                0x0800f32c       0x70 ./Middlewares/ST/STM32_USB_Device_Library/Class/CDC/Src/usbd_cdc.o
 .text.USBD_CDC_GetOtherSpeedCfgDesc
                0x0800f39c       0x70 ./Middlewares/ST/STM32_USB_Device_Library/Class/CDC/Src/usbd_cdc.o
 .text.USBD_CDC_GetDeviceQualifierDescriptor
                0x0800f40c       0x20 ./Middlewares/ST/STM32_USB_Device_Library/Class/CDC/Src/usbd_cdc.o
                0x0800f40c                USBD_CDC_GetDeviceQualifierDescriptor
 .text.USBD_CDC_RegisterInterface
                0x0800f42c       0x34 ./Middlewares/ST/STM32_USB_Device_Library/Class/CDC/Src/usbd_cdc.o
                0x0800f42c                USBD_CDC_RegisterInterface
 .text.USBD_CDC_SetTxBuffer
                0x0800f460       0x44 ./Middlewares/ST/STM32_USB_Device_Library/Class/CDC/Src/usbd_cdc.o
                0x0800f460                USBD_CDC_SetTxBuffer
 .text.USBD_CDC_SetRxBuffer
                0x0800f4a4       0x3a ./Middlewares/ST/STM32_USB_Device_Library/Class/CDC/Src/usbd_cdc.o
                0x0800f4a4                USBD_CDC_SetRxBuffer
 *fill*         0x0800f4de        0x2 
 .text.USBD_CDC_TransmitPacket
                0x0800f4e0       0x80 ./Middlewares/ST/STM32_USB_Device_Library/Class/CDC/Src/usbd_cdc.o
                0x0800f4e0                USBD_CDC_TransmitPacket
 .text.USBD_CDC_ReceivePacket
                0x0800f560       0x6c ./Middlewares/ST/STM32_USB_Device_Library/Class/CDC/Src/usbd_cdc.o
                0x0800f560                USBD_CDC_ReceivePacket
 .text.USBD_Init
                0x0800f5cc       0x60 ./Middlewares/ST/STM32_USB_Device_Library/Core/Src/usbd_core.o
                0x0800f5cc                USBD_Init
 .text.USBD_RegisterClass
                0x0800f62c       0x6c ./Middlewares/ST/STM32_USB_Device_Library/Core/Src/usbd_core.o
                0x0800f62c                USBD_RegisterClass
 .text.USBD_Start
                0x0800f698       0x18 ./Middlewares/ST/STM32_USB_Device_Library/Core/Src/usbd_core.o
                0x0800f698                USBD_Start
 .text.USBD_RunTestMode
                0x0800f6b0       0x16 ./Middlewares/ST/STM32_USB_Device_Library/Core/Src/usbd_core.o
                0x0800f6b0                USBD_RunTestMode
 .text.USBD_SetClassConfig
                0x0800f6c6       0x38 ./Middlewares/ST/STM32_USB_Device_Library/Core/Src/usbd_core.o
                0x0800f6c6                USBD_SetClassConfig
 .text.USBD_ClrClassConfig
                0x0800f6fe       0x34 ./Middlewares/ST/STM32_USB_Device_Library/Core/Src/usbd_core.o
                0x0800f6fe                USBD_ClrClassConfig
 .text.USBD_LL_SetupStage
                0x0800f732       0xaa ./Middlewares/ST/STM32_USB_Device_Library/Core/Src/usbd_core.o
                0x0800f732                USBD_LL_SetupStage
 .text.USBD_LL_DataOutStage
                0x0800f7dc      0x178 ./Middlewares/ST/STM32_USB_Device_Library/Core/Src/usbd_core.o
                0x0800f7dc                USBD_LL_DataOutStage
 .text.USBD_LL_DataInStage
                0x0800f954      0x176 ./Middlewares/ST/STM32_USB_Device_Library/Core/Src/usbd_core.o
                0x0800f954                USBD_LL_DataInStage
 .text.USBD_LL_Reset
                0x0800faca       0xa6 ./Middlewares/ST/STM32_USB_Device_Library/Core/Src/usbd_core.o
                0x0800faca                USBD_LL_Reset
 .text.USBD_LL_SetSpeed
                0x0800fb70       0x20 ./Middlewares/ST/STM32_USB_Device_Library/Core/Src/usbd_core.o
                0x0800fb70                USBD_LL_SetSpeed
 .text.USBD_LL_Suspend
                0x0800fb90       0x38 ./Middlewares/ST/STM32_USB_Device_Library/Core/Src/usbd_core.o
                0x0800fb90                USBD_LL_Suspend
 .text.USBD_LL_Resume
                0x0800fbc8       0x30 ./Middlewares/ST/STM32_USB_Device_Library/Core/Src/usbd_core.o
                0x0800fbc8                USBD_LL_Resume
 .text.USBD_LL_SOF
                0x0800fbf8       0x40 ./Middlewares/ST/STM32_USB_Device_Library/Core/Src/usbd_core.o
                0x0800fbf8                USBD_LL_SOF
 .text.USBD_LL_IsoINIncomplete
                0x0800fc38       0x64 ./Middlewares/ST/STM32_USB_Device_Library/Core/Src/usbd_core.o
                0x0800fc38                USBD_LL_IsoINIncomplete
 .text.USBD_LL_IsoOUTIncomplete
                0x0800fc9c       0x64 ./Middlewares/ST/STM32_USB_Device_Library/Core/Src/usbd_core.o
                0x0800fc9c                USBD_LL_IsoOUTIncomplete
 .text.USBD_LL_DevConnected
                0x0800fd00       0x16 ./Middlewares/ST/STM32_USB_Device_Library/Core/Src/usbd_core.o
                0x0800fd00                USBD_LL_DevConnected
 .text.USBD_LL_DevDisconnected
                0x0800fd16       0x46 ./Middlewares/ST/STM32_USB_Device_Library/Core/Src/usbd_core.o
                0x0800fd16                USBD_LL_DevDisconnected
 .text.USBD_CoreFindIF
                0x0800fd5c       0x1a ./Middlewares/ST/STM32_USB_Device_Library/Core/Src/usbd_core.o
                0x0800fd5c                USBD_CoreFindIF
 .text.USBD_CoreFindEP
                0x0800fd76       0x1a ./Middlewares/ST/STM32_USB_Device_Library/Core/Src/usbd_core.o
                0x0800fd76                USBD_CoreFindEP
 .text.USBD_GetEpDesc
                0x0800fd90       0x70 ./Middlewares/ST/STM32_USB_Device_Library/Core/Src/usbd_core.o
                0x0800fd90                USBD_GetEpDesc
 .text.USBD_GetNextDesc
                0x0800fe00       0x38 ./Middlewares/ST/STM32_USB_Device_Library/Core/Src/usbd_core.o
                0x0800fe00                USBD_GetNextDesc
 .text.SWAPBYTE
                0x0800fe38       0x3c ./Middlewares/ST/STM32_USB_Device_Library/Core/Src/usbd_ctlreq.o
 .text.USBD_StdDevReq
                0x0800fe74       0xe4 ./Middlewares/ST/STM32_USB_Device_Library/Core/Src/usbd_ctlreq.o
                0x0800fe74                USBD_StdDevReq
 .text.USBD_StdItfReq
                0x0800ff58       0xd8 ./Middlewares/ST/STM32_USB_Device_Library/Core/Src/usbd_ctlreq.o
                0x0800ff58                USBD_StdItfReq
 .text.USBD_StdEPReq
                0x08010030      0x33e ./Middlewares/ST/STM32_USB_Device_Library/Core/Src/usbd_ctlreq.o
                0x08010030                USBD_StdEPReq
 *fill*         0x0801036e        0x2 
 .text.USBD_GetDescriptor
                0x08010370      0x2d4 ./Middlewares/ST/STM32_USB_Device_Library/Core/Src/usbd_ctlreq.o
 .text.USBD_SetAddress
                0x08010644       0x88 ./Middlewares/ST/STM32_USB_Device_Library/Core/Src/usbd_ctlreq.o
 .text.USBD_SetConfig
                0x080106cc      0x154 ./Middlewares/ST/STM32_USB_Device_Library/Core/Src/usbd_ctlreq.o
 .text.USBD_GetConfig
                0x08010820       0x6c ./Middlewares/ST/STM32_USB_Device_Library/Core/Src/usbd_ctlreq.o
 .text.USBD_GetStatus
                0x0801088c       0x68 ./Middlewares/ST/STM32_USB_Device_Library/Core/Src/usbd_ctlreq.o
 .text.USBD_SetFeature
                0x080108f4       0x52 ./Middlewares/ST/STM32_USB_Device_Library/Core/Src/usbd_ctlreq.o
 .text.USBD_ClrFeature
                0x08010946       0x44 ./Middlewares/ST/STM32_USB_Device_Library/Core/Src/usbd_ctlreq.o
 .text.USBD_ParseSetupRequest
                0x0801098a       0x74 ./Middlewares/ST/STM32_USB_Device_Library/Core/Src/usbd_ctlreq.o
                0x0801098a                USBD_ParseSetupRequest
 .text.USBD_CtlError
                0x080109fe       0x22 ./Middlewares/ST/STM32_USB_Device_Library/Core/Src/usbd_ctlreq.o
                0x080109fe                USBD_CtlError
 .text.USBD_GetString
                0x08010a20       0xa4 ./Middlewares/ST/STM32_USB_Device_Library/Core/Src/usbd_ctlreq.o
                0x08010a20                USBD_GetString
 .text.USBD_GetLen
                0x08010ac4       0x34 ./Middlewares/ST/STM32_USB_Device_Library/Core/Src/usbd_ctlreq.o
 .text.USBD_CtlSendData
                0x08010af8       0x3c ./Middlewares/ST/STM32_USB_Device_Library/Core/Src/usbd_ioreq.o
                0x08010af8                USBD_CtlSendData
 .text.USBD_CtlContinueSendData
                0x08010b34       0x22 ./Middlewares/ST/STM32_USB_Device_Library/Core/Src/usbd_ioreq.o
                0x08010b34                USBD_CtlContinueSendData
 .text.USBD_CtlPrepareRx
                0x08010b56       0x42 ./Middlewares/ST/STM32_USB_Device_Library/Core/Src/usbd_ioreq.o
                0x08010b56                USBD_CtlPrepareRx
 .text.USBD_CtlContinueRx
                0x08010b98       0x22 ./Middlewares/ST/STM32_USB_Device_Library/Core/Src/usbd_ioreq.o
                0x08010b98                USBD_CtlContinueRx
 .text.USBD_CtlSendStatus
                0x08010bba       0x26 ./Middlewares/ST/STM32_USB_Device_Library/Core/Src/usbd_ioreq.o
                0x08010bba                USBD_CtlSendStatus
 .text.USBD_CtlReceiveStatus
                0x08010be0       0x26 ./Middlewares/ST/STM32_USB_Device_Library/Core/Src/usbd_ioreq.o
                0x08010be0                USBD_CtlReceiveStatus
 *fill*         0x08010c06        0x2 
 .text.MX_USB_DEVICE_Init
                0x08010c08       0x60 ./USB_DEVICE/App/usb_device.o
                0x08010c08                MX_USB_DEVICE_Init
 .text.CDC_Init_FS
                0x08010c68       0x28 ./USB_DEVICE/App/usbd_cdc_if.o
 .text.CDC_DeInit_FS
                0x08010c90       0x10 ./USB_DEVICE/App/usbd_cdc_if.o
 .text.CDC_Control_FS
                0x08010ca0       0xbc ./USB_DEVICE/App/usbd_cdc_if.o
 .text.CDC_Receive_FS
                0x08010d5c       0x38 ./USB_DEVICE/App/usbd_cdc_if.o
 .text.CDC_Transmit_FS
                0x08010d94       0x4c ./USB_DEVICE/App/usbd_cdc_if.o
                0x08010d94                CDC_Transmit_FS
 .text.CDC_TransmitCplt_FS
                0x08010de0       0x22 ./USB_DEVICE/App/usbd_cdc_if.o
 *fill*         0x08010e02        0x2 
 .text.USBD_FS_DeviceDescriptor
                0x08010e04       0x24 ./USB_DEVICE/App/usbd_desc.o
                0x08010e04                USBD_FS_DeviceDescriptor
 .text.USBD_FS_LangIDStrDescriptor
                0x08010e28       0x24 ./USB_DEVICE/App/usbd_desc.o
                0x08010e28                USBD_FS_LangIDStrDescriptor
 .text.USBD_FS_ProductStrDescriptor
                0x08010e4c       0x3c ./USB_DEVICE/App/usbd_desc.o
                0x08010e4c                USBD_FS_ProductStrDescriptor
 .text.USBD_FS_ManufacturerStrDescriptor
                0x08010e88       0x28 ./USB_DEVICE/App/usbd_desc.o
                0x08010e88                USBD_FS_ManufacturerStrDescriptor
 .text.USBD_FS_SerialStrDescriptor
                0x08010eb0       0x24 ./USB_DEVICE/App/usbd_desc.o
                0x08010eb0                USBD_FS_SerialStrDescriptor
 .text.USBD_FS_ConfigStrDescriptor
                0x08010ed4       0x3c ./USB_DEVICE/App/usbd_desc.o
                0x08010ed4                USBD_FS_ConfigStrDescriptor
 .text.USBD_FS_InterfaceStrDescriptor
                0x08010f10       0x3c ./USB_DEVICE/App/usbd_desc.o
                0x08010f10                USBD_FS_InterfaceStrDescriptor
 .text.Get_SerialNum
                0x08010f4c       0x58 ./USB_DEVICE/App/usbd_desc.o
 .text.IntToUnicode
                0x08010fa4       0x7e ./USB_DEVICE/App/usbd_desc.o
 *fill*         0x08011022        0x2 
 .text.HAL_PCD_MspInit
                0x08011024       0xc4 ./USB_DEVICE/Target/usbd_conf.o
                0x08011024                HAL_PCD_MspInit
 .text.HAL_PCD_SetupStageCallback
                0x080110e8       0x24 ./USB_DEVICE/Target/usbd_conf.o
                0x080110e8                HAL_PCD_SetupStageCallback
 .text.HAL_PCD_DataOutStageCallback
                0x0801110c       0x36 ./USB_DEVICE/Target/usbd_conf.o
                0x0801110c                HAL_PCD_DataOutStageCallback
 .text.HAL_PCD_DataInStageCallback
                0x08011142       0x34 ./USB_DEVICE/Target/usbd_conf.o
                0x08011142                HAL_PCD_DataInStageCallback
 .text.HAL_PCD_SOFCallback
                0x08011176       0x1c ./USB_DEVICE/Target/usbd_conf.o
                0x08011176                HAL_PCD_SOFCallback
 .text.HAL_PCD_ResetCallback
                0x08011192       0x3c ./USB_DEVICE/Target/usbd_conf.o
                0x08011192                HAL_PCD_ResetCallback
 *fill*         0x080111ce        0x2 
 .text.HAL_PCD_SuspendCallback
                0x080111d0       0x4c ./USB_DEVICE/Target/usbd_conf.o
                0x080111d0                HAL_PCD_SuspendCallback
 .text.HAL_PCD_ResumeCallback
                0x0801121c       0x1c ./USB_DEVICE/Target/usbd_conf.o
                0x0801121c                HAL_PCD_ResumeCallback
 .text.HAL_PCD_ISOOUTIncompleteCallback
                0x08011238       0x24 ./USB_DEVICE/Target/usbd_conf.o
                0x08011238                HAL_PCD_ISOOUTIncompleteCallback
 .text.HAL_PCD_ISOINIncompleteCallback
                0x0801125c       0x24 ./USB_DEVICE/Target/usbd_conf.o
                0x0801125c                HAL_PCD_ISOINIncompleteCallback
 .text.HAL_PCD_ConnectCallback
                0x08011280       0x1c ./USB_DEVICE/Target/usbd_conf.o
                0x08011280                HAL_PCD_ConnectCallback
 .text.HAL_PCD_DisconnectCallback
                0x0801129c       0x1c ./USB_DEVICE/Target/usbd_conf.o
                0x0801129c                HAL_PCD_DisconnectCallback
 .text.USBD_LL_Init
                0x080112b8       0x98 ./USB_DEVICE/Target/usbd_conf.o
                0x080112b8                USBD_LL_Init
 .text.USBD_LL_Start
                0x08011350       0x36 ./USB_DEVICE/Target/usbd_conf.o
                0x08011350                USBD_LL_Start
 .text.USBD_LL_OpenEP
                0x08011386       0x4c ./USB_DEVICE/Target/usbd_conf.o
                0x08011386                USBD_LL_OpenEP
 .text.USBD_LL_CloseEP
                0x080113d2       0x3e ./USB_DEVICE/Target/usbd_conf.o
                0x080113d2                USBD_LL_CloseEP
 .text.USBD_LL_StallEP
                0x08011410       0x3e ./USB_DEVICE/Target/usbd_conf.o
                0x08011410                USBD_LL_StallEP
 .text.USBD_LL_ClearStallEP
                0x0801144e       0x3e ./USB_DEVICE/Target/usbd_conf.o
                0x0801144e                USBD_LL_ClearStallEP
 .text.USBD_LL_IsStallEP
                0x0801148c       0x58 ./USB_DEVICE/Target/usbd_conf.o
                0x0801148c                USBD_LL_IsStallEP
 .text.USBD_LL_SetUSBAddress
                0x080114e4       0x3e ./USB_DEVICE/Target/usbd_conf.o
                0x080114e4                USBD_LL_SetUSBAddress
 .text.USBD_LL_Transmit
                0x08011522       0x42 ./USB_DEVICE/Target/usbd_conf.o
                0x08011522                USBD_LL_Transmit
 .text.USBD_LL_PrepareReceive
                0x08011564       0x42 ./USB_DEVICE/Target/usbd_conf.o
                0x08011564                USBD_LL_PrepareReceive
 .text.USBD_LL_GetRxDataSize
                0x080115a6       0x26 ./USB_DEVICE/Target/usbd_conf.o
                0x080115a6                USBD_LL_GetRxDataSize
 .text.USBD_static_malloc
                0x080115cc       0x1c ./USB_DEVICE/Target/usbd_conf.o
                0x080115cc                USBD_static_malloc
 .text.USBD_static_free
                0x080115e8       0x14 ./USB_DEVICE/Target/usbd_conf.o
                0x080115e8                USBD_static_free
 .text.USBD_Get_USB_Status
                0x080115fc       0x58 ./USB_DEVICE/Target/usbd_conf.o
                0x080115fc                USBD_Get_USB_Status
 .text._strtol_l.constprop.0
                0x08011654       0xf4 C:/ST/STM32CubeIDE_1.17.0/STM32CubeIDE/plugins/com.st.stm32cube.ide.mcu.externaltools.gnu-tools-for-stm32.12.3.rel1.win32_1.1.0.202410251130/tools/bin/../lib/gcc/arm-none-eabi/12.3.1/../../../../arm-none-eabi/lib/thumb/v7e-m+fp/hard\libc_nano.a(libc_a-strtol.o)
 .text.strtol   0x08011748       0x14 C:/ST/STM32CubeIDE_1.17.0/STM32CubeIDE/plugins/com.st.stm32cube.ide.mcu.externaltools.gnu-tools-for-stm32.12.3.rel1.win32_1.1.0.202410251130/tools/bin/../lib/gcc/arm-none-eabi/12.3.1/../../../../arm-none-eabi/lib/thumb/v7e-m+fp/hard\libc_nano.a(libc_a-strtol.o)
                0x08011748                strtol
 .text.snprintf
                0x0801175c       0x68 C:/ST/STM32CubeIDE_1.17.0/STM32CubeIDE/plugins/com.st.stm32cube.ide.mcu.externaltools.gnu-tools-for-stm32.12.3.rel1.win32_1.1.0.202410251130/tools/bin/../lib/gcc/arm-none-eabi/12.3.1/../../../../arm-none-eabi/lib/thumb/v7e-m+fp/hard\libc_nano.a(libc_a-snprintf.o)
                0x0801175c                sniprintf
                0x0801175c                snprintf
 .text.memset   0x080117c4       0x10 C:/ST/STM32CubeIDE_1.17.0/STM32CubeIDE/plugins/com.st.stm32cube.ide.mcu.externaltools.gnu-tools-for-stm32.12.3.rel1.win32_1.1.0.202410251130/tools/bin/../lib/gcc/arm-none-eabi/12.3.1/../../../../arm-none-eabi/lib/thumb/v7e-m+fp/hard\libc_nano.a(libc_a-memset.o)
                0x080117c4                memset
 .text.strchr   0x080117d4       0x1a C:/ST/STM32CubeIDE_1.17.0/STM32CubeIDE/plugins/com.st.stm32cube.ide.mcu.externaltools.gnu-tools-for-stm32.12.3.rel1.win32_1.1.0.202410251130/tools/bin/../lib/gcc/arm-none-eabi/12.3.1/../../../../arm-none-eabi/lib/thumb/v7e-m+fp/hard\libc_nano.a(libc_a-strchr.o)
                0x080117d4                strchr
 .text.strstr   0x080117ee       0x2c C:/ST/STM32CubeIDE_1.17.0/STM32CubeIDE/plugins/com.st.stm32cube.ide.mcu.externaltools.gnu-tools-for-stm32.12.3.rel1.win32_1.1.0.202410251130/tools/bin/../lib/gcc/arm-none-eabi/12.3.1/../../../../arm-none-eabi/lib/thumb/v7e-m+fp/hard\libc_nano.a(libc_a-strstr.o)
                0x080117ee                strstr
 *fill*         0x0801181a        0x2 
 .text.__errno  0x0801181c        0xc C:/ST/STM32CubeIDE_1.17.0/STM32CubeIDE/plugins/com.st.stm32cube.ide.mcu.externaltools.gnu-tools-for-stm32.12.3.rel1.win32_1.1.0.202410251130/tools/bin/../lib/gcc/arm-none-eabi/12.3.1/../../../../arm-none-eabi/lib/thumb/v7e-m+fp/hard\libc_nano.a(libc_a-errno.o)
                0x0801181c                __errno
 .text.__libc_init_array
                0x08011828       0x48 C:/ST/STM32CubeIDE_1.17.0/STM32CubeIDE/plugins/com.st.stm32cube.ide.mcu.externaltools.gnu-tools-for-stm32.12.3.rel1.win32_1.1.0.202410251130/tools/bin/../lib/gcc/arm-none-eabi/12.3.1/../../../../arm-none-eabi/lib/thumb/v7e-m+fp/hard\libc_nano.a(libc_a-init.o)
                0x08011828                __libc_init_array
 .text.__retarget_lock_acquire_recursive
                0x08011870        0x2 C:/ST/STM32CubeIDE_1.17.0/STM32CubeIDE/plugins/com.st.stm32cube.ide.mcu.externaltools.gnu-tools-for-stm32.12.3.rel1.win32_1.1.0.202410251130/tools/bin/../lib/gcc/arm-none-eabi/12.3.1/../../../../arm-none-eabi/lib/thumb/v7e-m+fp/hard\libc_nano.a(libc_a-lock.o)
                0x08011870                __retarget_lock_acquire_recursive
 .text.__retarget_lock_release_recursive
                0x08011872        0x2 C:/ST/STM32CubeIDE_1.17.0/STM32CubeIDE/plugins/com.st.stm32cube.ide.mcu.externaltools.gnu-tools-for-stm32.12.3.rel1.win32_1.1.0.202410251130/tools/bin/../lib/gcc/arm-none-eabi/12.3.1/../../../../arm-none-eabi/lib/thumb/v7e-m+fp/hard\libc_nano.a(libc_a-lock.o)
                0x08011872                __retarget_lock_release_recursive
 .text.strcpy   0x08011874       0x10 C:/ST/STM32CubeIDE_1.17.0/STM32CubeIDE/plugins/com.st.stm32cube.ide.mcu.externaltools.gnu-tools-for-stm32.12.3.rel1.win32_1.1.0.202410251130/tools/bin/../lib/gcc/arm-none-eabi/12.3.1/../../../../arm-none-eabi/lib/thumb/v7e-m+fp/hard\libc_nano.a(libc_a-strcpy.o)
                0x08011874                strcpy
 .text.memcpy   0x08011884       0x1c C:/ST/STM32CubeIDE_1.17.0/STM32CubeIDE/plugins/com.st.stm32cube.ide.mcu.externaltools.gnu-tools-for-stm32.12.3.rel1.win32_1.1.0.202410251130/tools/bin/../lib/gcc/arm-none-eabi/12.3.1/../../../../arm-none-eabi/lib/thumb/v7e-m+fp/hard\libc_nano.a(libc_a-memcpy-stub.o)
                0x08011884                memcpy
 .text._free_r  0x080118a0       0x94 C:/ST/STM32CubeIDE_1.17.0/STM32CubeIDE/plugins/com.st.stm32cube.ide.mcu.externaltools.gnu-tools-for-stm32.12.3.rel1.win32_1.1.0.202410251130/tools/bin/../lib/gcc/arm-none-eabi/12.3.1/../../../../arm-none-eabi/lib/thumb/v7e-m+fp/hard\libc_nano.a(libc_a-freer.o)
                0x080118a0                _free_r
 .text.sbrk_aligned
                0x08011934       0x44 C:/ST/STM32CubeIDE_1.17.0/STM32CubeIDE/plugins/com.st.stm32cube.ide.mcu.externaltools.gnu-tools-for-stm32.12.3.rel1.win32_1.1.0.202410251130/tools/bin/../lib/gcc/arm-none-eabi/12.3.1/../../../../arm-none-eabi/lib/thumb/v7e-m+fp/hard\libc_nano.a(libc_a-mallocr.o)
 .text._malloc_r
                0x08011978      0x100 C:/ST/STM32CubeIDE_1.17.0/STM32CubeIDE/plugins/com.st.stm32cube.ide.mcu.externaltools.gnu-tools-for-stm32.12.3.rel1.win32_1.1.0.202410251130/tools/bin/../lib/gcc/arm-none-eabi/12.3.1/../../../../arm-none-eabi/lib/thumb/v7e-m+fp/hard\libc_nano.a(libc_a-mallocr.o)
                0x08011978                _malloc_r
 .text.__malloc_lock
                0x08011a78        0xc C:/ST/STM32CubeIDE_1.17.0/STM32CubeIDE/plugins/com.st.stm32cube.ide.mcu.externaltools.gnu-tools-for-stm32.12.3.rel1.win32_1.1.0.202410251130/tools/bin/../lib/gcc/arm-none-eabi/12.3.1/../../../../arm-none-eabi/lib/thumb/v7e-m+fp/hard\libc_nano.a(libc_a-mlock.o)
                0x08011a78                __malloc_lock
 .text.__malloc_unlock
                0x08011a84        0xc C:/ST/STM32CubeIDE_1.17.0/STM32CubeIDE/plugins/com.st.stm32cube.ide.mcu.externaltools.gnu-tools-for-stm32.12.3.rel1.win32_1.1.0.202410251130/tools/bin/../lib/gcc/arm-none-eabi/12.3.1/../../../../arm-none-eabi/lib/thumb/v7e-m+fp/hard\libc_nano.a(libc_a-mlock.o)
                0x08011a84                __malloc_unlock
 .text.__ssputs_r
                0x08011a90       0xb6 C:/ST/STM32CubeIDE_1.17.0/STM32CubeIDE/plugins/com.st.stm32cube.ide.mcu.externaltools.gnu-tools-for-stm32.12.3.rel1.win32_1.1.0.202410251130/tools/bin/../lib/gcc/arm-none-eabi/12.3.1/../../../../arm-none-eabi/lib/thumb/v7e-m+fp/hard\libc_nano.a(libc_a-nano-svfprintf.o)
                0x08011a90                __ssputs_r
 *fill*         0x08011b46        0x2 
 .text._svfprintf_r
                0x08011b48      0x1f8 C:/ST/STM32CubeIDE_1.17.0/STM32CubeIDE/plugins/com.st.stm32cube.ide.mcu.externaltools.gnu-tools-for-stm32.12.3.rel1.win32_1.1.0.202410251130/tools/bin/../lib/gcc/arm-none-eabi/12.3.1/../../../../arm-none-eabi/lib/thumb/v7e-m+fp/hard\libc_nano.a(libc_a-nano-svfprintf.o)
                0x08011b48                _svfiprintf_r
                0x08011b48                _svfprintf_r
 .text._printf_common
                0x08011d40       0xda C:/ST/STM32CubeIDE_1.17.0/STM32CubeIDE/plugins/com.st.stm32cube.ide.mcu.externaltools.gnu-tools-for-stm32.12.3.rel1.win32_1.1.0.202410251130/tools/bin/../lib/gcc/arm-none-eabi/12.3.1/../../../../arm-none-eabi/lib/thumb/v7e-m+fp/hard\libc_nano.a(libc_a-nano-vfprintf_i.o)
                0x08011d40                _printf_common
 *fill*         0x08011e1a        0x2 
 .text._printf_i
                0x08011e1c      0x240 C:/ST/STM32CubeIDE_1.17.0/STM32CubeIDE/plugins/com.st.stm32cube.ide.mcu.externaltools.gnu-tools-for-stm32.12.3.rel1.win32_1.1.0.202410251130/tools/bin/../lib/gcc/arm-none-eabi/12.3.1/../../../../arm-none-eabi/lib/thumb/v7e-m+fp/hard\libc_nano.a(libc_a-nano-vfprintf_i.o)
                0x08011e1c                _printf_i
 .text.memmove  0x0801205c       0x34 C:/ST/STM32CubeIDE_1.17.0/STM32CubeIDE/plugins/com.st.stm32cube.ide.mcu.externaltools.gnu-tools-for-stm32.12.3.rel1.win32_1.1.0.202410251130/tools/bin/../lib/gcc/arm-none-eabi/12.3.1/../../../../arm-none-eabi/lib/thumb/v7e-m+fp/hard\libc_nano.a(libc_a-memmove.o)
                0x0801205c                memmove
 .text._sbrk_r  0x08012090       0x20 C:/ST/STM32CubeIDE_1.17.0/STM32CubeIDE/plugins/com.st.stm32cube.ide.mcu.externaltools.gnu-tools-for-stm32.12.3.rel1.win32_1.1.0.202410251130/tools/bin/../lib/gcc/arm-none-eabi/12.3.1/../../../../arm-none-eabi/lib/thumb/v7e-m+fp/hard\libc_nano.a(libc_a-sbrkr.o)
                0x08012090                _sbrk_r
 .text._realloc_r
                0x080120b0       0x5c C:/ST/STM32CubeIDE_1.17.0/STM32CubeIDE/plugins/com.st.stm32cube.ide.mcu.externaltools.gnu-tools-for-stm32.12.3.rel1.win32_1.1.0.202410251130/tools/bin/../lib/gcc/arm-none-eabi/12.3.1/../../../../arm-none-eabi/lib/thumb/v7e-m+fp/hard\libc_nano.a(libc_a-reallocr.o)
                0x080120b0                _realloc_r
 .text._malloc_usable_size_r
                0x0801210c       0x10 C:/ST/STM32CubeIDE_1.17.0/STM32CubeIDE/plugins/com.st.stm32cube.ide.mcu.externaltools.gnu-tools-for-stm32.12.3.rel1.win32_1.1.0.202410251130/tools/bin/../lib/gcc/arm-none-eabi/12.3.1/../../../../arm-none-eabi/lib/thumb/v7e-m+fp/hard\libc_nano.a(libc_a-msizer.o)
                0x0801210c                _malloc_usable_size_r
 *(.glue_7)
 .glue_7        0x0801211c        0x0 linker stubs
 *(.glue_7t)
 .glue_7t       0x0801211c        0x0 linker stubs
 *(.eh_frame)
 .eh_frame      0x0801211c        0x0 C:/ST/STM32CubeIDE_1.17.0/STM32CubeIDE/plugins/com.st.stm32cube.ide.mcu.externaltools.gnu-tools-for-stm32.12.3.rel1.win32_1.1.0.202410251130/tools/bin/../lib/gcc/arm-none-eabi/12.3.1/thumb/v7e-m+fp/hard/crtbegin.o
 *(.init)
 .init          0x0801211c        0x4 C:/ST/STM32CubeIDE_1.17.0/STM32CubeIDE/plugins/com.st.stm32cube.ide.mcu.externaltools.gnu-tools-for-stm32.12.3.rel1.win32_1.1.0.202410251130/tools/bin/../lib/gcc/arm-none-eabi/12.3.1/thumb/v7e-m+fp/hard/crti.o
                0x0801211c                _init
 .init          0x08012120        0x8 C:/ST/STM32CubeIDE_1.17.0/STM32CubeIDE/plugins/com.st.stm32cube.ide.mcu.externaltools.gnu-tools-for-stm32.12.3.rel1.win32_1.1.0.202410251130/tools/bin/../lib/gcc/arm-none-eabi/12.3.1/thumb/v7e-m+fp/hard/crtn.o
 *(.fini)
 .fini          0x08012128        0x4 C:/ST/STM32CubeIDE_1.17.0/STM32CubeIDE/plugins/com.st.stm32cube.ide.mcu.externaltools.gnu-tools-for-stm32.12.3.rel1.win32_1.1.0.202410251130/tools/bin/../lib/gcc/arm-none-eabi/12.3.1/thumb/v7e-m+fp/hard/crti.o
                0x08012128                _fini
 .fini          0x0801212c        0x8 C:/ST/STM32CubeIDE_1.17.0/STM32CubeIDE/plugins/com.st.stm32cube.ide.mcu.externaltools.gnu-tools-for-stm32.12.3.rel1.win32_1.1.0.202410251130/tools/bin/../lib/gcc/arm-none-eabi/12.3.1/thumb/v7e-m+fp/hard/crtn.o
                0x08012134                        . = ALIGN (0x4)
                0x08012134                        _etext = .

.vfp11_veneer   0x08012134        0x0
 .vfp11_veneer  0x08012134        0x0 linker stubs

.v4_bx          0x08012134        0x0
 .v4_bx         0x08012134        0x0 linker stubs

.iplt           0x08012134        0x0
 .iplt          0x08012134        0x0 C:/ST/STM32CubeIDE_1.17.0/STM32CubeIDE/plugins/com.st.stm32cube.ide.mcu.externaltools.gnu-tools-for-stm32.12.3.rel1.win32_1.1.0.202410251130/tools/bin/../lib/gcc/arm-none-eabi/12.3.1/thumb/v7e-m+fp/hard/crtbegin.o

.rodata         0x08012134      0x548
                0x08012134                        . = ALIGN (0x4)
 *(.rodata)
 .rodata        0x08012134      0x16b ./Core/Src/main.o
 *fill*         0x0801229f        0x1 
 .rodata        0x080122a0       0x46 ./USB_DEVICE/App/usbd_desc.o
 *(.rodata*)
 *fill*         0x080122e6        0x2 
 .rodata.font   0x080122e8      0x240 ./Core/Src/ILI9341/ILI9341_GFX.o
 .rodata.AHBPrescTable
                0x08012528       0x10 ./Core/Src/system_stm32f4xx.o
                0x08012528                AHBPrescTable
 .rodata.APBPrescTable
                0x08012538        0x8 ./Core/Src/system_stm32f4xx.o
                0x08012538                APBPrescTable
 .rodata.flagBitshiftOffset.0
                0x08012540        0x8 ./Drivers/STM32F4xx_HAL_Driver/Src/stm32f4xx_hal_dma.o
 .rodata._ctype_
                0x08012548      0x101 C:/ST/STM32CubeIDE_1.17.0/STM32CubeIDE/plugins/com.st.stm32cube.ide.mcu.externaltools.gnu-tools-for-stm32.12.3.rel1.win32_1.1.0.202410251130/tools/bin/../lib/gcc/arm-none-eabi/12.3.1/../../../../arm-none-eabi/lib/thumb/v7e-m+fp/hard\libc_nano.a(libc_a-ctype_.o)
                0x08012548                _ctype_
 .rodata._svfprintf_r.str1.1
                0x08012649       0x11 C:/ST/STM32CubeIDE_1.17.0/STM32CubeIDE/plugins/com.st.stm32cube.ide.mcu.externaltools.gnu-tools-for-stm32.12.3.rel1.win32_1.1.0.202410251130/tools/bin/../lib/gcc/arm-none-eabi/12.3.1/../../../../arm-none-eabi/lib/thumb/v7e-m+fp/hard\libc_nano.a(libc_a-nano-svfprintf.o)
 .rodata._printf_i.str1.1
                0x0801265a       0x22 C:/ST/STM32CubeIDE_1.17.0/STM32CubeIDE/plugins/com.st.stm32cube.ide.mcu.externaltools.gnu-tools-for-stm32.12.3.rel1.win32_1.1.0.202410251130/tools/bin/../lib/gcc/arm-none-eabi/12.3.1/../../../../arm-none-eabi/lib/thumb/v7e-m+fp/hard\libc_nano.a(libc_a-nano-vfprintf_i.o)
                0x0801267c                        . = ALIGN (0x4)

.ARM.extab      0x0801267c        0x0
                0x0801267c                        . = ALIGN (0x4)
 *(.ARM.extab* .gnu.linkonce.armextab.*)
                0x0801267c                        . = ALIGN (0x4)

.ARM            0x0801267c        0x8
                0x0801267c                        . = ALIGN (0x4)
                0x0801267c                        __exidx_start = .
 *(.ARM.exidx*)
 .ARM.exidx     0x0801267c        0x8 C:/ST/STM32CubeIDE_1.17.0/STM32CubeIDE/plugins/com.st.stm32cube.ide.mcu.externaltools.gnu-tools-for-stm32.12.3.rel1.win32_1.1.0.202410251130/tools/bin/../lib/gcc/arm-none-eabi/12.3.1/../../../../arm-none-eabi/lib/thumb/v7e-m+fp/hard\libc_nano.a(libc_a-strcmp.o)
 .ARM.exidx     0x08012684        0x0 C:/ST/STM32CubeIDE_1.17.0/STM32CubeIDE/plugins/com.st.stm32cube.ide.mcu.externaltools.gnu-tools-for-stm32.12.3.rel1.win32_1.1.0.202410251130/tools/bin/../lib/gcc/arm-none-eabi/12.3.1/../../../../arm-none-eabi/lib/thumb/v7e-m+fp/hard\libc_nano.a(libc_a-strlen.o)
                                  0x8 (size before relaxing)
 .ARM.exidx     0x08012684        0x0 C:/ST/STM32CubeIDE_1.17.0/STM32CubeIDE/plugins/com.st.stm32cube.ide.mcu.externaltools.gnu-tools-for-stm32.12.3.rel1.win32_1.1.0.202410251130/tools/bin/../lib/gcc/arm-none-eabi/12.3.1/../../../../arm-none-eabi/lib/thumb/v7e-m+fp/hard\libc_nano.a(libc_a-memchr.o)
                                  0x8 (size before relaxing)
 .ARM.exidx     0x08012684        0x0 C:/ST/STM32CubeIDE_1.17.0/STM32CubeIDE/plugins/com.st.stm32cube.ide.mcu.externaltools.gnu-tools-for-stm32.12.3.rel1.win32_1.1.0.202410251130/tools/bin/../lib/gcc/arm-none-eabi/12.3.1/thumb/v7e-m+fp/hard\libgcc.a(_udivmoddi4.o)
                                  0x8 (size before relaxing)
                0x08012684                        __exidx_end = .
                0x08012684                        . = ALIGN (0x4)

.preinit_array  0x08012684        0x0
                0x08012684                        . = ALIGN (0x4)
                0x08012684                        PROVIDE (__preinit_array_start = .)
 *(.preinit_array*)
                0x08012684                        PROVIDE (__preinit_array_end = .)
                0x08012684                        . = ALIGN (0x4)

.init_array     0x08012684        0x4
                0x08012684                        . = ALIGN (0x4)
                0x08012684                        PROVIDE (__init_array_start = .)
 *(SORT_BY_NAME(.init_array.*))
 *(.init_array*)
 .init_array    0x08012684        0x4 C:/ST/STM32CubeIDE_1.17.0/STM32CubeIDE/plugins/com.st.stm32cube.ide.mcu.externaltools.gnu-tools-for-stm32.12.3.rel1.win32_1.1.0.202410251130/tools/bin/../lib/gcc/arm-none-eabi/12.3.1/thumb/v7e-m+fp/hard/crtbegin.o
                0x08012688                        PROVIDE (__init_array_end = .)
                0x08012688                        . = ALIGN (0x4)

.fini_array     0x08012688        0x4
                0x08012688                        . = ALIGN (0x4)
                [!provide]                        PROVIDE (__fini_array_start = .)
 *(SORT_BY_NAME(.fini_array.*))
 *(.fini_array*)
 .fini_array    0x08012688        0x4 C:/ST/STM32CubeIDE_1.17.0/STM32CubeIDE/plugins/com.st.stm32cube.ide.mcu.externaltools.gnu-tools-for-stm32.12.3.rel1.win32_1.1.0.202410251130/tools/bin/../lib/gcc/arm-none-eabi/12.3.1/thumb/v7e-m+fp/hard/crtbegin.o
                [!provide]                        PROVIDE (__fini_array_end = .)
                0x0801268c                        . = ALIGN (0x4)
                0x0801268c                        _sidata = LOADADDR (.data)

.rel.dyn        0x0801268c        0x0
 .rel.iplt      0x0801268c        0x0 C:/ST/STM32CubeIDE_1.17.0/STM32CubeIDE/plugins/com.st.stm32cube.ide.mcu.externaltools.gnu-tools-for-stm32.12.3.rel1.win32_1.1.0.202410251130/tools/bin/../lib/gcc/arm-none-eabi/12.3.1/thumb/v7e-m+fp/hard/crtbegin.o

.data           0x20000000      0x418 load address 0x0801268c
                0x20000000                        . = ALIGN (0x4)
                0x20000000                        _sdata = .
 *(.data)
 *(.data*)
 .data.LCD_HEIGHT
                0x20000000        0x2 ./Core/Src/ILI9341/ILI9341_STM32_Driver.o
                0x20000000                LCD_HEIGHT
 .data.LCD_WIDTH
                0x20000002        0x2 ./Core/Src/ILI9341/ILI9341_STM32_Driver.o
                0x20000002                LCD_WIDTH
 .data.DefaultTuningSettings
                0x20000004       0xf3 ./Core/Src/VL53L0X/core/src/vl53l0x_api.o
                0x20000004                DefaultTuningSettings
 *fill*         0x200000f7        0x1 
 .data.InterruptThresholdSettings
                0x200000f8      0x1b6 ./Core/Src/VL53L0X/core/src/vl53l0x_api.o
                0x200000f8                InterruptThresholdSettings
 *fill*         0x200002ae        0x2 
 .data.refArrayQuadrants
                0x200002b0       0x10 ./Core/Src/VL53L0X/core/src/vl53l0x_api_calibration.o
                0x200002b0                refArrayQuadrants
 .data.is_raw_on
                0x200002c0        0x1 ./Core/Src/main.o
                0x200002c0                is_raw_on
 .data.status_A_V
                0x200002c1        0x1 ./Core/Src/main.o
                0x200002c1                status_A_V
 .data.lon_stat
                0x200002c2        0x1 ./Core/Src/main.o
                0x200002c2                lon_stat
 .data.lat_stat
                0x200002c3        0x1 ./Core/Src/main.o
                0x200002c3                lat_stat
 .data.Dev      0x200002c4        0x4 ./Core/Src/main.o
                0x200002c4                Dev
 .data.rng_state
                0x200002c8        0x4 ./Core/Src/rng.o
 .data.SystemCoreClock
                0x200002cc        0x4 ./Core/Src/system_stm32f4xx.o
                0x200002cc                SystemCoreClock
 .data.uwTickPrio
                0x200002d0        0x4 ./Drivers/STM32F4xx_HAL_Driver/Src/stm32f4xx_hal.o
                0x200002d0                uwTickPrio
 .data.uwTickFreq
                0x200002d4        0x1 ./Drivers/STM32F4xx_HAL_Driver/Src/stm32f4xx_hal.o
                0x200002d4                uwTickFreq
 *fill*         0x200002d5        0x3 
 .data.USBD_CDC_DeviceQualifierDesc
                0x200002d8        0xa ./Middlewares/ST/STM32_USB_Device_Library/Class/CDC/Src/usbd_cdc.o
 *fill*         0x200002e2        0x2 
 .data.USBD_CDC
                0x200002e4       0x38 ./Middlewares/ST/STM32_USB_Device_Library/Class/CDC/Src/usbd_cdc.o
                0x200002e4                USBD_CDC
 .data.USBD_CDC_CfgDesc
                0x2000031c       0x43 ./Middlewares/ST/STM32_USB_Device_Library/Class/CDC/Src/usbd_cdc.o
 .data.CDCInEpAdd
                0x2000035f        0x1 ./Middlewares/ST/STM32_USB_Device_Library/Class/CDC/Src/usbd_cdc.o
 .data.CDCOutEpAdd
                0x20000360        0x1 ./Middlewares/ST/STM32_USB_Device_Library/Class/CDC/Src/usbd_cdc.o
 .data.CDCCmdEpAdd
                0x20000361        0x1 ./Middlewares/ST/STM32_USB_Device_Library/Class/CDC/Src/usbd_cdc.o
 *fill*         0x20000362        0x2 
 .data.USBD_Interface_fops_FS
                0x20000364       0x14 ./USB_DEVICE/App/usbd_cdc_if.o
                0x20000364                USBD_Interface_fops_FS
 .data.FS_Desc  0x20000378       0x1c ./USB_DEVICE/App/usbd_desc.o
                0x20000378                FS_Desc
 .data.USBD_FS_DeviceDesc
                0x20000394       0x12 ./USB_DEVICE/App/usbd_desc.o
                0x20000394                USBD_FS_DeviceDesc
 *fill*         0x200003a6        0x2 
 .data.USBD_LangIDDesc
                0x200003a8        0x4 ./USB_DEVICE/App/usbd_desc.o
                0x200003a8                USBD_LangIDDesc
 .data.USBD_StringSerial
                0x200003ac       0x1a ./USB_DEVICE/App/usbd_desc.o
                0x200003ac                USBD_StringSerial
 *fill*         0x200003c6        0x2 
 .data._impure_ptr
                0x200003c8        0x4 C:/ST/STM32CubeIDE_1.17.0/STM32CubeIDE/plugins/com.st.stm32cube.ide.mcu.externaltools.gnu-tools-for-stm32.12.3.rel1.win32_1.1.0.202410251130/tools/bin/../lib/gcc/arm-none-eabi/12.3.1/../../../../arm-none-eabi/lib/thumb/v7e-m+fp/hard\libc_nano.a(libc_a-impure.o)
                0x200003c8                _impure_ptr
 .data._impure_data
                0x200003cc       0x4c C:/ST/STM32CubeIDE_1.17.0/STM32CubeIDE/plugins/com.st.stm32cube.ide.mcu.externaltools.gnu-tools-for-stm32.12.3.rel1.win32_1.1.0.202410251130/tools/bin/../lib/gcc/arm-none-eabi/12.3.1/../../../../arm-none-eabi/lib/thumb/v7e-m+fp/hard\libc_nano.a(libc_a-impure.o)
                0x200003cc                _impure_data
 *(.RamFunc)