Archive member included to satisfy reference by file (symbol)

C:/ST/STM32CubeIDE_1.17.0/STM32CubeIDE/plugins/com.st.stm32cube.ide.mcu.externaltools.gnu-tools-for-stm32.12.3.rel1.win32_1.1.0.202410251130/tools/bin/../lib/gcc/arm-none-eabi/12.3.1/../../../../arm-none-eabi/lib/thumb/v7e-m+fp/hard\libc_nano.a(libc_a-exit.o)
                              C:/ST/STM32CubeIDE_1.17.0/STM32CubeIDE/plugins/com.st.stm32cube.ide.mcu.externaltools.gnu-tools-for-stm32.12.3.rel1.win32_1.1.0.202410251130/tools/bin/../lib/gcc/arm-none-eabi/12.3.1/../../../../arm-none-eabi/lib/thumb/v7e-m+fp/hard/crt0.o (exit)
C:/ST/STM32CubeIDE_1.17.0/STM32CubeIDE/plugins/com.st.stm32cube.ide.mcu.externaltools.gnu-tools-for-stm32.12.3.rel1.win32_1.1.0.202410251130/tools/bin/../lib/gcc/arm-none-eabi/12.3.1/../../../../arm-none-eabi/lib/thumb/v7e-m+fp/hard\libc_nano.a(libc_a-strtol.o)
                              ./Core/Src/main.o (strtol)
C:/ST/STM32CubeIDE_1.17.0/STM32CubeIDE/plugins/com.st.stm32cube.ide.mcu.externaltools.gnu-tools-for-stm32.12.3.rel1.win32_1.1.0.202410251130/tools/bin/../lib/gcc/arm-none-eabi/12.3.1/../../../../arm-none-eabi/lib/thumb/v7e-m+fp/hard\libc_nano.a(libc_a-ctype_.o)
                              C:/ST/STM32CubeIDE_1.17.0/STM32CubeIDE/plugins/com.st.stm32cube.ide.mcu.externaltools.gnu-tools-for-stm32.12.3.rel1.win32_1.1.0.202410251130/tools/bin/../lib/gcc/arm-none-eabi/12.3.1/../../../../arm-none-eabi/lib/thumb/v7e-m+fp/hard\libc_nano.a(libc_a-strtol.o) (_ctype_)
C:/ST/STM32CubeIDE_1.17.0/STM32CubeIDE/plugins/com.st.stm32cube.ide.mcu.externaltools.gnu-tools-for-stm32.12.3.rel1.win32_1.1.0.202410251130/tools/bin/../lib/gcc/arm-none-eabi/12.3.1/../../../../arm-none-eabi/lib/thumb/v7e-m+fp/hard\libc_nano.a(libc_a-findfp.o)
                              C:/ST/STM32CubeIDE_1.17.0/STM32CubeIDE/plugins/com.st.stm32cube.ide.mcu.externaltools.gnu-tools-for-stm32.12.3.rel1.win32_1.1.0.202410251130/tools/bin/../lib/gcc/arm-none-eabi/12.3.1/../../../../arm-none-eabi/lib/thumb/v7e-m+fp/hard\libc_nano.a(libc_a-exit.o) (__stdio_exit_handler)
C:/ST/STM32CubeIDE_1.17.0/STM32CubeIDE/plugins/com.st.stm32cube.ide.mcu.externaltools.gnu-tools-for-stm32.12.3.rel1.win32_1.1.0.202410251130/tools/bin/../lib/gcc/arm-none-eabi/12.3.1/../../../../arm-none-eabi/lib/thumb/v7e-m+fp/hard\libc_nano.a(libc_a-fwalk.o)
                              C:/ST/STM32CubeIDE_1.17.0/STM32CubeIDE/plugins/com.st.stm32cube.ide.mcu.externaltools.gnu-tools-for-stm32.12.3.rel1.win32_1.1.0.202410251130/tools/bin/../lib/gcc/arm-none-eabi/12.3.1/../../../../arm-none-eabi/lib/thumb/v7e-m+fp/hard\libc_nano.a(libc_a-findfp.o) (_fwalk_sglue)
C:/ST/STM32CubeIDE_1.17.0/STM32CubeIDE/plugins/com.st.stm32cube.ide.mcu.externaltools.gnu-tools-for-stm32.12.3.rel1.win32_1.1.0.202410251130/tools/bin/../lib/gcc/arm-none-eabi/12.3.1/../../../../arm-none-eabi/lib/thumb/v7e-m+fp/hard\libc_nano.a(libc_a-snprintf.o)
                              ./Core/Src/main.o (snprintf)
C:/ST/STM32CubeIDE_1.17.0/STM32CubeIDE/plugins/com.st.stm32cube.ide.mcu.externaltools.gnu-tools-for-stm32.12.3.rel1.win32_1.1.0.202410251130/tools/bin/../lib/gcc/arm-none-eabi/12.3.1/../../../../arm-none-eabi/lib/thumb/v7e-m+fp/hard\libc_nano.a(libc_a-stdio.o)
                              C:/ST/STM32CubeIDE_1.17.0/STM32CubeIDE/plugins/com.st.stm32cube.ide.mcu.externaltools.gnu-tools-for-stm32.12.3.rel1.win32_1.1.0.202410251130/tools/bin/../lib/gcc/arm-none-eabi/12.3.1/../../../../arm-none-eabi/lib/thumb/v7e-m+fp/hard\libc_nano.a(libc_a-findfp.o) (__sread)
C:/ST/STM32CubeIDE_1.17.0/STM32CubeIDE/plugins/com.st.stm32cube.ide.mcu.externaltools.gnu-tools-for-stm32.12.3.rel1.win32_1.1.0.202410251130/tools/bin/../lib/gcc/arm-none-eabi/12.3.1/../../../../arm-none-eabi/lib/thumb/v7e-m+fp/hard\libc_nano.a(libc_a-memset.o)
                              C:/ST/STM32CubeIDE_1.17.0/STM32CubeIDE/plugins/com.st.stm32cube.ide.mcu.externaltools.gnu-tools-for-stm32.12.3.rel1.win32_1.1.0.202410251130/tools/bin/../lib/gcc/arm-none-eabi/12.3.1/../../../../arm-none-eabi/lib/thumb/v7e-m+fp/hard/crt0.o (memset)
C:/ST/STM32CubeIDE_1.17.0/STM32CubeIDE/plugins/com.st.stm32cube.ide.mcu.externaltools.gnu-tools-for-stm32.12.3.rel1.win32_1.1.0.202410251130/tools/bin/../lib/gcc/arm-none-eabi/12.3.1/../../../../arm-none-eabi/lib/thumb/v7e-m+fp/hard\libc_nano.a(libc_a-strchr.o)
                              ./Core/Src/main.o (strchr)
C:/ST/STM32CubeIDE_1.17.0/STM32CubeIDE/plugins/com.st.stm32cube.ide.mcu.externaltools.gnu-tools-for-stm32.12.3.rel1.win32_1.1.0.202410251130/tools/bin/../lib/gcc/arm-none-eabi/12.3.1/../../../../arm-none-eabi/lib/thumb/v7e-m+fp/hard\libc_nano.a(libc_a-strstr.o)
                              ./Core/Src/main.o (strstr)
C:/ST/STM32CubeIDE_1.17.0/STM32CubeIDE/plugins/com.st.stm32cube.ide.mcu.externaltools.gnu-tools-for-stm32.12.3.rel1.win32_1.1.0.202410251130/tools/bin/../lib/gcc/arm-none-eabi/12.3.1/../../../../arm-none-eabi/lib/thumb/v7e-m+fp/hard\libc_nano.a(libc_a-closer.o)
[...]
Memory Configuration

Name             Origin             Length             Attributes
RAM              0x20000000         0x00020000         xrw
FLASH            0x08000000         0x00080000         xr
*default*        0x00000000         0xffffffff

Linker script and memory map

LOAD C:/ST/STM32CubeIDE_1.17.0/STM32CubeIDE/plugins/com.st.stm32cube.ide.mcu.externaltools.gnu-tools-for-stm32.12.3.rel1.win32_1.1.0.202410251130/tools/bin/../lib/gcc/arm-none-eabi/12.3.1/thumb/v7e-m+fp/hard/crti.o
LOAD C:/ST/STM32CubeIDE_1.17.0/STM32CubeIDE/plugins/com.st.stm32cube.ide.mcu.externaltools.gnu-tools-for-stm32.12.3.rel1.win32_1.1.0.202410251130/tools/bin/../lib/gcc/arm-none-eabi/12.3.1/thumb/v7e-m+fp/hard/crtbegin.o
LOAD C:/ST/STM32CubeIDE_1.17.0/STM32CubeIDE/plugins/com.st.stm32cube.ide.mcu.externaltools.gnu-tools-for-stm32.12.3.rel1.win32_1.1.0.202410251130/tools/bin/../lib/gcc/arm-none-eabi/12.3.1/../../../../arm-none-eabi/lib/thumb/v7e-m+fp/hard/crt0.o
LOAD ./Core/Src/ILI9341/ILI9341_GFX.o
LOAD ./Core/Src/ILI9341/ILI9341_STM32_Driver.o
LOAD ./Core/Src/main.o
LOAD ./Core/Src/rng.o
LOAD ./Core/Src/stm32f4xx_hal_msp.o
LOAD ./Core/Src/stm32f4xx_it.o
LOAD ./Core/Src/syscalls.o
LOAD ./Core/Src/sysmem.o
LOAD ./Core/Src/system_stm32f4xx.o
LOAD ./Core/Startup/startup_stm32f411vetx.o
LOAD ./Drivers/STM32F4xx_HAL_Driver/Src/stm32f4xx_hal.o
LOAD ./Drivers/STM32F4xx_HAL_Driver/Src/stm32f4xx_hal_cortex.o
LOAD ./Drivers/STM32F4xx_HAL_Driver/Src/stm32f4xx_hal_dma.o
LOAD ./Drivers/STM32F4xx_HAL_Driver/Src/stm32f4xx_hal_dma_ex.o
LOAD ./Drivers/STM32F4xx_HAL_Driver/Src/stm32f4xx_hal_exti.o
LOAD ./Drivers/STM32F4xx_HAL_Driver/Src/stm32f4xx_hal_flash.o
LOAD ./Drivers/STM32F4xx_HAL_Driver/Src/stm32f4xx_hal_flash_ex.o
LOAD ./Drivers/STM32F4xx_HAL_Driver/Src/stm32f4xx_hal_flash_ramfunc.o
LOAD ./Drivers/STM32F4xx_HAL_Driver/Src/stm32f4xx_hal_gpio.o
LOAD ./Drivers/STM32F4xx_HAL_Driver/Src/stm32f4xx_hal_i2c.o
LOAD ./Drivers/STM32F4xx_HAL_Driver/Src/stm32f4xx_hal_i2c_ex.o
LOAD ./Drivers/STM32F4xx_HAL_Driver/Src/stm32f4xx_hal_i2s.o
LOAD ./Drivers/STM32F4xx_HAL_Driver/Src/stm32f4xx_hal_i2s_ex.o
LOAD ./Drivers/STM32F4xx_HAL_Driver/Src/stm32f4xx_hal_pcd.o
LOAD ./Drivers/STM32F4xx_HAL_Driver/Src/stm32f4xx_hal_pcd_ex.o
LOAD ./Drivers/STM32F4xx_HAL_Driver/Src/stm32f4xx_hal_pwr.o
LOAD ./Drivers/STM32F4xx_HAL_Driver/Src/stm32f4xx_hal_pwr_ex.o
LOAD ./Drivers/STM32F4xx_HAL_Driver/Src/stm32f4xx_hal_rcc.o
LOAD ./Drivers/STM32F4xx_HAL_Driver/Src/stm32f4xx_hal_rcc_ex.o
LOAD ./Drivers/STM32F4xx_HAL_Driver/Src/stm32f4xx_hal_spi.o
LOAD ./Drivers/STM32F4xx_HAL_Driver/Src/stm32f4xx_hal_uart.o
LOAD ./Drivers/STM32F4xx_HAL_Driver/Src/stm32f4xx_ll_usb.o
LOAD ./Middlewares/ST/STM32_USB_Device_Library/Class/CDC/Src/usbd_cdc.o
LOAD ./Middlewares/ST/STM32_USB_Device_Library/Core/Src/usbd_core.o
LOAD ./Middlewares/ST/STM32_USB_Device_Library/Core/Src/usbd_ctlreq.o
LOAD ./Middlewares/ST/STM32_USB_Device_Library/Core/Src/usbd_ioreq.o
LOAD ./USB_DEVICE/App/usb_device.o
LOAD ./USB_DEVICE/App/usbd_cdc_if.o
LOAD ./USB_DEVICE/App/usbd_desc.o
LOAD ./USB_DEVICE/Target/usbd_conf.o
START GROUP
LOAD C:/ST/STM32CubeIDE_1.17.0/STM32CubeIDE/plugins/com.st.stm32cube.ide.mcu.externaltools.gnu-tools-for-stm32.12.3.rel1.win32_1.1.0.202410251130/tools/bin/../lib/gcc/arm-none-eabi/12.3.1/../../../../arm-none-eabi/lib/thumb/v7e-m+fp/hard\libc_nano.a
LOAD C:/ST/STM32CubeIDE_1.17.0/STM32CubeIDE/plugins/com.st.stm32cube.ide.mcu.externaltools.gnu-tools-for-stm32.12.3.rel1.win32_1.1.0.202410251130/tools/bin/../lib/gcc/arm-none-eabi/12.3.1/../../../../arm-none-eabi/lib/thumb/v7e-m+fp/hard\libm.a
END GROUP
START GROUP
LOAD C:/ST/STM32CubeIDE_1.17.0/STM32CubeIDE/plugins/com.st.stm32cube.ide.mcu.externaltools.gnu-tools-for-stm32.12.3.rel1.win32_1.1.0.202410251130/tools/bin/../lib/gcc/arm-none-eabi/12.3.1/thumb/v7e-m+fp/hard\libgcc.a
LOAD C:/ST/STM32CubeIDE_1.17.0/STM32CubeIDE/plugins/com.st.stm32cube.ide.mcu.externaltools.gnu-tools-for-stm32.12.3.rel1.win32_1.1.0.202410251130/tools/bin/../lib/gcc/arm-none-eabi/12.3.1/../../../../arm-none-eabi/lib/thumb/v7e-m+fp/hard\libc_nano.a
END GROUP
START GROUP
LOAD C:/ST/STM32CubeIDE_1.17.0/STM32CubeIDE/plugins/com.st.stm32cube.ide.mcu.externaltools.gnu-tools-for-stm32.12.3.rel1.win32_1.1.0.202410251130/tools/bin/../lib/gcc/arm-none-eabi/12.3.1/thumb/v7e-m+fp/hard\libgcc.a
LOAD C:/ST/STM32CubeIDE_1.17.0/STM32CubeIDE/plugins/com.st.stm32cube.ide.mcu.externaltools.gnu-tools-for-stm32.12.3.rel1.win32_1.1.0.202410251130/tools/bin/../lib/gcc/arm-none-eabi/12.3.1/../../../../arm-none-eabi/lib/thumb/v7e-m+fp/hard\libc_nano.a
LOAD C:/ST/STM32CubeIDE_1.17.0/STM32CubeIDE/plugins/com.st.stm32cube.ide.mcu.externaltools.gnu-tools-for-stm32.12.3.rel1.win32_1.1.0.202410251130/tools/bin/../lib/gcc/arm-none-eabi/12.3.1/../../../../arm-none-eabi/lib/thumb/v7e-m+fp/hard\libnosys.a
END GROUP
START GROUP
LOAD C:/ST/STM32CubeIDE_1.17.0/STM32CubeIDE/plugins/com.st.stm32cube.ide.mcu.externaltools.gnu-tools-for-stm32.12.3.rel1.win32_1.1.0.202410251130/tools/bin/../lib/gcc/arm-none-eabi/12.3.1/thumb/v7e-m+fp/hard\libgcc.a
LOAD C:/ST/STM32CubeIDE_1.17.0/STM32CubeIDE/plugins/com.st.stm32cube.ide.mcu.externaltools.gnu-tools-for-stm32.12.3.rel1.win32_1.1.0.202410251130/tools/bin/../lib/gcc/arm-none-eabi/12.3.1/../../../../arm-none-eabi/lib/thumb/v7e-m+fp/hard\libc_nano.a
LOAD C:/ST/STM32CubeIDE_1.17.0/STM32CubeIDE/plugins/com.st.stm32cube.ide.mcu.externaltools.gnu-tools-for-stm32.12.3.rel1.win32_1.1.0.202410251130/tools/bin/../lib/gcc/arm-none-eabi/12.3.1/../../../../arm-none-eabi/lib/thumb/v7e-m+fp/hard\libnosys.a
END GROUP
LOAD C:/ST/STM32CubeIDE_1.17.0/STM32CubeIDE/plugins/com.st.stm32cube.ide.mcu.externaltools.gnu-tools-for-stm32.12.3.rel1.win32_1.1.0.202410251130/tools/bin/../lib/gcc/arm-none-eabi/12.3.1/thumb/v7e-m+fp/hard/crtend.o
LOAD C:/ST/STM32CubeIDE_1.17.0/STM32CubeIDE/plugins/com.st.stm32cube.ide.mcu.externaltools.gnu-tools-for-stm32.12.3.rel1.win32_1.1.0.202410251130/tools/bin/../lib/gcc/arm-none-eabi/12.3.1/thumb/v7e-m+fp/hard/crtn.o
                0x20020000                        _estack = (ORIGIN (RAM) + LENGTH (RAM))
                0x00000200                        _Min_Heap_Size = 0x200
                0x00000400                        _Min_Stack_Size = 0x400

.isr_vector     0x08000000      0x198
                0x08000000                        . = ALIGN (0x4)
 *(.isr_vector)
 .isr_vector    0x08000000      0x198 ./Core/Startup/startup_stm32f411vetx.o
                0x08000000                g_pfnVectors
                0x08000198                        . = ALIGN (0x4)

.text           0x080001a0     0xc318
                0x080001a0                        . = ALIGN (0x4)
 *(.text)
 .text          0x080001a0       0x40 C:/ST/STM32CubeIDE_1.17.0/STM32CubeIDE/plugins/com.st.stm32cube.ide.mcu.externaltools.gnu-tools-for-stm32.12.3.rel1.win32_1.1.0.202410251130/tools/bin/../lib/gcc/arm-none-eabi/12.3.1/thumb/v7e-m+fp/hard/crtbegin.o
 .text          0x080001e0       0x14 C:/ST/STM32CubeIDE_1.17.0/STM32CubeIDE/plugins/com.st.stm32cube.ide.mcu.externaltools.gnu-tools-for-stm32.12.3.rel1.win32_1.1.0.202410251130/tools/bin/../lib/gcc/arm-none-eabi/12.3.1/../../../../arm-none-eabi/lib/thumb/v7e-m+fp/hard\libc_nano.a(libc_a-strcmp.o)
                0x080001e0                strcmp
 .text          0x080001f4       0x10 C:/ST/STM32CubeIDE_1.17.0/STM32CubeIDE/plugins/com.st.stm32cube.ide.mcu.externaltools.gnu-tools-for-stm32.12.3.rel1.win32_1.1.0.202410251130/tools/bin/../lib/gcc/arm-none-eabi/12.3.1/../../../../arm-none-eabi/lib/thumb/v7e-m+fp/hard\libc_nano.a(libc_a-strlen.o)
                0x080001f4                strlen
 *fill*         0x08000204        0xc 
 .text          0x08000210       0xa0 C:/ST/STM32CubeIDE_1.17.0/STM32CubeIDE/plugins/com.st.stm32cube.ide.mcu.externaltools.gnu-tools-for-stm32.12.3.rel1.win32_1.1.0.202410251130/tools/bin/../lib/gcc/arm-none-eabi/12.3.1/../../../../arm-none-eabi/lib/thumb/v7e-m+fp/hard\libc_nano.a(libc_a-memchr.o)
                0x08000210                memchr
 .text          0x080002b0       0x30 C:/ST/STM32CubeIDE_1.17.0/STM32CubeIDE/plugins/com.st.stm32cube.ide.mcu.externaltools.gnu-tools-for-stm32.12.3.rel1.win32_1.1.0.202410251130/tools/bin/../lib/gcc/arm-none-eabi/12.3.1/thumb/v7e-m+fp/hard\libgcc.a(_aeabi_uldivmod.o)
                0x080002b0                __aeabi_uldivmod
 .text          0x080002e0      0x2bc C:/ST/STM32CubeIDE_1.17.0/STM32CubeIDE/plugins/com.st.stm32cube.ide.mcu.externaltools.gnu-tools-for-stm32.12.3.rel1.win32_1.1.0.202410251130/tools/bin/../lib/gcc/arm-none-eabi/12.3.1/thumb/v7e-m+fp/hard\libgcc.a(_udivmoddi4.o)
                0x080002e0                __udivmoddi4
 .text          0x0800059c        0x4 C:/ST/STM32CubeIDE_1.17.0/STM32CubeIDE/plugins/com.st.stm32cube.ide.mcu.externaltools.gnu-tools-for-stm32.12.3.rel1.win32_1.1.0.202410251130/tools/bin/../lib/gcc/arm-none-eabi/12.3.1/thumb/v7e-m+fp/hard\libgcc.a(_dvmd_tls.o)
                0x0800059c                __aeabi_idiv0
                0x0800059c                __aeabi_ldiv0
 *(.text*)
 .text.ILI9341_Draw_Char
                0x080005a0      0x128 ./Core/Src/ILI9341/ILI9341_GFX.o
                0x080005a0                ILI9341_Draw_Char
 .text.ILI9341_Draw_Text
                0x080006c8       0x5c ./Core/Src/ILI9341/ILI9341_GFX.o
                0x080006c8                ILI9341_Draw_Text
 .text.ILI9341_SPI_Init
                0x08000724       0x20 ./Core/Src/ILI9341/ILI9341_STM32_Driver.o
                0x08000724                ILI9341_SPI_Init
 .text.ILI9341_SPI_Send
                0x08000744       0x24 ./Core/Src/ILI9341/ILI9341_STM32_Driver.o
                0x08000744                ILI9341_SPI_Send
 .text.ILI9341_Write_Command
                0x08000768       0x3c ./Core/Src/ILI9341/ILI9341_STM32_Driver.o
                0x08000768                ILI9341_Write_Command
 .text.ILI9341_Write_Data
                0x080007a4       0x3c ./Core/Src/ILI9341/ILI9341_STM32_Driver.o
                0x080007a4                ILI9341_Write_Data
 .text.ILI9341_Set_Address
                0x080007e0       0x98 ./Core/Src/ILI9341/ILI9341_STM32_Driver.o
                0x080007e0                ILI9341_Set_Address
 .text.ILI9341_Reset
                0x08000878       0x38 ./Core/Src/ILI9341/ILI9341_STM32_Driver.o
                0x08000878                ILI9341_Reset
 .text.ILI9341_Set_Rotation
                0x080008b0       0xa4 ./Core/Src/ILI9341/ILI9341_STM32_Driver.o
                0x080008b0                ILI9341_Set_Rotation
 .text.ILI9341_Enable
                0x08000954       0x18 ./Core/Src/ILI9341/ILI9341_STM32_Driver.o
                0x08000954                ILI9341_Enable
 .text.ILI9341_Init
                0x0800096c      0x21a ./Core/Src/ILI9341/ILI9341_STM32_Driver.o
                0x0800096c                ILI9341_Init
 *fill*         0x08000b86        0x2 
 .text.ILI9341_Draw_Colour_Burst
                0x08000b88      0x134 ./Core/Src/ILI9341/ILI9341_STM32_Driver.o
                0x08000b88                ILI9341_Draw_Colour_Burst
 .text.ILI9341_Fill_Screen
                0x08000cbc       0x4c ./Core/Src/ILI9341/ILI9341_STM32_Driver.o
                0x08000cbc                ILI9341_Fill_Screen
 .text.ILI9341_Draw_Pixel
                0x08000d08      0x190 ./Core/Src/ILI9341/ILI9341_STM32_Driver.o
                0x08000d08                ILI9341_Draw_Pixel
 .text.ILI9341_Draw_Rectangle
                0x08000e98       0xb8 ./Core/Src/ILI9341/ILI9341_STM32_Driver.o
                0x08000e98                ILI9341_Draw_Rectangle
 .text.DWT_Init
                0x08000f50       0x34 ./Core/Src/main.o
                0x08000f50                DWT_Init
 .text.STAT_AddRecord
                0x08000f84       0x70 ./Core/Src/main.o
                0x08000f84                STAT_AddRecord
 .text.GetDataFromNMEA
                0x08000ff4      0x1bc ./Core/Src/main.o
                0x08000ff4                GetDataFromNMEA
 .text.CheckSentenceCrc
                0x080011b0       0x82 ./Core/Src/main.o
 *fill*         0x08001232        0x2 
 .text.NMEA_AddtoQueue
                0x08001234       0xfc ./Core/Src/main.o
                0x08001234                NMEA_AddtoQueue
 .text.NMEA_ReadFromQueue
                0x08001330       0x94 ./Core/Src/main.o
                0x08001330                NMEA_ReadFromQueue
 .text.ParseGpsData
                0x080013c4       0x7c ./Core/Src/main.o
                0x080013c4                ParseGpsData
 .text.HAL_UARTEx_RxEventCallback
                0x08001440       0x3c ./Core/Src/main.o
                0x08001440                HAL_UARTEx_RxEventCallback
 .text.HAL_UART_ErrorCallback
                0x0800147c       0x88 ./Core/Src/main.o
                0x0800147c                HAL_UART_ErrorCallback
 .text.LCD_Init
                0x08001504      0x100 ./Core/Src/main.o
                0x08001504                LCD_Init
 .text.LCD_Update
                0x08001604      0x128 ./Core/Src/main.o
                0x08001604                LCD_Update
 .text.main     0x0800172c      0x2ec ./Core/Src/main.o
                0x0800172c                main
 .text.SystemClock_Config
                0x08001a18       0xd0 ./Core/Src/main.o
                0x08001a18                SystemClock_Config
 .text.MX_I2C1_Init
                0x08001ae8       0x5c ./Core/Src/main.o
 .text.MX_I2S2_Init
                0x08001b44       0x5c ./Core/Src/main.o
 .text.MX_SPI1_Init
                0x08001ba0       0x6c ./Core/Src/main.o
                0x08001ba0                MX_SPI1_Init
 .text.MX_USART2_UART_Init
                0x08001c0c       0x54 ./Core/Src/main.o
 .text.MX_DMA_Init
                0x08001c60       0x40 ./Core/Src/main.o
 .text.MX_GPIO_Init
                0x08001ca0      0x1e4 ./Core/Src/main.o
                0x08001ca0                MX_GPIO_Init
 .text.Error_Handler
                0x08001e84        0xc ./Core/Src/main.o
                0x08001e84                Error_Handler
 .text.xorshift32
                0x08001e90       0x44 ./Core/Src/rng.o
                0x08001e90                xorshift32
 .text.rng_seed
                0x08001ed4       0x20 ./Core/Src/rng.o
                0x08001ed4                rng_seed
 .text.HAL_MspInit
                0x08001ef4       0x50 ./Core/Src/stm32f4xx_hal_msp.o
                0x08001ef4                HAL_MspInit
 .text.HAL_I2C_MspInit
                0x08001f44       0x90 ./Core/Src/stm32f4xx_hal_msp.o
                0x08001f44                HAL_I2C_MspInit
 .text.HAL_I2S_MspInit
                0x08001fd4      0x128 ./Core/Src/stm32f4xx_hal_msp.o
                0x08001fd4                HAL_I2S_MspInit
 .text.HAL_SPI_MspInit
                0x080020fc       0xa0 ./Core/Src/stm32f4xx_hal_msp.o
                0x080020fc                HAL_SPI_MspInit
 .text.HAL_UART_MspInit
                0x0800219c      0x104 ./Core/Src/stm32f4xx_hal_msp.o
                0x0800219c                HAL_UART_MspInit
 .text.NMI_Handler
                0x080022a0        0x8 ./Core/Src/stm32f4xx_it.o
                0x080022a0                NMI_Handler
 .text.HardFault_Handler
                0x080022a8        0x8 ./Core/Src/stm32f4xx_it.o
                0x080022a8                HardFault_Handler
 .text.MemManage_Handler
                0x080022b0        0x8 ./Core/Src/stm32f4xx_it.o
                0x080022b0                MemManage_Handler
 .text.BusFault_Handler
                0x080022b8        0x8 ./Core/Src/stm32f4xx_it.o
                0x080022b8                BusFault_Handler
 .text.UsageFault_Handler
                0x080022c0        0x8 ./Core/Src/stm32f4xx_it.o
                0x080022c0                UsageFault_Handler
 .text.SVC_Handler
                0x080022c8        0xe ./Core/Src/stm32f4xx_it.o
                0x080022c8                SVC_Handler
 .text.DebugMon_Handler
                0x080022d6        0xe ./Core/Src/stm32f4xx_it.o
                0x080022d6                DebugMon_Handler
 .text.PendSV_Handler
                0x080022e4        0xe ./Core/Src/stm32f4xx_it.o
                0x080022e4                PendSV_Handler
 .text.SysTick_Handler
                0x080022f2        0xc ./Core/Src/stm32f4xx_it.o
                0x080022f2                SysTick_Handler
 *fill*         0x080022fe        0x2 
 .text.DMA1_Stream5_IRQHandler
                0x08002300       0x14 ./Core/Src/stm32f4xx_it.o
                0x08002300                DMA1_Stream5_IRQHandler
 .text.SPI1_IRQHandler
                0x08002314       0x14 ./Core/Src/stm32f4xx_it.o
                0x08002314                SPI1_IRQHandler
 .text.USART2_IRQHandler
                0x08002328       0x14 ./Core/Src/stm32f4xx_it.o
                0x08002328                USART2_IRQHandler
 .text.OTG_FS_IRQHandler
                0x0800233c       0x14 ./Core/Src/stm32f4xx_it.o
                0x0800233c                OTG_FS_IRQHandler
 .text._sbrk    0x08002350       0x6c ./Core/Src/sysmem.o
                0x08002350                _sbrk
 .text.SystemInit
                0x080023bc       0x24 ./Core/Src/system_stm32f4xx.o
                0x080023bc                SystemInit
 .text.Reset_Handler
                0x080023e0       0x50 ./Core/Startup/startup_stm32f411vetx.o
                0x080023e0                Reset_Handler
 .text.Default_Handler
                0x08002430        0x2 ./Core/Startup/startup_stm32f411vetx.o
                0x08002430                RTC_Alarm_IRQHandler
                0x08002430                EXTI2_IRQHandler
                0x08002430                SPI4_IRQHandler
                0x08002430                TIM1_CC_IRQHandler
                0x08002430                DMA2_Stream5_IRQHandler
                0x08002430                PVD_IRQHandler
                0x08002430                SDIO_IRQHandler
                0x08002430                TAMP_STAMP_IRQHandler
                0x08002430                EXTI3_IRQHandler
                0x08002430                TIM1_UP_TIM10_IRQHandler
                0x08002430                I2C3_ER_IRQHandler
                0x08002430                EXTI0_IRQHandler
                0x08002430                I2C2_EV_IRQHandler
                0x08002430                DMA1_Stream2_IRQHandler
                0x08002430                FPU_IRQHandler
                0x08002430                DMA2_Stream2_IRQHandler
                0x08002430                TIM1_BRK_TIM9_IRQHandler
                0x08002430                DMA2_Stream3_IRQHandler
                0x08002430                USART6_IRQHandler
                0x08002430                DMA2_Stream0_IRQHandler
                0x08002430                TIM4_IRQHandler
                0x08002430                I2C1_EV_IRQHandler
                0x08002430                DMA1_Stream6_IRQHandler
                0x08002430                DMA1_Stream1_IRQHandler
                0x08002430                TIM3_IRQHandler
                0x08002430                RCC_IRQHandler
                0x08002430                Default_Handler
                0x08002430                EXTI15_10_IRQHandler
                0x08002430                ADC_IRQHandler
                0x08002430                DMA1_Stream7_IRQHandler
                0x08002430                SPI5_IRQHandler
                0x08002430                TIM5_IRQHandler
                0x08002430                DMA2_Stream7_IRQHandler
                0x08002430                I2C3_EV_IRQHandler
                0x08002430                EXTI9_5_IRQHandler
                0x08002430                RTC_WKUP_IRQHandler
                0x08002430                SPI2_IRQHandler
                0x08002430                DMA1_Stream0_IRQHandler
                0x08002430                EXTI4_IRQHandler
                0x08002430                WWDG_IRQHandler
                0x08002430                TIM2_IRQHandler
                0x08002430                OTG_FS_WKUP_IRQHandler
                0x08002430                TIM1_TRG_COM_TIM11_IRQHandler
                0x08002430                EXTI1_IRQHandler
                0x08002430                I2C2_ER_IRQHandler
                0x08002430                DMA2_Stream1_IRQHandler
                0x08002430                FLASH_IRQHandler
                0x08002430                DMA2_Stream4_IRQHandler
                0x08002430                USART1_IRQHandler
                0x08002430                SPI3_IRQHandler
                0x08002430                DMA1_Stream4_IRQHandler
                0x08002430                I2C1_ER_IRQHandler
                0x08002430                DMA2_Stream6_IRQHandler
                0x08002430                DMA1_Stream3_IRQHandler
 *fill*         0x08002432        0x2 
 .text.HAL_Init
                0x08002434       0x44 ./Drivers/STM32F4xx_HAL_Driver/Src/stm32f4xx_hal.o
                0x08002434                HAL_Init
 .text.HAL_InitTick
                0x08002478       0x60 ./Drivers/STM32F4xx_HAL_Driver/Src/stm32f4xx_hal.o
                0x08002478                HAL_InitTick
 .text.HAL_IncTick
                0x080024d8       0x28 ./Drivers/STM32F4xx_HAL_Driver/Src/stm32f4xx_hal.o
                0x080024d8                HAL_IncTick
 .text.HAL_GetTick
                0x08002500       0x18 ./Drivers/STM32F4xx_HAL_Driver/Src/stm32f4xx_hal.o
                0x08002500                HAL_GetTick
 .text.HAL_Delay
                0x08002518       0x48 ./Drivers/STM32F4xx_HAL_Driver/Src/stm32f4xx_hal.o
                0x08002518                HAL_Delay
 .text.__NVIC_SetPriorityGrouping
                0x08002560       0x48 ./Drivers/STM32F4xx_HAL_Driver/Src/stm32f4xx_hal_cortex.o
 .text.__NVIC_GetPriorityGrouping
                0x080025a8       0x1c ./Drivers/STM32F4xx_HAL_Driver/Src/stm32f4xx_hal_cortex.o
 .text.__NVIC_EnableIRQ
                0x080025c4       0x3c ./Drivers/STM32F4xx_HAL_Driver/Src/stm32f4xx_hal_cortex.o
 .text.__NVIC_SetPriority
                0x08002600       0x54 ./Drivers/STM32F4xx_HAL_Driver/Src/stm32f4xx_hal_cortex.o
 .text.NVIC_EncodePriority
                0x08002654       0x66 ./Drivers/STM32F4xx_HAL_Driver/Src/stm32f4xx_hal_cortex.o
 *fill*         0x080026ba        0x2 
 .text.SysTick_Config
                0x080026bc       0x44 ./Drivers/STM32F4xx_HAL_Driver/Src/stm32f4xx_hal_cortex.o
 .text.HAL_NVIC_SetPriorityGrouping
                0x08002700       0x16 ./Drivers/STM32F4xx_HAL_Driver/Src/stm32f4xx_hal_cortex.o
                0x08002700                HAL_NVIC_SetPriorityGrouping
 .text.HAL_NVIC_SetPriority
                0x08002716       0x38 ./Drivers/STM32F4xx_HAL_Driver/Src/stm32f4xx_hal_cortex.o
                0x08002716                HAL_NVIC_SetPriority
 .text.HAL_NVIC_EnableIRQ
                0x0800274e       0x1c ./Drivers/STM32F4xx_HAL_Driver/Src/stm32f4xx_hal_cortex.o
                0x0800274e                HAL_NVIC_EnableIRQ
 .text.HAL_SYSTICK_Config
                0x0800276a       0x18 ./Drivers/STM32F4xx_HAL_Driver/Src/stm32f4xx_hal_cortex.o
                0x0800276a                HAL_SYSTICK_Config
 *fill*         0x08002782        0x2 
 .text.HAL_DMA_Init
                0x08002784      0x15c ./Drivers/STM32F4xx_HAL_Driver/Src/stm32f4xx_hal_dma.o
                0x08002784                HAL_DMA_Init
 .text.HAL_DMA_Start_IT
                0x080028e0       0xb0 ./Drivers/STM32F4xx_HAL_Driver/Src/stm32f4xx_hal_dma.o
                0x080028e0                HAL_DMA_Start_IT
 .text.HAL_DMA_Abort
                0x08002990       0xe0 ./Drivers/STM32F4xx_HAL_Driver/Src/stm32f4xx_hal_dma.o
                0x08002990                HAL_DMA_Abort
 .text.HAL_DMA_Abort_IT
                0x08002a70       0x44 ./Drivers/STM32F4xx_HAL_Driver/Src/stm32f4xx_hal_dma.o
                0x08002a70                HAL_DMA_Abort_IT
 .text.HAL_DMA_IRQHandler
                0x08002ab4      0x314 ./Drivers/STM32F4xx_HAL_Driver/Src/stm32f4xx_hal_dma.o
                0x08002ab4                HAL_DMA_IRQHandler
 .text.DMA_SetConfig
                0x08002dc8       0x5c ./Drivers/STM32F4xx_HAL_Driver/Src/stm32f4xx_hal_dma.o
 .text.DMA_CalcBaseAndBitshift
                0x08002e24       0x6c ./Drivers/STM32F4xx_HAL_Driver/Src/stm32f4xx_hal_dma.o
 .text.DMA_CheckFifoParam
                0x08002e90       0xf8 ./Drivers/STM32F4xx_HAL_Driver/Src/stm32f4xx_hal_dma.o
 .text.HAL_GPIO_Init
                0x08002f88      0x308 ./Drivers/STM32F4xx_HAL_Driver/Src/stm32f4xx_hal_gpio.o
                0x08002f88                HAL_GPIO_Init
 .text.HAL_GPIO_WritePin
                0x08003290       0x32 ./Drivers/STM32F4xx_HAL_Driver/Src/stm32f4xx_hal_gpio.o
                0x08003290                HAL_GPIO_WritePin
 *fill*         0x080032c2        0x2 
 .text.HAL_I2C_Init
                0x080032c4      0x288 ./Drivers/STM32F4xx_HAL_Driver/Src/stm32f4xx_hal_i2c.o
                0x080032c4                HAL_I2C_Init
 .text.HAL_I2S_Init
                0x0800354c      0x280 ./Drivers/STM32F4xx_HAL_Driver/Src/stm32f4xx_hal_i2s.o
                0x0800354c                HAL_I2S_Init
 .text.HAL_I2S_TxCpltCallback
                0x080037cc       0x14 ./Drivers/STM32F4xx_HAL_Driver/Src/stm32f4xx_hal_i2s.o
                0x080037cc                HAL_I2S_TxCpltCallback
 .text.HAL_I2S_RxCpltCallback
                0x080037e0       0x14 ./Drivers/STM32F4xx_HAL_Driver/Src/stm32f4xx_hal_i2s.o
                0x080037e0                HAL_I2S_RxCpltCallback
 .text.HAL_I2S_ErrorCallback
                0x080037f4       0x14 ./Drivers/STM32F4xx_HAL_Driver/Src/stm32f4xx_hal_i2s.o
                0x080037f4                HAL_I2S_ErrorCallback
 .text.I2S_Transmit_IT
                0x08003808       0x5c ./Drivers/STM32F4xx_HAL_Driver/Src/stm32f4xx_hal_i2s.o
 .text.I2S_Receive_IT
                0x08003864       0x5e ./Drivers/STM32F4xx_HAL_Driver/Src/stm32f4xx_hal_i2s.o
 .text.I2S_IRQHandler
                0x080038c2      0x114 ./Drivers/STM32F4xx_HAL_Driver/Src/stm32f4xx_hal_i2s.o
 *fill*         0x080039d6        0x2 
 .text.HAL_I2SEx_FullDuplex_IRQHandler
                0x080039d8      0x2a8 ./Drivers/STM32F4xx_HAL_Driver/Src/stm32f4xx_hal_i2s_ex.o
                0x080039d8                HAL_I2SEx_FullDuplex_IRQHandler
 .text.HAL_I2SEx_TxRxCpltCallback
                0x08003c80       0x14 ./Drivers/STM32F4xx_HAL_Driver/Src/stm32f4xx_hal_i2s_ex.o
                0x08003c80                HAL_I2SEx_TxRxCpltCallback
 .text.I2SEx_TxISR_I2S
                0x08003c94       0x62 ./Drivers/STM32F4xx_HAL_Driver/Src/stm32f4xx_hal_i2s_ex.o
 *fill*         0x08003cf6        0x2 
 .text.I2SEx_TxISR_I2SExt
                0x08003cf8       0x98 ./Drivers/STM32F4xx_HAL_Driver/Src/stm32f4xx_hal_i2s_ex.o
 .text.I2SEx_RxISR_I2S
                0x08003d90       0x64 ./Drivers/STM32F4xx_HAL_Driver/Src/stm32f4xx_hal_i2s_ex.o
 .text.I2SEx_RxISR_I2SExt
                0x08003df4       0x98 ./Drivers/STM32F4xx_HAL_Driver/Src/stm32f4xx_hal_i2s_ex.o
 .text.HAL_PCD_Init
                0x08003e8c      0x21e ./Drivers/STM32F4xx_HAL_Driver/Src/stm32f4xx_hal_pcd.o
                0x08003e8c                HAL_PCD_Init
 .text.HAL_PCD_Start
                0x080040aa       0x6a ./Drivers/STM32F4xx_HAL_Driver/Src/stm32f4xx_hal_pcd.o
                0x080040aa                HAL_PCD_Start
 .text.HAL_PCD_IRQHandler
                0x08004114      0x942 ./Drivers/STM32F4xx_HAL_Driver/Src/stm32f4xx_hal_pcd.o
                0x08004114                HAL_PCD_IRQHandler
 .text.HAL_PCD_SetAddress
                0x08004a56       0x48 ./Drivers/STM32F4xx_HAL_Driver/Src/stm32f4xx_hal_pcd.o
                0x08004a56                HAL_PCD_SetAddress
 .text.HAL_PCD_EP_Open
                0x08004a9e       0xd4 ./Drivers/STM32F4xx_HAL_Driver/Src/stm32f4xx_hal_pcd.o
                0x08004a9e                HAL_PCD_EP_Open
 .text.HAL_PCD_EP_Close
                0x08004b72       0x94 ./Drivers/STM32F4xx_HAL_Driver/Src/stm32f4xx_hal_pcd.o
                0x08004b72                HAL_PCD_EP_Close
 .text.HAL_PCD_EP_Receive
                0x08004c06       0x76 ./Drivers/STM32F4xx_HAL_Driver/Src/stm32f4xx_hal_pcd.o
                0x08004c06                HAL_PCD_EP_Receive
 .text.HAL_PCD_EP_GetRxCount
                0x08004c7c       0x30 ./Drivers/STM32F4xx_HAL_Driver/Src/stm32f4xx_hal_pcd.o
                0x08004c7c                HAL_PCD_EP_GetRxCount
 .text.HAL_PCD_EP_Transmit
                0x08004cac       0x74 ./Drivers/STM32F4xx_HAL_Driver/Src/stm32f4xx_hal_pcd.o
                0x08004cac                HAL_PCD_EP_Transmit
 .text.HAL_PCD_EP_SetStall
                0x08004d20       0xc6 ./Drivers/STM32F4xx_HAL_Driver/Src/stm32f4xx_hal_pcd.o
                0x08004d20                HAL_PCD_EP_SetStall
 .text.HAL_PCD_EP_ClrStall
                0x08004de6       0xac ./Drivers/STM32F4xx_HAL_Driver/Src/stm32f4xx_hal_pcd.o
                0x08004de6                HAL_PCD_EP_ClrStall
 .text.HAL_PCD_EP_Abort
                0x08004e92       0x62 ./Drivers/STM32F4xx_HAL_Driver/Src/stm32f4xx_hal_pcd.o
                0x08004e92                HAL_PCD_EP_Abort
 .text.PCD_WriteEmptyTxFifo
                0x08004ef4      0x118 ./Drivers/STM32F4xx_HAL_Driver/Src/stm32f4xx_hal_pcd.o
 .text.PCD_EP_OutXfrComplete_int
                0x0800500c      0x1d0 ./Drivers/STM32F4xx_HAL_Driver/Src/stm32f4xx_hal_pcd.o
 .text.PCD_EP_OutSetupPacket_int
                0x080051dc       0x8c ./Drivers/STM32F4xx_HAL_Driver/Src/stm32f4xx_hal_pcd.o
 .text.HAL_PCDEx_SetTxFiFo
                0x08005268       0x8e ./Drivers/STM32F4xx_HAL_Driver/Src/stm32f4xx_hal_pcd_ex.o
                0x08005268                HAL_PCDEx_SetTxFiFo
 .text.HAL_PCDEx_SetRxFiFo
                0x080052f6       0x22 ./Drivers/STM32F4xx_HAL_Driver/Src/stm32f4xx_hal_pcd_ex.o
                0x080052f6                HAL_PCDEx_SetRxFiFo
 .text.HAL_PCDEx_LPM_Callback
                0x08005318       0x18 ./Drivers/STM32F4xx_HAL_Driver/Src/stm32f4xx_hal_pcd_ex.o
                0x08005318                HAL_PCDEx_LPM_Callback
 .text.HAL_RCC_OscConfig
                0x08005330      0x4f0 ./Drivers/STM32F4xx_HAL_Driver/Src/stm32f4xx_hal_rcc.o
                0x08005330                HAL_RCC_OscConfig
 .text.HAL_RCC_ClockConfig
                0x08005820      0x1cc ./Drivers/STM32F4xx_HAL_Driver/Src/stm32f4xx_hal_rcc.o
                0x08005820                HAL_RCC_ClockConfig
 .text.HAL_RCC_GetSysClockFreq
                0x080059ec      0x20c ./Drivers/STM32F4xx_HAL_Driver/Src/stm32f4xx_hal_rcc.o
                0x080059ec                HAL_RCC_GetSysClockFreq
 .text.HAL_RCC_GetHCLKFreq
                0x08005bf8       0x18 ./Drivers/STM32F4xx_HAL_Driver/Src/stm32f4xx_hal_rcc.o
                0x08005bf8                HAL_RCC_GetHCLKFreq
 .text.HAL_RCC_GetPCLK1Freq
                0x08005c10       0x28 ./Drivers/STM32F4xx_HAL_Driver/Src/stm32f4xx_hal_rcc.o
                0x08005c10                HAL_RCC_GetPCLK1Freq
 .text.HAL_RCC_GetPCLK2Freq
                0x08005c38       0x28 ./Drivers/STM32F4xx_HAL_Driver/Src/stm32f4xx_hal_rcc.o
                0x08005c38                HAL_RCC_GetPCLK2Freq
 .text.HAL_RCCEx_PeriphCLKConfig
                0x08005c60      0x1e0 ./Drivers/STM32F4xx_HAL_Driver/Src/stm32f4xx_hal_rcc_ex.o
                0x08005c60                HAL_RCCEx_PeriphCLKConfig
 .text.HAL_RCCEx_GetPeriphCLKFreq
                0x08005e40       0xc4 ./Drivers/STM32F4xx_HAL_Driver/Src/stm32f4xx_hal_rcc_ex.o
                0x08005e40                HAL_RCCEx_GetPeriphCLKFreq
 .text.HAL_SPI_Init
                0x08005f04      0x112 ./Drivers/STM32F4xx_HAL_Driver/Src/stm32f4xx_hal_spi.o
                0x08005f04                HAL_SPI_Init
 .text.HAL_SPI_Transmit
                0x08006016      0x288 ./Drivers/STM32F4xx_HAL_Driver/Src/stm32f4xx_hal_spi.o
                0x08006016                HAL_SPI_Transmit
 *fill*         0x0800629e        0x2 
 .text.HAL_SPI_IRQHandler
                0x080062a0      0x1e8 ./Drivers/STM32F4xx_HAL_Driver/Src/stm32f4xx_hal_spi.o
                0x080062a0                HAL_SPI_IRQHandler
 .text.HAL_SPI_ErrorCallback
                0x08006488       0x14 ./Drivers/STM32F4xx_HAL_Driver/Src/stm32f4xx_hal_spi.o
                0x08006488                HAL_SPI_ErrorCallback
 .text.SPI_DMAAbortOnError
                0x0800649c       0x28 ./Drivers/STM32F4xx_HAL_Driver/Src/stm32f4xx_hal_spi.o
 .text.SPI_WaitFlagStateUntilTimeout
                0x080064c4      0x110 ./Drivers/STM32F4xx_HAL_Driver/Src/stm32f4xx_hal_spi.o
 .text.SPI_EndRxTxTransaction
                0x080065d4       0xa8 ./Drivers/STM32F4xx_HAL_Driver/Src/stm32f4xx_hal_spi.o
 .text.HAL_UART_Init
                0x0800667c       0xa0 ./Drivers/STM32F4xx_HAL_Driver/Src/stm32f4xx_hal_uart.o
                0x0800667c                HAL_UART_Init
 .text.HAL_UARTEx_ReceiveToIdle_DMA
                0x0800671c       0xb2 ./Drivers/STM32F4xx_HAL_Driver/Src/stm32f4xx_hal_uart.o
                0x0800671c                HAL_UARTEx_ReceiveToIdle_DMA
 *fill*         0x080067ce        0x2 
 .text.HAL_UART_IRQHandler
                0x080067d0      0x554 ./Drivers/STM32F4xx_HAL_Driver/Src/stm32f4xx_hal_uart.o
                0x080067d0                HAL_UART_IRQHandler
 .text.HAL_UART_TxCpltCallback
                0x08006d24       0x14 ./Drivers/STM32F4xx_HAL_Driver/Src/stm32f4xx_hal_uart.o
                0x08006d24                HAL_UART_TxCpltCallback
 .text.HAL_UART_RxCpltCallback
                0x08006d38       0x14 ./Drivers/STM32F4xx_HAL_Driver/Src/stm32f4xx_hal_uart.o
                0x08006d38                HAL_UART_RxCpltCallback
 .text.HAL_UART_RxHalfCpltCallback
                0x08006d4c       0x14 ./Drivers/STM32F4xx_HAL_Driver/Src/stm32f4xx_hal_uart.o
                0x08006d4c                HAL_UART_RxHalfCpltCallback
 .text.UART_DMAReceiveCplt
                0x08006d60      0x12c ./Drivers/STM32F4xx_HAL_Driver/Src/stm32f4xx_hal_uart.o
 .text.UART_DMARxHalfCplt
                0x08006e8c       0x3c ./Drivers/STM32F4xx_HAL_Driver/Src/stm32f4xx_hal_uart.o
 .text.UART_DMAError
                0x08006ec8       0x94 ./Drivers/STM32F4xx_HAL_Driver/Src/stm32f4xx_hal_uart.o
 .text.UART_Start_Receive_DMA
                0x08006f5c      0x14c ./Drivers/STM32F4xx_HAL_Driver/Src/stm32f4xx_hal_uart.o
                0x08006f5c                UART_Start_Receive_DMA
 .text.UART_EndTxTransfer
                0x080070a8       0x50 ./Drivers/STM32F4xx_HAL_Driver/Src/stm32f4xx_hal_uart.o
 .text.UART_EndRxTransfer
                0x080070f8       0xc6 ./Drivers/STM32F4xx_HAL_Driver/Src/stm32f4xx_hal_uart.o
 .text.UART_DMAAbortOnError
                0x080071be       0x22 ./Drivers/STM32F4xx_HAL_Driver/Src/stm32f4xx_hal_uart.o
 .text.UART_Transmit_IT
                0x080071e0       0xa0 ./Drivers/STM32F4xx_HAL_Driver/Src/stm32f4xx_hal_uart.o
 .text.UART_EndTransmit_IT
                0x08007280       0x30 ./Drivers/STM32F4xx_HAL_Driver/Src/stm32f4xx_hal_uart.o
 .text.UART_Receive_IT
                0x080072b0      0x17c ./Drivers/STM32F4xx_HAL_Driver/Src/stm32f4xx_hal_uart.o
 .text.UART_SetConfig
                0x0800742c      0x4e8 ./Drivers/STM32F4xx_HAL_Driver/Src/stm32f4xx_hal_uart.o
 .text.USB_CoreInit
                0x08007914       0xc8 ./Drivers/STM32F4xx_HAL_Driver/Src/stm32f4xx_ll_usb.o
                0x08007914                USB_CoreInit
 .text.USB_SetTurnaroundTime
                0x080079dc      0x144 ./Drivers/STM32F4xx_HAL_Driver/Src/stm32f4xx_ll_usb.o
                0x080079dc                USB_SetTurnaroundTime
 .text.USB_EnableGlobalInt
                0x08007b20       0x22 ./Drivers/STM32F4xx_HAL_Driver/Src/stm32f4xx_ll_usb.o
                0x08007b20                USB_EnableGlobalInt
 .text.USB_DisableGlobalInt
                0x08007b42       0x22 ./Drivers/STM32F4xx_HAL_Driver/Src/stm32f4xx_ll_usb.o
                0x08007b42                USB_DisableGlobalInt
 .text.USB_SetCurrentMode
                0x08007b64       0x98 ./Drivers/STM32F4xx_HAL_Driver/Src/stm32f4xx_ll_usb.o
                0x08007b64                USB_SetCurrentMode
 .text.USB_DevInit
                0x08007bfc      0x2c8 ./Drivers/STM32F4xx_HAL_Driver/Src/stm32f4xx_ll_usb.o
                0x08007bfc                USB_DevInit
 .text.USB_FlushTxFifo
                0x08007ec4       0x64 ./Drivers/STM32F4xx_HAL_Driver/Src/stm32f4xx_ll_usb.o
                0x08007ec4                USB_FlushTxFifo
 .text.USB_FlushRxFifo
                0x08007f28       0x5c ./Drivers/STM32F4xx_HAL_Driver/Src/stm32f4xx_ll_usb.o
                0x08007f28                USB_FlushRxFifo
 .text.USB_SetDevSpeed
                0x08007f84       0x32 ./Drivers/STM32F4xx_HAL_Driver/Src/stm32f4xx_ll_usb.o
                0x08007f84                USB_SetDevSpeed
 .text.USB_GetDevSpeed
                0x08007fb6       0x4a ./Drivers/STM32F4xx_HAL_Driver/Src/stm32f4xx_ll_usb.o
                0x08007fb6                USB_GetDevSpeed
 .text.USB_ActivateEndpoint
                0x08008000      0x10e ./Drivers/STM32F4xx_HAL_Driver/Src/stm32f4xx_ll_usb.o
                0x08008000                USB_ActivateEndpoint
 *fill*         0x0800810e        0x2 
 .text.USB_DeactivateEndpoint
                0x08008110      0x1b8 ./Drivers/STM32F4xx_HAL_Driver/Src/stm32f4xx_ll_usb.o
                0x08008110                USB_DeactivateEndpoint
 .text.USB_EPStartXfer
                0x080082c8      0x53c ./Drivers/STM32F4xx_HAL_Driver/Src/stm32f4xx_ll_usb.o
                0x080082c8                USB_EPStartXfer
 .text.USB_EPStopXfer
                0x08008804      0x154 ./Drivers/STM32F4xx_HAL_Driver/Src/stm32f4xx_ll_usb.o
                0x08008804                USB_EPStopXfer
 .text.USB_WritePacket
                0x08008958       0x7c ./Drivers/STM32F4xx_HAL_Driver/Src/stm32f4xx_ll_usb.o
                0x08008958                USB_WritePacket
 .text.USB_ReadPacket
                0x080089d4       0xb0 ./Drivers/STM32F4xx_HAL_Driver/Src/stm32f4xx_ll_usb.o
                0x080089d4                USB_ReadPacket
 .text.USB_EPSetStall
                0x08008a84       0xdc ./Drivers/STM32F4xx_HAL_Driver/Src/stm32f4xx_ll_usb.o
                0x08008a84                USB_EPSetStall
 .text.USB_EPClearStall
                0x08008b60       0xcc ./Drivers/STM32F4xx_HAL_Driver/Src/stm32f4xx_ll_usb.o
                0x08008b60                USB_EPClearStall
 .text.USB_SetDevAddress
                0x08008c2c       0x4c ./Drivers/STM32F4xx_HAL_Driver/Src/stm32f4xx_ll_usb.o
                0x08008c2c                USB_SetDevAddress
 .text.USB_DevConnect
                0x08008c78       0x42 ./Drivers/STM32F4xx_HAL_Driver/Src/stm32f4xx_ll_usb.o
                0x08008c78                USB_DevConnect
 .text.USB_DevDisconnect
                0x08008cba       0x42 ./Drivers/STM32F4xx_HAL_Driver/Src/stm32f4xx_ll_usb.o
                0x08008cba                USB_DevDisconnect
 .text.USB_ReadInterrupts
                0x08008cfc       0x26 ./Drivers/STM32F4xx_HAL_Driver/Src/stm32f4xx_ll_usb.o
                0x08008cfc                USB_ReadInterrupts
 .text.USB_ReadDevAllOutEpInterrupt
                0x08008d22       0x34 ./Drivers/STM32F4xx_HAL_Driver/Src/stm32f4xx_ll_usb.o
                0x08008d22                USB_ReadDevAllOutEpInterrupt
 .text.USB_ReadDevAllInEpInterrupt
                0x08008d56       0x34 ./Drivers/STM32F4xx_HAL_Driver/Src/stm32f4xx_ll_usb.o
                0x08008d56                USB_ReadDevAllInEpInterrupt
 .text.USB_ReadDevOutEPInterrupt
                0x08008d8a       0x3c ./Drivers/STM32F4xx_HAL_Driver/Src/stm32f4xx_ll_usb.o
                0x08008d8a                USB_ReadDevOutEPInterrupt
 .text.USB_ReadDevInEPInterrupt
                0x08008dc6       0x5c ./Drivers/STM32F4xx_HAL_Driver/Src/stm32f4xx_ll_usb.o
                0x08008dc6                USB_ReadDevInEPInterrupt
 .text.USB_GetMode
                0x08008e22       0x1c ./Drivers/STM32F4xx_HAL_Driver/Src/stm32f4xx_ll_usb.o
                0x08008e22                USB_GetMode
 .text.USB_ActivateSetup
                0x08008e3e       0x46 ./Drivers/STM32F4xx_HAL_Driver/Src/stm32f4xx_ll_usb.o
                0x08008e3e                USB_ActivateSetup
 .text.USB_EP0_OutStart
                0x08008e84       0xbc ./Drivers/STM32F4xx_HAL_Driver/Src/stm32f4xx_ll_usb.o
                0x08008e84                USB_EP0_OutStart
 .text.USB_CoreReset
                0x08008f40       0x70 ./Drivers/STM32F4xx_HAL_Driver/Src/stm32f4xx_ll_usb.o
 .text.USBD_CDC_Init
                0x08008fb0      0x1f0 ./Middlewares/ST/STM32_USB_Device_Library/Class/CDC/Src/usbd_cdc.o
 .text.USBD_CDC_DeInit
                0x080091a0      0x104 ./Middlewares/ST/STM32_USB_Device_Library/Class/CDC/Src/usbd_cdc.o
 .text.USBD_CDC_Setup
                0x080092a4      0x1b8 ./Middlewares/ST/STM32_USB_Device_Library/Class/CDC/Src/usbd_cdc.o
 .text.USBD_CDC_DataIn
                0x0800945c       0xfe ./Middlewares/ST/STM32_USB_Device_Library/Class/CDC/Src/usbd_cdc.o
 .text.USBD_CDC_DataOut
                0x0800955a       0x70 ./Middlewares/ST/STM32_USB_Device_Library/Class/CDC/Src/usbd_cdc.o
 .text.USBD_CDC_EP0_RxReady
                0x080095ca       0x74 ./Middlewares/ST/STM32_USB_Device_Library/Class/CDC/Src/usbd_cdc.o
 *fill*         0x0800963e        0x2 
 .text.USBD_CDC_GetFSCfgDesc
                0x08009640       0x70 ./Middlewares/ST/STM32_USB_Device_Library/Class/CDC/Src/usbd_cdc.o
 .text.USBD_CDC_GetHSCfgDesc
                0x080096b0       0x70 ./Middlewares/ST/STM32_USB_Device_Library/Class/CDC/Src/usbd_cdc.o
 .text.USBD_CDC_GetOtherSpeedCfgDesc
                0x08009720       0x70 ./Middlewares/ST/STM32_USB_Device_Library/Class/CDC/Src/usbd_cdc.o
 .text.USBD_CDC_GetDeviceQualifierDescriptor
                0x08009790       0x20 ./Middlewares/ST/STM32_USB_Device_Library/Class/CDC/Src/usbd_cdc.o
                0x08009790                USBD_CDC_GetDeviceQualifierDescriptor
 .text.USBD_CDC_RegisterInterface
                0x080097b0       0x34 ./Middlewares/ST/STM32_USB_Device_Library/Class/CDC/Src/usbd_cdc.o
                0x080097b0                USBD_CDC_RegisterInterface
 .text.USBD_CDC_SetTxBuffer
                0x080097e4       0x44 ./Middlewares/ST/STM32_USB_Device_Library/Class/CDC/Src/usbd_cdc.o
                0x080097e4                USBD_CDC_SetTxBuffer
 .text.USBD_CDC_SetRxBuffer
                0x08009828       0x3a ./Middlewares/ST/STM32_USB_Device_Library/Class/CDC/Src/usbd_cdc.o
                0x08009828                USBD_CDC_SetRxBuffer
 *fill*         0x08009862        0x2 
 .text.USBD_CDC_TransmitPacket
                0x08009864       0x80 ./Middlewares/ST/STM32_USB_Device_Library/Class/CDC/Src/usbd_cdc.o
                0x08009864                USBD_CDC_TransmitPacket
 .text.USBD_CDC_ReceivePacket
                0x080098e4       0x6c ./Middlewares/ST/STM32_USB_Device_Library/Class/CDC/Src/usbd_cdc.o
                0x080098e4                USBD_CDC_ReceivePacket
 .text.USBD_Init
                0x08009950       0x60 ./Middlewares/ST/STM32_USB_Device_Library/Core/Src/usbd_core.o
                0x08009950                USBD_Init
 .text.USBD_RegisterClass
                0x080099b0       0x6c ./Middlewares/ST/STM32_USB_Device_Library/Core/Src/usbd_core.o
                0x080099b0                USBD_RegisterClass
 .text.USBD_Start
                0x08009a1c       0x18 ./Middlewares/ST/STM32_USB_Device_Library/Core/Src/usbd_core.o
                0x08009a1c                USBD_Start
 .text.USBD_RunTestMode
                0x08009a34       0x16 ./Middlewares/ST/STM32_USB_Device_Library/Core/Src/usbd_core.o
                0x08009a34                USBD_RunTestMode
 .text.USBD_SetClassConfig
                0x08009a4a       0x38 ./Middlewares/ST/STM32_USB_Device_Library/Core/Src/usbd_core.o
                0x08009a4a                USBD_SetClassConfig
 .text.USBD_ClrClassConfig
                0x08009a82       0x34 ./Middlewares/ST/STM32_USB_Device_Library/Core/Src/usbd_core.o
                0x08009a82                USBD_ClrClassConfig
 .text.USBD_LL_SetupStage
                0x08009ab6       0xaa ./Middlewares/ST/STM32_USB_Device_Library/Core/Src/usbd_core.o
                0x08009ab6                USBD_LL_SetupStage
 .text.USBD_LL_DataOutStage
                0x08009b60      0x178 ./Middlewares/ST/STM32_USB_Device_Library/Core/Src/usbd_core.o
                0x08009b60                USBD_LL_DataOutStage
 .text.USBD_LL_DataInStage
                0x08009cd8      0x176 ./Middlewares/ST/STM32_USB_Device_Library/Core/Src/usbd_core.o
                0x08009cd8                USBD_LL_DataInStage
 .text.USBD_LL_Reset
                0x08009e4e       0xa6 ./Middlewares/ST/STM32_USB_Device_Library/Core/Src/usbd_core.o
                0x08009e4e                USBD_LL_Reset
 .text.USBD_LL_SetSpeed
                0x08009ef4       0x20 ./Middlewares/ST/STM32_USB_Device_Library/Core/Src/usbd_core.o
                0x08009ef4                USBD_LL_SetSpeed
 .text.USBD_LL_Suspend
                0x08009f14       0x38 ./Middlewares/ST/STM32_USB_Device_Library/Core/Src/usbd_core.o
                0x08009f14                USBD_LL_Suspend
 .text.USBD_LL_Resume
                0x08009f4c       0x30 ./Middlewares/ST/STM32_USB_Device_Library/Core/Src/usbd_core.o
                0x08009f4c                USBD_LL_Resume
 .text.USBD_LL_SOF
                0x08009f7c       0x40 ./Middlewares/ST/STM32_USB_Device_Library/Core/Src/usbd_core.o
                0x08009f7c                USBD_LL_SOF
 .text.USBD_LL_IsoINIncomplete
                0x08009fbc       0x64 ./Middlewares/ST/STM32_USB_Device_Library/Core/Src/usbd_core.o
                0x08009fbc                USBD_LL_IsoINIncomplete
 .text.USBD_LL_IsoOUTIncomplete
                0x0800a020       0x64 ./Middlewares/ST/STM32_USB_Device_Library/Core/Src/usbd_core.o
                0x0800a020                USBD_LL_IsoOUTIncomplete
 .text.USBD_LL_DevConnected
                0x0800a084       0x16 ./Middlewares/ST/STM32_USB_Device_Library/Core/Src/usbd_core.o
                0x0800a084                USBD_LL_DevConnected
 .text.USBD_LL_DevDisconnected
                0x0800a09a       0x46 ./Middlewares/ST/STM32_USB_Device_Library/Core/Src/usbd_core.o
                0x0800a09a                USBD_LL_DevDisconnected
 .text.USBD_CoreFindIF
                0x0800a0e0       0x1a ./Middlewares/ST/STM32_USB_Device_Library/Core/Src/usbd_core.o
                0x0800a0e0                USBD_CoreFindIF
 .text.USBD_CoreFindEP
                0x0800a0fa       0x1a ./Middlewares/ST/STM32_USB_Device_Library/Core/Src/usbd_core.o
                0x0800a0fa                USBD_CoreFindEP
 .text.USBD_GetEpDesc
                0x0800a114       0x70 ./Middlewares/ST/STM32_USB_Device_Library/Core/Src/usbd_core.o
                0x0800a114                USBD_GetEpDesc
 .text.USBD_GetNextDesc
                0x0800a184       0x38 ./Middlewares/ST/STM32_USB_Device_Library/Core/Src/usbd_core.o
                0x0800a184                USBD_GetNextDesc
 .text.SWAPBYTE
                0x0800a1bc       0x3c ./Middlewares/ST/STM32_USB_Device_Library/Core/Src/usbd_ctlreq.o
 .text.USBD_StdDevReq
                0x0800a1f8       0xe4 ./Middlewares/ST/STM32_USB_Device_Library/Core/Src/usbd_ctlreq.o
                0x0800a1f8                USBD_StdDevReq
 .text.USBD_StdItfReq
                0x0800a2dc       0xd8 ./Middlewares/ST/STM32_USB_Device_Library/Core/Src/usbd_ctlreq.o
                0x0800a2dc                USBD_StdItfReq
 .text.USBD_StdEPReq
                0x0800a3b4      0x33e ./Middlewares/ST/STM32_USB_Device_Library/Core/Src/usbd_ctlreq.o
                0x0800a3b4                USBD_StdEPReq
 *fill*         0x0800a6f2        0x2 
 .text.USBD_GetDescriptor
                0x0800a6f4      0x2d4 ./Middlewares/ST/STM32_USB_Device_Library/Core/Src/usbd_ctlreq.o
 .text.USBD_SetAddress
                0x0800a9c8       0x88 ./Middlewares/ST/STM32_USB_Device_Library/Core/Src/usbd_ctlreq.o
 .text.USBD_SetConfig
                0x0800aa50      0x154 ./Middlewares/ST/STM32_USB_Device_Library/Core/Src/usbd_ctlreq.o
 .text.USBD_GetConfig
                0x0800aba4       0x6c ./Middlewares/ST/STM32_USB_Device_Library/Core/Src/usbd_ctlreq.o
 .text.USBD_GetStatus
                0x0800ac10       0x68 ./Middlewares/ST/STM32_USB_Device_Library/Core/Src/usbd_ctlreq.o
 .text.USBD_SetFeature
                0x0800ac78       0x52 ./Middlewares/ST/STM32_USB_Device_Library/Core/Src/usbd_ctlreq.o
 .text.USBD_ClrFeature
                0x0800acca       0x44 ./Middlewares/ST/STM32_USB_Device_Library/Core/Src/usbd_ctlreq.o
 .text.USBD_ParseSetupRequest
                0x0800ad0e       0x74 ./Middlewares/ST/STM32_USB_Device_Library/Core/Src/usbd_ctlreq.o
                0x0800ad0e                USBD_ParseSetupRequest
 .text.USBD_CtlError
                0x0800ad82       0x22 ./Middlewares/ST/STM32_USB_Device_Library/Core/Src/usbd_ctlreq.o
                0x0800ad82                USBD_CtlError
 .text.USBD_GetString
                0x0800ada4       0xa4 ./Middlewares/ST/STM32_USB_Device_Library/Core/Src/usbd_ctlreq.o
                0x0800ada4                USBD_GetString
 .text.USBD_GetLen
                0x0800ae48       0x34 ./Middlewares/ST/STM32_USB_Device_Library/Core/Src/usbd_ctlreq.o
 .text.USBD_CtlSendData
                0x0800ae7c       0x3c ./Middlewares/ST/STM32_USB_Device_Library/Core/Src/usbd_ioreq.o
                0x0800ae7c                USBD_CtlSendData
 .text.USBD_CtlContinueSendData
                0x0800aeb8       0x22 ./Middlewares/ST/STM32_USB_Device_Library/Core/Src/usbd_ioreq.o
                0x0800aeb8                USBD_CtlContinueSendData
 .text.USBD_CtlPrepareRx
                0x0800aeda       0x42 ./Middlewares/ST/STM32_USB_Device_Library/Core/Src/usbd_ioreq.o
                0x0800aeda                USBD_CtlPrepareRx
 .text.USBD_CtlContinueRx
                0x0800af1c       0x22 ./Middlewares/ST/STM32_USB_Device_Library/Core/Src/usbd_ioreq.o
                0x0800af1c                USBD_CtlContinueRx
 .text.USBD_CtlSendStatus
                0x0800af3e       0x26 ./Middlewares/ST/STM32_USB_Device_Library/Core/Src/usbd_ioreq.o
                0x0800af3e                USBD_CtlSendStatus
 .text.USBD_CtlReceiveStatus
                0x0800af64       0x26 ./Middlewares/ST/STM32_USB_Device_Library/Core/Src/usbd_ioreq.o
                0x0800af64                USBD_CtlReceiveStatus
 *fill*         0x0800af8a        0x2 
 .text.MX_USB_DEVICE_Init
                0x0800af8c       0x60 ./USB_DEVICE/App/usb_device.o
                0x0800af8c                MX_USB_DEVICE_Init
 .text.CDC_Init_FS
                0x0800afec       0x28 ./USB_DEVICE/App/usbd_cdc_if.o
 .text.CDC_DeInit_FS
                0x0800b014       0x10 ./USB_DEVICE/App/usbd_cdc_if.o
 .text.CDC_Control_FS
                0x0800b024       0xbc ./USB_DEVICE/App/usbd_cdc_if.o
 .text.CDC_Receive_FS
                0x0800b0e0       0x38 ./USB_DEVICE/App/usbd_cdc_if.o
 .text.CDC_Transmit_FS
                0x0800b118       0x4c ./USB_DEVICE/App/usbd_cdc_if.o
                0x0800b118                CDC_Transmit_FS
 .text.CDC_TransmitCplt_FS
                0x0800b164       0x22 ./USB_DEVICE/App/usbd_cdc_if.o
 *fill*         0x0800b186        0x2 
 .text.USBD_FS_DeviceDescriptor
                0x0800b188       0x24 ./USB_DEVICE/App/usbd_desc.o
                0x0800b188                USBD_FS_DeviceDescriptor
 .text.USBD_FS_LangIDStrDescriptor
                0x0800b1ac       0x24 ./USB_DEVICE/App/usbd_desc.o
                0x0800b1ac                USBD_FS_LangIDStrDescriptor
 .text.USBD_FS_ProductStrDescriptor
                0x0800b1d0       0x3c ./USB_DEVICE/App/usbd_desc.o
                0x0800b1d0                USBD_FS_ProductStrDescriptor
 .text.USBD_FS_ManufacturerStrDescriptor
                0x0800b20c       0x28 ./USB_DEVICE/App/usbd_desc.o
                0x0800b20c                USBD_FS_ManufacturerStrDescriptor
 .text.USBD_FS_SerialStrDescriptor
                0x0800b234       0x24 ./USB_DEVICE/App/usbd_desc.o
                0x0800b234                USBD_FS_SerialStrDescriptor
 .text.USBD_FS_ConfigStrDescriptor
                0x0800b258       0x3c ./USB_DEVICE/App/usbd_desc.o
                0x0800b258                USBD_FS_ConfigStrDescriptor
 .text.USBD_FS_InterfaceStrDescriptor
                0x0800b294       0x3c ./USB_DEVICE/App/usbd_desc.o
                0x0800b294                USBD_FS_InterfaceStrDescriptor
 .text.Get_SerialNum
                0x0800b2d0       0x58 ./USB_DEVICE/App/usbd_desc.o
 .text.IntToUnicode
                0x0800b328       0x7e ./USB_DEVICE/App/usbd_desc.o
 *fill*         0x0800b3a6        0x2 
 .text.HAL_PCD_MspInit
                0x0800b3a8       0xc4 ./USB_DEVICE/Target/usbd_conf.o
                0x0800b3a8                HAL_PCD_MspInit
 .text.HAL_PCD_SetupStageCallback
                0x0800b46c       0x24 ./USB_DEVICE/Target/usbd_conf.o
                0x0800b46c                HAL_PCD_SetupStageCallback
 .text.HAL_PCD_DataOutStageCallback
                0x0800b490       0x36 ./USB_DEVICE/Target/usbd_conf.o
                0x0800b490                HAL_PCD_DataOutStageCallback
 .text.HAL_PCD_DataInStageCallback
                0x0800b4c6       0x34 ./USB_DEVICE/Target/usbd_conf.o
                0x0800b4c6                HAL_PCD_DataInStageCallback
 .text.HAL_PCD_SOFCallback
                0x0800b4fa       0x1c ./USB_DEVICE/Target/usbd_conf.o
                0x0800b4fa                HAL_PCD_SOFCallback
 .text.HAL_PCD_ResetCallback
                0x0800b516       0x3c ./USB_DEVICE/Target/usbd_conf.o
                0x0800b516                HAL_PCD_ResetCallback
 *fill*         0x0800b552        0x2 
 .text.HAL_PCD_SuspendCallback
                0x0800b554       0x4c ./USB_DEVICE/Target/usbd_conf.o
                0x0800b554                HAL_PCD_SuspendCallback
 .text.HAL_PCD_ResumeCallback
                0x0800b5a0       0x1c ./USB_DEVICE/Target/usbd_conf.o
                0x0800b5a0                HAL_PCD_ResumeCallback
 .text.HAL_PCD_ISOOUTIncompleteCallback
                0x0800b5bc       0x24 ./USB_DEVICE/Target/usbd_conf.o
                0x0800b5bc                HAL_PCD_ISOOUTIncompleteCallback
 .text.HAL_PCD_ISOINIncompleteCallback
                0x0800b5e0       0x24 ./USB_DEVICE/Target/usbd_conf.o
                0x0800b5e0                HAL_PCD_ISOINIncompleteCallback
 .text.HAL_PCD_ConnectCallback
                0x0800b604       0x1c ./USB_DEVICE/Target/usbd_conf.o
                0x0800b604                HAL_PCD_ConnectCallback
 .text.HAL_PCD_DisconnectCallback
                0x0800b620       0x1c ./USB_DEVICE/Target/usbd_conf.o
                0x0800b620                HAL_PCD_DisconnectCallback
 .text.USBD_LL_Init
                0x0800b63c       0x98 ./USB_DEVICE/Target/usbd_conf.o
                0x0800b63c                USBD_LL_Init
 .text.USBD_LL_Start
                0x0800b6d4       0x36 ./USB_DEVICE/Target/usbd_conf.o
                0x0800b6d4                USBD_LL_Start
 .text.USBD_LL_OpenEP
                0x0800b70a       0x4c ./USB_DEVICE/Target/usbd_conf.o
                0x0800b70a                USBD_LL_OpenEP
 .text.USBD_LL_CloseEP
                0x0800b756       0x3e ./USB_DEVICE/Target/usbd_conf.o
                0x0800b756                USBD_LL_CloseEP
 .text.USBD_LL_StallEP
                0x0800b794       0x3e ./USB_DEVICE/Target/usbd_conf.o
                0x0800b794                USBD_LL_StallEP
 .text.USBD_LL_ClearStallEP
                0x0800b7d2       0x3e ./USB_DEVICE/Target/usbd_conf.o
                0x0800b7d2                USBD_LL_ClearStallEP
 .text.USBD_LL_IsStallEP
                0x0800b810       0x58 ./USB_DEVICE/Target/usbd_conf.o
                0x0800b810                USBD_LL_IsStallEP
 .text.USBD_LL_SetUSBAddress
                0x0800b868       0x3e ./USB_DEVICE/Target/usbd_conf.o
                0x0800b868                USBD_LL_SetUSBAddress
 .text.USBD_LL_Transmit
                0x0800b8a6       0x42 ./USB_DEVICE/Target/usbd_conf.o
                0x0800b8a6                USBD_LL_Transmit
 .text.USBD_LL_PrepareReceive
                0x0800b8e8       0x42 ./USB_DEVICE/Target/usbd_conf.o
                0x0800b8e8                USBD_LL_PrepareReceive
 .text.USBD_LL_GetRxDataSize
                0x0800b92a       0x26 ./USB_DEVICE/Target/usbd_conf.o
                0x0800b92a                USBD_LL_GetRxDataSize
 .text.USBD_static_malloc
                0x0800b950       0x1c ./USB_DEVICE/Target/usbd_conf.o
                0x0800b950                USBD_static_malloc
 .text.USBD_static_free
                0x0800b96c       0x14 ./USB_DEVICE/Target/usbd_conf.o
                0x0800b96c                USBD_static_free
 .text.USBD_Get_USB_Status
                0x0800b980       0x58 ./USB_DEVICE/Target/usbd_conf.o
                0x0800b980                USBD_Get_USB_Status
 .text._strtol_l.constprop.0
                0x0800b9d8       0xf4 C:/ST/STM32CubeIDE_1.17.0/STM32CubeIDE/plugins/com.st.stm32cube.ide.mcu.externaltools.gnu-tools-for-stm32.12.3.rel1.win32_1.1.0.202410251130/tools/bin/../lib/gcc/arm-none-eabi/12.3.1/../../../../arm-none-eabi/lib/thumb/v7e-m+fp/hard\libc_nano.a(libc_a-strtol.o)
 .text.strtol   0x0800bacc       0x14 C:/ST/STM32CubeIDE_1.17.0/STM32CubeIDE/plugins/com.st.stm32cube.ide.mcu.externaltools.gnu-tools-for-stm32.12.3.rel1.win32_1.1.0.202410251130/tools/bin/../lib/gcc/arm-none-eabi/12.3.1/../../../../arm-none-eabi/lib/thumb/v7e-m+fp/hard\libc_nano.a(libc_a-strtol.o)
                0x0800bacc                strtol
 .text.snprintf
                0x0800bae0       0x68 C:/ST/STM32CubeIDE_1.17.0/STM32CubeIDE/plugins/com.st.stm32cube.ide.mcu.externaltools.gnu-tools-for-stm32.12.3.rel1.win32_1.1.0.202410251130/tools/bin/../lib/gcc/arm-none-eabi/12.3.1/../../../../arm-none-eabi/lib/thumb/v7e-m+fp/hard\libc_nano.a(libc_a-snprintf.o)
                0x0800bae0                sniprintf
                0x0800bae0                snprintf
 .text.memset   0x0800bb48       0x10 C:/ST/STM32CubeIDE_1.17.0/STM32CubeIDE/plugins/com.st.stm32cube.ide.mcu.externaltools.gnu-tools-for-stm32.12.3.rel1.win32_1.1.0.202410251130/tools/bin/../lib/gcc/arm-none-eabi/12.3.1/../../../../arm-none-eabi/lib/thumb/v7e-m+fp/hard\libc_nano.a(libc_a-memset.o)
                0x0800bb48                memset
 .text.strchr   0x0800bb58       0x1a C:/ST/STM32CubeIDE_1.17.0/STM32CubeIDE/plugins/com.st.stm32cube.ide.mcu.externaltools.gnu-tools-for-stm32.12.3.rel1.win32_1.1.0.202410251130/tools/bin/../lib/gcc/arm-none-eabi/12.3.1/../../../../arm-none-eabi/lib/thumb/v7e-m+fp/hard\libc_nano.a(libc_a-strchr.o)
                0x0800bb58                strchr
 .text.strstr   0x0800bb72       0x2c C:/ST/STM32CubeIDE_1.17.0/STM32CubeIDE/plugins/com.st.stm32cube.ide.mcu.externaltools.gnu-tools-for-stm32.12.3.rel1.win32_1.1.0.202410251130/tools/bin/../lib/gcc/arm-none-eabi/12.3.1/../../../../arm-none-eabi/lib/thumb/v7e-m+fp/hard\libc_nano.a(libc_a-strstr.o)
                0x0800bb72                strstr
 *fill*         0x0800bb9e        0x2 
 .text.__errno  0x0800bba0        0xc C:/ST/STM32CubeIDE_1.17.0/STM32CubeIDE/plugins/com.st.stm32cube.ide.mcu.externaltools.gnu-tools-for-stm32.12.3.rel1.win32_1.1.0.202410251130/tools/bin/../lib/gcc/arm-none-eabi/12.3.1/../../../../arm-none-eabi/lib/thumb/v7e-m+fp/hard\libc_nano.a(libc_a-errno.o)
                0x0800bba0                __errno
 .text.__libc_init_array
                0x0800bbac       0x48 C:/ST/STM32CubeIDE_1.17.0/STM32CubeIDE/plugins/com.st.stm32cube.ide.mcu.externaltools.gnu-tools-for-stm32.12.3.rel1.win32_1.1.0.202410251130/tools/bin/../lib/gcc/arm-none-eabi/12.3.1/../../../../arm-none-eabi/lib/thumb/v7e-m+fp/hard\libc_nano.a(libc_a-init.o)
                0x0800bbac                __libc_init_array
 .text.__retarget_lock_acquire_recursive
                0x0800bbf4        0x2 C:/ST/STM32CubeIDE_1.17.0/STM32CubeIDE/plugins/com.st.stm32cube.ide.mcu.externaltools.gnu-tools-for-stm32.12.3.rel1.win32_1.1.0.202410251130/tools/bin/../lib/gcc/arm-none-eabi/12.3.1/../../../../arm-none-eabi/lib/thumb/v7e-m+fp/hard\libc_nano.a(libc_a-lock.o)
                0x0800bbf4                __retarget_lock_acquire_recursive
 .text.__retarget_lock_release_recursive
                0x0800bbf6        0x2 C:/ST/STM32CubeIDE_1.17.0/STM32CubeIDE/plugins/com.st.stm32cube.ide.mcu.externaltools.gnu-tools-for-stm32.12.3.rel1.win32_1.1.0.202410251130/tools/bin/../lib/gcc/arm-none-eabi/12.3.1/../../../../arm-none-eabi/lib/thumb/v7e-m+fp/hard\libc_nano.a(libc_a-lock.o)
                0x0800bbf6                __retarget_lock_release_recursive
 .text.strcpy   0x0800bbf8       0x10 C:/ST/STM32CubeIDE_1.17.0/STM32CubeIDE/plugins/com.st.stm32cube.ide.mcu.externaltools.gnu-tools-for-stm32.12.3.rel1.win32_1.1.0.202410251130/tools/bin/../lib/gcc/arm-none-eabi/12.3.1/../../../../arm-none-eabi/lib/thumb/v7e-m+fp/hard\libc_nano.a(libc_a-strcpy.o)
                0x0800bbf8                strcpy
 .text.memcpy   0x0800bc08       0x1c C:/ST/STM32CubeIDE_1.17.0/STM32CubeIDE/plugins/com.st.stm32cube.ide.mcu.externaltools.gnu-tools-for-stm32.12.3.rel1.win32_1.1.0.202410251130/tools/bin/../lib/gcc/arm-none-eabi/12.3.1/../../../../arm-none-eabi/lib/thumb/v7e-m+fp/hard\libc_nano.a(libc_a-memcpy-stub.o)
                0x0800bc08                memcpy
 .text._free_r  0x0800bc24       0x94 C:/ST/STM32CubeIDE_1.17.0/STM32CubeIDE/plugins/com.st.stm32cube.ide.mcu.externaltools.gnu-tools-for-stm32.12.3.rel1.win32_1.1.0.202410251130/tools/bin/../lib/gcc/arm-none-eabi/12.3.1/../../../../arm-none-eabi/lib/thumb/v7e-m+fp/hard\libc_nano.a(libc_a-freer.o)
                0x0800bc24                _free_r
 .text.sbrk_aligned
                0x0800bcb8       0x44 C:/ST/STM32CubeIDE_1.17.0/STM32CubeIDE/plugins/com.st.stm32cube.ide.mcu.externaltools.gnu-tools-for-stm32.12.3.rel1.win32_1.1.0.202410251130/tools/bin/../lib/gcc/arm-none-eabi/12.3.1/../../../../arm-none-eabi/lib/thumb/v7e-m+fp/hard\libc_nano.a(libc_a-mallocr.o)
 .text._malloc_r
                0x0800bcfc      0x100 C:/ST/STM32CubeIDE_1.17.0/STM32CubeIDE/plugins/com.st.stm32cube.ide.mcu.externaltools.gnu-tools-for-stm32.12.3.rel1.win32_1.1.0.202410251130/tools/bin/../lib/gcc/arm-none-eabi/12.3.1/../../../../arm-none-eabi/lib/thumb/v7e-m+fp/hard\libc_nano.a(libc_a-mallocr.o)
                0x0800bcfc                _malloc_r
 .text.__malloc_lock
                0x0800bdfc        0xc C:/ST/STM32CubeIDE_1.17.0/STM32CubeIDE/plugins/com.st.stm32cube.ide.mcu.externaltools.gnu-tools-for-stm32.12.3.rel1.win32_1.1.0.202410251130/tools/bin/../lib/gcc/arm-none-eabi/12.3.1/../../../../arm-none-eabi/lib/thumb/v7e-m+fp/hard\libc_nano.a(libc_a-mlock.o)
                0x0800bdfc                __malloc_lock
 .text.__malloc_unlock
                0x0800be08        0xc C:/ST/STM32CubeIDE_1.17.0/STM32CubeIDE/plugins/com.st.stm32cube.ide.mcu.externaltools.gnu-tools-for-stm32.12.3.rel1.win32_1.1.0.202410251130/tools/bin/../lib/gcc/arm-none-eabi/12.3.1/../../../../arm-none-eabi/lib/thumb/v7e-m+fp/hard\libc_nano.a(libc_a-mlock.o)
                0x0800be08                __malloc_unlock
 .text.__ssputs_r
                0x0800be14       0xb6 C:/ST/STM32CubeIDE_1.17.0/STM32CubeIDE/plugins/com.st.stm32cube.ide.mcu.externaltools.gnu-tools-for-stm32.12.3.rel1.win32_1.1.0.202410251130/tools/bin/../lib/gcc/arm-none-eabi/12.3.1/../../../../arm-none-eabi/lib/thumb/v7e-m+fp/hard\libc_nano.a(libc_a-nano-svfprintf.o)
                0x0800be14                __ssputs_r
 *fill*         0x0800beca        0x2 
 .text._svfprintf_r
                0x0800becc      0x1f8 C:/ST/STM32CubeIDE_1.17.0/STM32CubeIDE/plugins/com.st.stm32cube.ide.mcu.externaltools.gnu-tools-for-stm32.12.3.rel1.win32_1.1.0.202410251130/tools/bin/../lib/gcc/arm-none-eabi/12.3.1/../../../../arm-none-eabi/lib/thumb/v7e-m+fp/hard\libc_nano.a(libc_a-nano-svfprintf.o)
                0x0800becc                _svfiprintf_r
                0x0800becc                _svfprintf_r
 .text._printf_common
                0x0800c0c4       0xda C:/ST/STM32CubeIDE_1.17.0/STM32CubeIDE/plugins/com.st.stm32cube.ide.mcu.externaltools.gnu-tools-for-stm32.12.3.rel1.win32_1.1.0.202410251130/tools/bin/../lib/gcc/arm-none-eabi/12.3.1/../../../../arm-none-eabi/lib/thumb/v7e-m+fp/hard\libc_nano.a(libc_a-nano-vfprintf_i.o)
                0x0800c0c4                _printf_common
 *fill*         0x0800c19e        0x2 
 .text._printf_i
                0x0800c1a0      0x240 C:/ST/STM32CubeIDE_1.17.0/STM32CubeIDE/plugins/com.st.stm32cube.ide.mcu.externaltools.gnu-tools-for-stm32.12.3.rel1.win32_1.1.0.202410251130/tools/bin/../lib/gcc/arm-none-eabi/12.3.1/../../../../arm-none-eabi/lib/thumb/v7e-m+fp/hard\libc_nano.a(libc_a-nano-vfprintf_i.o)
                0x0800c1a0                _printf_i
 .text.memmove  0x0800c3e0       0x34 C:/ST/STM32CubeIDE_1.17.0/STM32CubeIDE/plugins/com.st.stm32cube.ide.mcu.externaltools.gnu-tools-for-stm32.12.3.rel1.win32_1.1.0.202410251130/tools/bin/../lib/gcc/arm-none-eabi/12.3.1/../../../../arm-none-eabi/lib/thumb/v7e-m+fp/hard\libc_nano.a(libc_a-memmove.o)
                0x0800c3e0                memmove
 .text._sbrk_r  0x0800c414       0x20 C:/ST/STM32CubeIDE_1.17.0/STM32CubeIDE/plugins/com.st.stm32cube.ide.mcu.externaltools.gnu-tools-for-stm32.12.3.rel1.win32_1.1.0.202410251130/tools/bin/../lib/gcc/arm-none-eabi/12.3.1/../../../../arm-none-eabi/lib/thumb/v7e-m+fp/hard\libc_nano.a(libc_a-sbrkr.o)
                0x0800c414                _sbrk_r
 .text._realloc_r
                0x0800c434       0x5c C:/ST/STM32CubeIDE_1.17.0/STM32CubeIDE/plugins/com.st.stm32cube.ide.mcu.externaltools.gnu-tools-for-stm32.12.3.rel1.win32_1.1.0.202410251130/tools/bin/../lib/gcc/arm-none-eabi/12.3.1/../../../../arm-none-eabi/lib/thumb/v7e-m+fp/hard\libc_nano.a(libc_a-reallocr.o)
                0x0800c434                _realloc_r
 .text._malloc_usable_size_r
                0x0800c490       0x10 C:/ST/STM32CubeIDE_1.17.0/STM32CubeIDE/plugins/com.st.stm32cube.ide.mcu.externaltools.gnu-tools-for-stm32.12.3.rel1.win32_1.1.0.202410251130/tools/bin/../lib/gcc/arm-none-eabi/12.3.1/../../../../arm-none-eabi/lib/thumb/v7e-m+fp/hard\libc_nano.a(libc_a-msizer.o)
                0x0800c490                _malloc_usable_size_r
 *(.glue_7)
 .glue_7        0x0800c4a0        0x0 linker stubs
 *(.glue_7t)
 .glue_7t       0x0800c4a0        0x0 linker stubs
 *(.eh_frame)
 .eh_frame      0x0800c4a0        0x0 C:/ST/STM32CubeIDE_1.17.0/STM32CubeIDE/plugins/com.st.stm32cube.ide.mcu.externaltools.gnu-tools-for-stm32.12.3.rel1.win32_1.1.0.202410251130/tools/bin/../lib/gcc/arm-none-eabi/12.3.1/thumb/v7e-m+fp/hard/crtbegin.o
 *(.init)
 .init          0x0800c4a0        0x4 C:/ST/STM32CubeIDE_1.17.0/STM32CubeIDE/plugins/com.st.stm32cube.ide.mcu.externaltools.gnu-tools-for-stm32.12.3.rel1.win32_1.1.0.202410251130/tools/bin/../lib/gcc/arm-none-eabi/12.3.1/thumb/v7e-m+fp/hard/crti.o
                0x0800c4a0                _init
 .init          0x0800c4a4        0x8 C:/ST/STM32CubeIDE_1.17.0/STM32CubeIDE/plugins/com.st.stm32cube.ide.mcu.externaltools.gnu-tools-for-stm32.12.3.rel1.win32_1.1.0.202410251130/tools/bin/../lib/gcc/arm-none-eabi/12.3.1/thumb/v7e-m+fp/hard/crtn.o
 *(.fini)
 .fini          0x0800c4ac        0x4 C:/ST/STM32CubeIDE_1.17.0/STM32CubeIDE/plugins/com.st.stm32cube.ide.mcu.externaltools.gnu-tools-for-stm32.12.3.rel1.win32_1.1.0.202410251130/tools/bin/../lib/gcc/arm-none-eabi/12.3.1/thumb/v7e-m+fp/hard/crti.o
                0x0800c4ac                _fini
 .fini          0x0800c4b0        0x8 C:/ST/STM32CubeIDE_1.17.0/STM32CubeIDE/plugins/com.st.stm32cube.ide.mcu.externaltools.gnu-tools-for-stm32.12.3.rel1.win32_1.1.0.202410251130/tools/bin/../lib/gcc/arm-none-eabi/12.3.1/thumb/v7e-m+fp/hard/crtn.o
                0x0800c4b8                        . = ALIGN (0x4)
                0x0800c4b8                        _etext = .

.vfp11_veneer   0x0800c4b8        0x0
 .vfp11_veneer  0x0800c4b8        0x0 linker stubs

.v4_bx          0x0800c4b8        0x0
 .v4_bx         0x0800c4b8        0x0 linker stubs

.iplt           0x0800c4b8        0x0
 .iplt          0x0800c4b8        0x0 C:/ST/STM32CubeIDE_1.17.0/STM32CubeIDE/plugins/com.st.stm32cube.ide.mcu.externaltools.gnu-tools-for-stm32.12.3.rel1.win32_1.1.0.202410251130/tools/bin/../lib/gcc/arm-none-eabi/12.3.1/thumb/v7e-m+fp/hard/crtbegin.o

.rodata         0x0800c4b8      0x50c
                0x0800c4b8                        . = ALIGN (0x4)
 *(.rodata)
 .rodata        0x0800c4b8      0x12f ./Core/Src/main.o
 *fill*         0x0800c5e7        0x1 
 .rodata        0x0800c5e8       0x46 ./USB_DEVICE/App/usbd_desc.o
 *(.rodata*)
 *fill*         0x0800c62e        0x2 
 .rodata.font   0x0800c630      0x240 ./Core/Src/ILI9341/ILI9341_GFX.o
 .rodata.AHBPrescTable
                0x0800c870       0x10 ./Core/Src/system_stm32f4xx.o
                0x0800c870                AHBPrescTable
 .rodata.APBPrescTable
                0x0800c880        0x8 ./Core/Src/system_stm32f4xx.o
                0x0800c880                APBPrescTable
 .rodata.flagBitshiftOffset.0
                0x0800c888        0x8 ./Drivers/STM32F4xx_HAL_Driver/Src/stm32f4xx_hal_dma.o
 .rodata._ctype_
                0x0800c890      0x101 C:/ST/STM32CubeIDE_1.17.0/STM32CubeIDE/plugins/com.st.stm32cube.ide.mcu.externaltools.gnu-tools-for-stm32.12.3.rel1.win32_1.1.0.202410251130/tools/bin/../lib/gcc/arm-none-eabi/12.3.1/../../../../arm-none-eabi/lib/thumb/v7e-m+fp/hard\libc_nano.a(libc_a-ctype_.o)
                0x0800c890                _ctype_
 .rodata._svfprintf_r.str1.1
                0x0800c991       0x11 C:/ST/STM32CubeIDE_1.17.0/STM32CubeIDE/plugins/com.st.stm32cube.ide.mcu.externaltools.gnu-tools-for-stm32.12.3.rel1.win32_1.1.0.202410251130/tools/bin/../lib/gcc/arm-none-eabi/12.3.1/../../../../arm-none-eabi/lib/thumb/v7e-m+fp/hard\libc_nano.a(libc_a-nano-svfprintf.o)
 .rodata._printf_i.str1.1
                0x0800c9a2       0x22 C:/ST/STM32CubeIDE_1.17.0/STM32CubeIDE/plugins/com.st.stm32cube.ide.mcu.externaltools.gnu-tools-for-stm32.12.3.rel1.win32_1.1.0.202410251130/tools/bin/../lib/gcc/arm-none-eabi/12.3.1/../../../../arm-none-eabi/lib/thumb/v7e-m+fp/hard\libc_nano.a(libc_a-nano-vfprintf_i.o)
                0x0800c9c4                        . = ALIGN (0x4)

.ARM.extab      0x0800c9c4        0x0
                0x0800c9c4                        . = ALIGN (0x4)
 *(.ARM.extab* .gnu.linkonce.armextab.*)
                0x0800c9c4                        . = ALIGN (0x4)

.ARM            0x0800c9c4        0x8
                0x0800c9c4                        . = ALIGN (0x4)
                0x0800c9c4                        __exidx_start = .
 *(.ARM.exidx*)
 .ARM.exidx     0x0800c9c4        0x8 C:/ST/STM32CubeIDE_1.17.0/STM32CubeIDE/plugins/com.st.stm32cube.ide.mcu.externaltools.gnu-tools-for-stm32.12.3.rel1.win32_1.1.0.202410251130/tools/bin/../lib/gcc/arm-none-eabi/12.3.1/../../../../arm-none-eabi/lib/thumb/v7e-m+fp/hard\libc_nano.a(libc_a-strcmp.o)
 .ARM.exidx     0x0800c9cc        0x0 C:/ST/STM32CubeIDE_1.17.0/STM32CubeIDE/plugins/com.st.stm32cube.ide.mcu.externaltools.gnu-tools-for-stm32.12.3.rel1.win32_1.1.0.202410251130/tools/bin/../lib/gcc/arm-none-eabi/12.3.1/../../../../arm-none-eabi/lib/thumb/v7e-m+fp/hard\libc_nano.a(libc_a-strlen.o)
                                  0x8 (size before relaxing)
 .ARM.exidx     0x0800c9cc        0x0 C:/ST/STM32CubeIDE_1.17.0/STM32CubeIDE/plugins/com.st.stm32cube.ide.mcu.externaltools.gnu-tools-for-stm32.12.3.rel1.win32_1.1.0.202410251130/tools/bin/../lib/gcc/arm-none-eabi/12.3.1/../../../../arm-none-eabi/lib/thumb/v7e-m+fp/hard\libc_nano.a(libc_a-memchr.o)
                                  0x8 (size before relaxing)
 .ARM.exidx     0x0800c9cc        0x0 C:/ST/STM32CubeIDE_1.17.0/STM32CubeIDE/plugins/com.st.stm32cube.ide.mcu.externaltools.gnu-tools-for-stm32.12.3.rel1.win32_1.1.0.202410251130/tools/bin/../lib/gcc/arm-none-eabi/12.3.1/thumb/v7e-m+fp/hard\libgcc.a(_udivmoddi4.o)
                                  0x8 (size before relaxing)
                0x0800c9cc                        __exidx_end = .
                0x0800c9cc                        . = ALIGN (0x4)

.preinit_array  0x0800c9cc        0x0
                0x0800c9cc                        . = ALIGN (0x4)
                0x0800c9cc                        PROVIDE (__preinit_array_start = .)
 *(.preinit_array*)
                0x0800c9cc                        PROVIDE (__preinit_array_end = .)
                0x0800c9cc                        . = ALIGN (0x4)

.init_array     0x0800c9cc        0x4
                0x0800c9cc                        . = ALIGN (0x4)
                0x0800c9cc                        PROVIDE (__init_array_start = .)
 *(SORT_BY_NAME(.init_array.*))
 *(.init_array*)
 .init_array    0x0800c9cc        0x4 C:/ST/STM32CubeIDE_1.17.0/STM32CubeIDE/plugins/com.st.stm32cube.ide.mcu.externaltools.gnu-tools-for-stm32.12.3.rel1.win32_1.1.0.202410251130/tools/bin/../lib/gcc/arm-none-eabi/12.3.1/thumb/v7e-m+fp/hard/crtbegin.o
                0x0800c9d0                        PROVIDE (__init_array_end = .)
                0x0800c9d0                        . = ALIGN (0x4)

.fini_array     0x0800c9d0        0x4
                0x0800c9d0                        . = ALIGN (0x4)
                [!provide]                        PROVIDE (__fini_array_start = .)
 *(SORT_BY_NAME(.fini_array.*))
 *(.fini_array*)
 .fini_array    0x0800c9d0        0x4 C:/ST/STM32CubeIDE_1.17.0/STM32CubeIDE/plugins/com.st.stm32cube.ide.mcu.externaltools.gnu-tools-for-stm32.12.3.rel1.win32_1.1.0.202410251130/tools/bin/../lib/gcc/arm-none-eabi/12.3.1/thumb/v7e-m+fp/hard/crtbegin.o
                [!provide]                        PROVIDE (__fini_array_end = .)
                0x0800c9d4                        . = ALIGN (0x4)
                0x0800c9d4                        _sidata = LOADADDR (.data)

.rel.dyn        0x0800c9d4        0x0
 .rel.iplt      0x0800c9d4        0x0 C:/ST/STM32CubeIDE_1.17.0/STM32CubeIDE/plugins/com.st.stm32cube.ide.mcu.externaltools.gnu-tools-for-stm32.12.3.rel1.win32_1.1.0.202410251130/tools/bin/../lib/gcc/arm-none-eabi/12.3.1/thumb/v7e-m+fp/hard/crtbegin.o

.data           0x20000000      0x158 load address 0x0800c9d4
                0x20000000                        . = ALIGN (0x4)
                0x20000000                        _sdata = .
 *(.data)
 *(.data*)
 .data.LCD_HEIGHT
                0x20000000        0x2 ./Core/Src/ILI9341/ILI9341_STM32_Driver.o
                0x20000000                LCD_HEIGHT
 .data.LCD_WIDTH
                0x20000002        0x2 ./Core/Src/ILI9341/ILI9341_STM32_Driver.o
                0x20000002                LCD_WIDTH
 .data.is_raw_on
                0x20000004        0x1 ./Core/Src/main.o
                0x20000004                is_raw_on
 .data.status_A_V
                0x20000005        0x1 ./Core/Src/main.o
                0x20000005                status_A_V
 .data.lon_stat
                0x20000006        0x1 ./Core/Src/main.o
                0x20000006                lon_stat
 .data.lat_stat
                0x20000007        0x1 ./Core/Src/main.o
                0x20000007                lat_stat
 .data.rng_state
                0x20000008        0x4 ./Core/Src/rng.o
 .data.SystemCoreClock
                0x2000000c        0x4 ./Core/Src/system_stm32f4xx.o
                0x2000000c                SystemCoreClock
 .data.uwTickPrio
                0x20000010        0x4 ./Drivers/STM32F4xx_HAL_Driver/Src/stm32f4xx_hal.o
                0x20000010                uwTickPrio
 .data.uwTickFreq
                0x20000014        0x1 ./Drivers/STM32F4xx_HAL_Driver/Src/stm32f4xx_hal.o
                0x20000014                uwTickFreq
 *fill*         0x20000015        0x3 
 .data.USBD_CDC_DeviceQualifierDesc
                0x20000018        0xa ./Middlewares/ST/STM32_USB_Device_Library/Class/CDC/Src/usbd_cdc.o
 *fill*         0x20000022        0x2 
 .data.USBD_CDC
                0x20000024       0x38 ./Middlewares/ST/STM32_USB_Device_Library/Class/CDC/Src/usbd_cdc.o
                0x20000024                USBD_CDC
 .data.USBD_CDC_CfgDesc
                0x2000005c       0x43 ./Middlewares/ST/STM32_USB_Device_Library/Class/CDC/Src/usbd_cdc.o
 .data.CDCInEpAdd
                0x2000009f        0x1 ./Middlewares/ST/STM32_USB_Device_Library/Class/CDC/Src/usbd_cdc.o
 .data.CDCOutEpAdd
                0x200000a0        0x1 ./Middlewares/ST/STM32_USB_Device_Library/Class/CDC/Src/usbd_cdc.o
 .data.CDCCmdEpAdd
                0x200000a1        0x1 ./Middlewares/ST/STM32_USB_Device_Library/Class/CDC/Src/usbd_cdc.o
 *fill*         0x200000a2        0x2 
 .data.USBD_Interface_fops_FS
                0x200000a4       0x14 ./USB_DEVICE/App/usbd_cdc_if.o
                0x200000a4                USBD_Interface_fops_FS
 .data.FS_Desc  0x200000b8       0x1c ./USB_DEVICE/App/usbd_desc.o
                0x200000b8                FS_Desc
 .data.USBD_FS_DeviceDesc
                0x200000d4       0x12 ./USB_DEVICE/App/usbd_desc.o
                0x200000d4                USBD_FS_DeviceDesc
 *fill*         0x200000e6        0x2 
 .data.USBD_LangIDDesc
                0x200000e8        0x4 ./USB_DEVICE/App/usbd_desc.o
                0x200000e8                USBD_LangIDDesc
 .data.USBD_StringSerial
                0x200000ec       0x1a ./USB_DEVICE/App/usbd_desc.o
                0x200000ec                USBD_StringSerial
 *fill*         0x20000106        0x2 
 .data._impure_ptr
                0x20000108        0x4 C:/ST/STM32CubeIDE_1.17.0/STM32CubeIDE/plugins/com.st.stm32cube.ide.mcu.externaltools.gnu-tools-for-stm32.12.3.rel1.win32_1.1.0.202410251130/tools/bin/../lib/gcc/arm-none-eabi/12.3.1/../../../../arm-none-eabi/lib/thumb/v7e-m+fp/hard\libc_nano.a(libc_a-impure.o)
                0x20000108                _impure_ptr
 .data._impure_data
                0x2000010c       0x4c C:/ST/STM32CubeIDE_1.17.0/STM32CubeIDE/plugins/com.st.stm32cube.ide.mcu.externaltools.gnu-tools-for-stm32.12.3.rel1.win32_1.1.0.202410251130/tools/bin/../lib/gcc/arm-none-eabi/12.3.1/../../../../arm-none-eabi/lib/thumb/v7e-m+fp/hard\libc_nano.a(libc_a-impure.o)
                0x2000010c                _impure_data
 *(.RamFunc)
 *(.RamFunc*)
                0x20000158                        . = ALIGN (0x4)
                0x20000158                        _edata = .

.igot.plt       0x20000158        0x0 load address 0x0800cb2c
 .igot.plt      0x20000158        0x0 C:/ST/STM32CubeIDE_1.17.0/STM32CubeIDE/plugins/com.st.stm32cube.ide.mcu.externaltools.gnu-tools-for-stm32.12.3.rel1.win32_1.1.0.202410251130/tools/bin/../lib/gcc/arm-none-eabi/12.3.1/thumb/v7e-m+fp/hard/crtbegin.o
                0x20000158                        . = ALIGN (0x4)

.bss            0x20000158     0x50dc load address 0x0800cb2c
                0x20000158                        _sbss = .
                0x20000158                        __bss_start__ = _sbss
 *(.bss)
 .bss           0x20000158       0x1c C:/ST/STM32CubeIDE_1.17.0/STM32CubeIDE/plugins/com.st.stm32cube.ide.mcu.externaltools.gnu-tools-for-stm32.12.3.rel1.win32_1.1.0.202410251130/tools/bin/../lib/gcc/arm-none-eabi/12.3.1/thumb/v7e-m+fp/hard/crtbegin.o
 *(.bss*)
 .bss.usb_term_buffer
                0x20000174      0x200 ./Core/Src/main.o
                0x20000174                usb_term_buffer
 .bss.usb_received_len
                0x20000374        0x4 ./Core/Src/main.o
                0x20000374                usb_received_len
 .bss.dma_rx_buffer
                0x20000378      0x200 ./Core/Src/main.o
                0x20000378                dma_rx_buffer
 .bss.data_size
                0x20000578        0x2 ./Core/Src/main.o
                0x20000578                data_size
 .bss.is_received_new_data
                0x2000057a        0x1 ./Core/Src/main.o
                0x2000057a                is_received_new_data
 *fill*         0x2000057b        0x1 
 .bss.utc       0x2000057c       0x10 ./Core/Src/main.o
                0x2000057c                utc
 .bss.year      0x2000058c       0x10 ./Core/Src/main.o
                0x2000058c                year
 .bss.lon       0x2000059c       0x10 ./Core/Src/main.o
                0x2000059c                lon
 .bss.lat       0x200005ac       0x10 ./Core/Src/main.o
                0x200005ac                lat
 .bss.uid       0x200005bc        0x4 ./Core/Src/main.o
                0x200005bc                uid
 .bss.hi2c1     0x200005c0       0x54 ./Core/Src/main.o
                0x200005c0                hi2c1
 .bss.hi2s2     0x20000614       0x48 ./Core/Src/main.o
                0x20000614                hi2s2
 .bss.hspi1     0x2000065c       0x58 ./Core/Src/main.o
                0x2000065c                hspi1
 .bss.huart2    0x200006b4       0x48 ./Core/Src/main.o
                0x200006b4                huart2
 .bss.hdma_usart2_rx
                0x200006fc       0x60 ./Core/Src/main.o
                0x200006fc                hdma_usart2_rx
 .bss.str_data  0x2000075c      0x201 ./Core/Src/main.o
                0x2000075c                str_data
 *fill*         0x2000095d        0x3 
 .bss.statistic
                0x20000960      0x10c ./Core/Src/main.o
                0x20000960                statistic
 *fill*         0x20000a6c        0x4 
 .bss.nmea      0x20000a70     0x2a90 ./Core/Src/main.o
                0x20000a70                nmea
 .bss.__sbrk_heap_end
                0x20003500        0x4 ./Core/Src/sysmem.o
 .bss.uwTick    0x20003504        0x4 ./Drivers/STM32F4xx_HAL_Driver/Src/stm32f4xx_hal.o
                0x20003504                uwTick
 .bss.cfgidx.0  0x20003508        0x1 ./Middlewares/ST/STM32_USB_Device_Library/Core/Src/usbd_ctlreq.o
 *fill*         0x20003509        0x3 
 .bss.hUsbDeviceFS
                0x2000350c      0x2dc ./USB_DEVICE/App/usb_device.o
                0x2000350c                hUsbDeviceFS
 .bss.UserRxBufferFS
                0x200037e8      0x800 ./USB_DEVICE/App/usbd_cdc_if.o
                0x200037e8                UserRxBufferFS
 .bss.UserTxBufferFS
                0x20003fe8      0x800 ./USB_DEVICE/App/usbd_cdc_if.o
                0x20003fe8                UserTxBufferFS
 .bss.USBD_StrDesc
                0x200047e8      0x200 ./USB_DEVICE/App/usbd_desc.o
                0x200047e8                USBD_StrDesc
 .bss.hpcd_USB_OTG_FS
                0x200049e8      0x4e4 ./USB_DEVICE/Target/usbd_conf.o
                0x200049e8                hpcd_USB_OTG_FS
 .bss.mem.0     0x20004ecc      0x220 ./USB_DEVICE/Target/usbd_conf.o
 .bss.__sf      0x200050ec      0x138 C:/ST/STM32CubeIDE_1.17.0/STM32CubeIDE/plugins/com.st.stm32cube.ide.mcu.externaltools.gnu-tools-for-stm32.12.3.rel1.win32_1.1.0.202410251130/tools/bin/../lib/gcc/arm-none-eabi/12.3.1/../../../../arm-none-eabi/lib/thumb/v7e-m+fp/hard\libc_nano.a(libc_a-findfp.o)
                0x200050ec                __sf
 .bss.errno     0x20005224        0x4 C:/ST/STM32CubeIDE_1.17.0/STM32CubeIDE/plugins/com.st.stm32cube.ide.mcu.externaltools.gnu-tools-for-stm32.12.3.rel1.win32_1.1.0.202410251130/tools/bin/../lib/gcc/arm-none-eabi/12.3.1/../../../../arm-none-eabi/lib/thumb/v7e-m+fp/hard\libc_nano.a(libc_a-reent.o)
                0x20005224                errno
 .bss.__lock___malloc_recursive_mutex
                0x20005228        0x1 C:/ST/STM32CubeIDE_1.17.0/STM32CubeIDE/plugins/com.st.stm32cube.ide.mcu.externaltools.gnu-tools-for-stm32.12.3.rel1.win32_1.1.0.202410251130/tools/bin/../lib/gcc/arm-none-eabi/12.3.1/../../../../arm-none-eabi/lib/thumb/v7e-m+fp/hard\libc_nano.a(libc_a-lock.o)
                0x20005228                __lock___malloc_recursive_mutex
 *fill*         0x20005229        0x3 
 .bss.__malloc_sbrk_start
                0x2000522c        0x4 C:/ST/STM32CubeIDE_1.17.0/STM32CubeIDE/plugins/com.st.stm32cube.ide.mcu.externaltools.gnu-tools-for-stm32.12.3.rel1.win32_1.1.0.202410251130/tools/bin/../lib/gcc/arm-none-eabi/12.3.1/../../../../arm-none-eabi/lib/thumb/v7e-m+fp/hard\libc_nano.a(libc_a-mallocr.o)
                0x2000522c                __malloc_sbrk_start
 .bss.__malloc_free_list
                0x20005230        0x4 C:/ST/STM32CubeIDE_1.17.0/STM32CubeIDE/plugins/com.st.stm32cube.ide.mcu.externaltools.gnu-tools-for-stm32.12.3.rel1.win32_1.1.0.202410251130/tools/bin/../lib/gcc/arm-none-eabi/12.3.1/../../../../arm-none-eabi/lib/thumb/v7e-m+fp/hard\libc_nano.a(libc_a-mallocr.o)
                0x20005230                __malloc_free_list
 *(COMMON)
                0x20005234                        . = ALIGN (0x4)
                0x20005234                        _ebss = .
                0x20005234                        __bss_end__ = _ebss

._user_heap_stack
                0x20005234      0x604 load address 0x0800cb2c
                0x20005238                        . = ALIGN (0x8)
 *fill*         0x20005234        0x4 
                [!provide]                        PROVIDE (end = .)
                0x20005238                        PROVIDE (_end = .)
                0x20005438                        . = (. + _Min_Heap_Size)
 *fill*         0x20005238      0x200 
                0x20005838                        . = (. + _Min_Stack_Size)
 *fill*         0x20005438      0x400 
                0x20005838                        . = ALIGN (0x8)

/DISCARD/
 libc.a(*)
 libm.a(*)
 libgcc.a(*)

.ARM.attributes
                0x00000000       0x30
 *(.ARM.attributes)
 .ARM.attributes
                0x00000000       0x22 C:/ST/STM32CubeIDE_1.17.0/STM32CubeIDE/plugins/com.st.stm32cube.ide.mcu.externaltools.gnu-tools-for-stm32.12.3.rel1.win32_1.1.0.202410251130/tools/bin/../lib/gcc/arm-none-eabi/12.3.1/thumb/v7e-m+fp/hard/crti.o
 .ARM.attributes
                0x00000022       0x34 C:/ST/STM32CubeIDE_1.17.0/STM32CubeIDE/plugins/com.st.stm32cube.ide.mcu.externaltools.gnu-tools-for-stm32.12.3.rel1.win32_1.1.0.202410251130/tools/bin/../lib/gcc/arm-none-eabi/12.3.1/thumb/v7e-m+fp/hard/crtbegin.o
 .ARM.attributes
                0x00000056       0x34 ./Core/Src/ILI9341/ILI9341_GFX.o
 .ARM.attributes
                0x0000008a       0x34 ./Core/Src/ILI9341/ILI9341_STM32_Driver.o
 .ARM.attributes
                0x000000be       0x34 ./Core/Src/main.o
 .ARM.attributes
                0x000000f2       0x34 ./Core/Src/rng.o
 .ARM.attributes
                0x00000126       0x34 ./Core/Src/stm32f4xx_hal_msp.o
 .ARM.attributes
                0x0000015a       0x34 ./Core/Src/stm32f4xx_it.o
 .ARM.attributes
                0x0000018e       0x34 ./Core/Src/sysmem.o
 .ARM.attributes
                0x000001c2       0x34 ./Core/Src/system_stm32f4xx.o
 .ARM.attributes
                0x000001f6       0x21 ./Core/Startup/startup_stm32f411vetx.o
 .ARM.attributes
                0x00000217       0x34 ./Drivers/STM32F4xx_HAL_Driver/Src/stm32f4xx_hal.o
 .ARM.attributes
                0x0000024b       0x34 ./Drivers/STM32F4xx_HAL_Driver/Src/stm32f4xx_hal_cortex.o
 .ARM.attributes
                0x0000027f       0x34 ./Drivers/STM32F4xx_HAL_Driver/Src/stm32f4xx_hal_dma.o
 .ARM.attributes
                0x000002b3       0x34 ./Drivers/STM32F4xx_HAL_Driver/Src/stm32f4xx_hal_gpio.o
 .ARM.attributes
                0x000002e7       0x34 ./Drivers/STM32F4xx_HAL_Driver/Src/stm32f4xx_hal_i2c.o
 .ARM.attributes
                0x0000031b       0x34 ./Drivers/STM32F4xx_HAL_Driver/Src/stm32f4xx_hal_i2s.o
 .ARM.attributes
                0x0000034f       0x34 ./Drivers/STM32F4xx_HAL_Driver/Src/stm32f4xx_hal_i2s_ex.o
 .ARM.attributes
                0x00000383       0x34 ./Drivers/STM32F4xx_HAL_Driver/Src/stm32f4xx_hal_pcd.o
 .ARM.attributes
                0x000003b7       0x34 ./Drivers/STM32F4xx_HAL_Driver/Src/stm32f4xx_hal_pcd_ex.o
 .ARM.attributes
                0x000003eb       0x34 ./Drivers/STM32F4xx_HAL_Driver/Src/stm32f4xx_hal_rcc.o
 .ARM.attributes
                0x0000041f       0x34 ./Drivers/STM32F4xx_HAL_Driver/Src/stm32f4xx_hal_rcc_ex.o
 .ARM.attributes
                0x00000453       0x34 ./Drivers/STM32F4xx_HAL_Driver/Src/stm32f4xx_hal_spi.o
 .ARM.attributes
                0x00000487       0x34 ./Drivers/STM32F4xx_HAL_Driver/Src/stm32f4xx_hal_uart.o
 .ARM.attributes
                0x000004bb       0x34 ./Drivers/STM32F4xx_HAL_Driver/Src/stm32f4xx_ll_usb.o
 .ARM.attributes
                0x000004ef       0x34 ./Middlewares/ST/STM32_USB_Device_Library/Class/CDC/Src/usbd_cdc.o
 .ARM.attributes
                0x00000523       0x34 ./Middlewares/ST/STM32_USB_Device_Library/Core/Src/usbd_core.o
 .ARM.attributes
                0x00000557       0x34 ./Middlewares/ST/STM32_USB_Device_Library/Core/Src/usbd_ctlreq.o
 .ARM.attributes
                0x0000058b       0x34 ./Middlewares/ST/STM32_USB_Device_Library/Core/Src/usbd_ioreq.o
 .ARM.attributes
                0x000005bf       0x34 ./USB_DEVICE/App/usb_device.o
 .ARM.attributes
                0x000005f3       0x34 ./USB_DEVICE/App/usbd_cdc_if.o
 .ARM.attributes
                0x00000627       0x34 ./USB_DEVICE/App/usbd_desc.o
 .ARM.attributes
                0x0000065b       0x34 ./USB_DEVICE/Target/usbd_conf.o
 .ARM.attributes
                0x0000068f       0x34 C:/ST/STM32CubeIDE_1.17.0/STM32CubeIDE/plugins/com.st.stm32cube.ide.mcu.externaltools.gnu-tools-for-stm32.12.3.rel1.win32_1.1.0.202410251130/tools/bin/../lib/gcc/arm-none-eabi/12.3.1/../../../../arm-none-eabi/lib/thumb/v7e-m+fp/hard\libc_nano.a(libc_a-strtol.o)
 .ARM.attributes
                0x000006c3       0x34 C:/ST/STM32CubeIDE_1.17.0/STM32CubeIDE/plugins/com.st.stm32cube.ide.mcu.externaltools.gnu-tools-for-stm32.12.3.rel1.win32_1.1.0.202410251130/tools/bin/../lib/gcc/arm-none-eabi/12.3.1/../../../../arm-none-eabi/lib/thumb/v7e-m+fp/hard\libc_nano.a(libc_a-ctype_.o)
 .ARM.attributes
                0x000006f7       0x34 C:/ST/STM32CubeIDE_1.17.0/STM32CubeIDE/plugins/com.st.stm32cube.ide.mcu.externaltools.gnu-tools-for-stm32.12.3.rel1.win32_1.1.0.202410251130/tools/bin/../lib/gcc/arm-none-eabi/12.3.1/../../../../arm-none-eabi/lib/thumb/v7e-m+fp/hard\libc_nano.a(libc_a-findfp.o)
 .ARM.attributes
                0x0000072b       0x34 C:/ST/STM32CubeIDE_1.17.0/STM32CubeIDE/plugins/com.st.stm32cube.ide.mcu.externaltools.gnu-tools-for-stm32.12.3.rel1.win32_1.1.0.202410251130/tools/bin/../lib/gcc/arm-none-eabi/12.3.1/../../../../arm-none-eabi/lib/thumb/v7e-m+fp/hard\libc_nano.a(libc_a-snprintf.o)
 .ARM.attributes
                0x0000075f       0x34 C:/ST/STM32CubeIDE_1.17.0/STM32CubeIDE/plugins/com.st.stm32cube.ide.mcu.externaltools.gnu-tools-for-stm32.12.3.rel1.win32_1.1.0.202410251130/tools/bin/../lib/gcc/arm-none-eabi/12.3.1/../../../../arm-none-eabi/lib/thumb/v7e-m+fp/hard\libc_nano.a(libc_a-memset.o)
 .ARM.attributes
                0x00000793       0x34 C:/ST/STM32CubeIDE_1.17.0/STM32CubeIDE/plugins/com.st.stm32cube.ide.mcu.externaltools.gnu-tools-for-stm32.12.3.rel1.win32_1.1.0.202410251130/tools/bin/../lib/gcc/arm-none-eabi/12.3.1/../../../../arm-none-eabi/lib/thumb/v7e-m+fp/hard\libc_nano.a(libc_a-strchr.o)
 .ARM.attributes
                0x000007c7       0x34 C:/ST/STM32CubeIDE_1.17.0/STM32CubeIDE/plugins/com.st.stm32cube.ide.mcu.externaltools.gnu-tools-for-stm32.12.3.rel1.win32_1.1.0.202410251130/tools/bin/../lib/gcc/arm-none-eabi/12.3.1/../../../../arm-none-eabi/lib/thumb/v7e-m+fp/hard\libc_nano.a(libc_a-strstr.o)
 .ARM.attributes
                0x000007fb       0x34 C:/ST/STM32CubeIDE_1.17.0/STM32CubeIDE/plugins/com.st.stm32cube.ide.mcu.externaltools.gnu-tools-for-stm32.12.3.rel1.win32_1.1.0.202410251130/tools/bin/../lib/gcc/arm-none-eabi/12.3.1/../../../../arm-none-eabi/lib/thumb/v7e-m+fp/hard\libc_nano.a(libc_a-reent.o)
 .ARM.attributes
                0x0000082f       0x34 C:/ST/STM32CubeIDE_1.17.0/STM32CubeIDE/plugins/com.st.stm32cube.ide.mcu.externaltools.gnu-tools-for-stm32.12.3.rel1.win32_1.1.0.202410251130/tools/bin/../lib/gcc/arm-none-eabi/12.3.1/../../../../arm-none-eabi/lib/thumb/v7e-m+fp/hard\libc_nano.a(libc_a-impure.o)
 .ARM.attributes
                0x00000863       0x34 C:/ST/STM32CubeIDE_1.17.0/STM32CubeIDE/plugins/com.st.stm32cube.ide.mcu.externaltools.gnu-tools-for-stm32.12.3.rel1.win32_1.1.0.202410251130/tools/bin/../lib/gcc/arm-none-eabi/12.3.1/../../../../arm-none-eabi/lib/thumb/v7e-m+fp/hard\libc_nano.a(libc_a-errno.o)
 .ARM.attributes
                0x00000897       0x34 C:/ST/STM32CubeIDE_1.17.0/STM32CubeIDE/plugins/com.st.stm32cube.ide.mcu.externaltools.gnu-tools-for-stm32.12.3.rel1.win32_1.1.0.202410251130/tools/bin/../lib/gcc/arm-none-eabi/12.3.1/../../../../arm-none-eabi/lib/thumb/v7e-m+fp/hard\libc_nano.a(libc_a-init.o)
 .ARM.attributes
                0x000008cb       0x34 C:/ST/STM32CubeIDE_1.17.0/STM32CubeIDE/plugins/com.st.stm32cube.ide.mcu.externaltools.gnu-tools-for-stm32.12.3.rel1.win32_1.1.0.202410251130/tools/bin/../lib/gcc/arm-none-eabi/12.3.1/../../../../arm-none-eabi/lib/thumb/v7e-m+fp/hard\libc_nano.a(libc_a-lock.o)
 .ARM.attributes
                0x000008ff       0x20 C:/ST/STM32CubeIDE_1.17.0/STM32CubeIDE/plugins/com.st.stm32cube.ide.mcu.externaltools.gnu-tools-for-stm32.12.3.rel1.win32_1.1.0.202410251130/tools/bin/../lib/gcc/arm-none-eabi/12.3.1/../../../../arm-none-eabi/lib/thumb/v7e-m+fp/hard\libc_nano.a(libc_a-strcmp.o)
 .ARM.attributes
                0x0000091f       0x34 C:/ST/STM32CubeIDE_1.17.0/STM32CubeIDE/plugins/com.st.stm32cube.ide.mcu.externaltools.gnu-tools-for-stm32.12.3.rel1.win32_1.1.0.202410251130/tools/bin/../lib/gcc/arm-none-eabi/12.3.1/../../../../arm-none-eabi/lib/thumb/v7e-m+fp/hard\libc_nano.a(libc_a-strcpy.o)
 .ARM.attributes
                0x00000953       0x34 C:/ST/STM32CubeIDE_1.17.0/STM32CubeIDE/plugins/com.st.stm32cube.ide.mcu.externaltools.gnu-tools-for-stm32.12.3.rel1.win32_1.1.0.202410251130/tools/bin/../lib/gcc/arm-none-eabi/12.3.1/../../../../arm-none-eabi/lib/thumb/v7e-m+fp/hard\libc_nano.a(libc_a-memcpy-stub.o)
 .ARM.attributes
                0x00000987       0x17 C:/ST/STM32CubeIDE_1.17.0/STM32CubeIDE/plugins/com.st.stm32cube.ide.mcu.externaltools.gnu-tools-for-stm32.12.3.rel1.win32_1.1.0.202410251130/tools/bin/../lib/gcc/arm-none-eabi/12.3.1/../../../../arm-none-eabi/lib/thumb/v7e-m+fp/hard\libc_nano.a(libc_a-strlen.o)
 .ARM.attributes
                0x0000099e       0x34 C:/ST/STM32CubeIDE_1.17.0/STM32CubeIDE/plugins/com.st.stm32cube.ide.mcu.externaltools.gnu-tools-for-stm32.12.3.rel1.win32_1.1.0.202410251130/tools/bin/../lib/gcc/arm-none-eabi/12.3.1/../../../../arm-none-eabi/lib/thumb/v7e-m+fp/hard\libc_nano.a(libc_a-freer.o)
 .ARM.attributes
                0x000009d2       0x34 C:/ST/STM32CubeIDE_1.17.0/STM32CubeIDE/plugins/com.st.stm32cube.ide.mcu.externaltools.gnu-tools-for-stm32.12.3.rel1.win32_1.1.0.202410251130/tools/bin/../lib/gcc/arm-none-eabi/12.3.1/../../../../arm-none-eabi/lib/thumb/v7e-m+fp/hard\libc_nano.a(libc_a-mallocr.o)
 .ARM.attributes