../Core/Src/ILI9341/ILI9341_STM32_Driver.c:7:6:ILI9341_SPI_Init	8	static
../Core/Src/ILI9341/ILI9341_STM32_Driver.c:15:6:ILI9341_SPI_Send	16	static
../Core/Src/ILI9341/ILI9341_STM32_Driver.c:21:6:ILI9341_Write_Command	16	static
../Core/Src/ILI9341/ILI9341_STM32_Driver.c:30:6:ILI9341_Write_Data	16	static
../Core/Src/ILI9341/ILI9341_STM32_Driver.c:39:6:ILI9341_Set_Address	24	static
../Core/Src/ILI9341/ILI9341_STM32_Driver.c:57:6:ILI9341_Reset	8	static
../Core/Src/ILI9341/ILI9341_STM32_Driver.c:67:6:ILI9341_Set_Rotation	24	static
../Core/Src/ILI9341/ILI9341_STM32_Driver.c:103:6:ILI9341_Enable	8	static
../Core/Src/ILI9341/ILI9341_STM32_Driver.c:109:6:ILI9341_Init	8	static
../Core/Src/ILI9341/ILI9341_STM32_Driver.c:245:6:ILI9341_Draw_Colour	24	static
../Core/Src/ILI9341/ILI9341_STM32_Driver.c:255:6:ILI9341_Draw_Colour_Burst	80	dynamic
../Core/Src/ILI9341/ILI9341_STM32_Driver.c:298:6:ILI9341_Fill_Screen	16	static
../Core/Src/ILI9341/ILI9341_STM32_Driver.c:305:6:ILI9341_Draw_Pixel	32	static
../Core/Src/ILI9341/ILI9341_STM32_Driver.c:345:6:ILI9341_Draw_Rectangle	24	static
../Core/Src/ILI9341/ILI9341_STM32_Driver.c:361:6:ILI9341_Draw_Horizontal_Line	24	static
../Core/Src/ILI9341/ILI9341_STM32_Driver.c:373:6:ILI9341_Draw_Vertical_Line	24	static
