../Core/Src/main.c:35:6:DWT_Init	4	static
../Core/Src/main.c:132:6:STAT_AddRecord	16	static
../Core/Src/main.c:173:6:GetDataFromNMEA	168	static
../Core/Src/main.c:236:13:CheckSentenceCrc	24	static
../Core/Src/main.c:261:6:NMEA_AddtoQueue	32	static
../Core/Src/main.c:281:18:NMEA_ReadFromQueue	16	static
../Core/Src/main.c:303:6:ParseGpsData	32	static
../Core/Src/main.c:334:6:HAL_UARTEx_RxEventCallback	16	static
../Core/Src/main.c:348:6:HAL_UART_ErrorCallback	16	static
../Core/Src/main.c:379:6:LCD_Init	280	static
../Core/Src/main.c:398:6:LCD_Update	280	static
../Core/Src/main.c:429:5:main	424	static,ignoring_inline_asm
../Core/Src/main.c:551:6:SystemClock_Config	88	static
../Core/Src/main.c:597:13:MX_I2C1_Init	8	static
../Core/Src/main.c:631:13:MX_I2S2_Init	8	static
../Core/Src/main.c:665:6:MX_SPI1_Init	8	static
../Core/Src/main.c:703:13:MX_USART2_UART_Init	8	static
../Core/Src/main.c:734:13:MX_DMA_Init	16	static
../Core/Src/main.c:752:6:MX_GPIO_Init	56	static
../Core/Src/main.c:847:6:Error_Handler	4	static,ignoring_inline_asm
